Component: ARM Compiler 5.06 update 6 (build 750) Tool: armlink [4d35ed]

==============================================================================

Section Cross References

    startup_stm32f103xe.o(STACK) refers (Special) to heapauxi.o(.text) for __use_two_region_memory
    startup_stm32f103xe.o(HEAP) refers (Special) to heapauxi.o(.text) for __use_two_region_memory
    startup_stm32f103xe.o(RESET) refers (Special) to heapauxi.o(.text) for __use_two_region_memory
    startup_stm32f103xe.o(RESET) refers to startup_stm32f103xe.o(STACK) for __initial_sp
    startup_stm32f103xe.o(RESET) refers to startup_stm32f103xe.o(.text) for Reset_Handler
    startup_stm32f103xe.o(RESET) refers to stm32f1xx_it.o(i.NMI_Handler) for NMI_Handler
    startup_stm32f103xe.o(RESET) refers to stm32f1xx_it.o(i.HardFault_Handler) for HardFault_Handler
    startup_stm32f103xe.o(RESET) refers to stm32f1xx_it.o(i.MemManage_Handler) for MemManage_Handler
    startup_stm32f103xe.o(RESET) refers to stm32f1xx_it.o(i.BusFault_Handler) for BusFault_Handler
    startup_stm32f103xe.o(RESET) refers to stm32f1xx_it.o(i.UsageFault_Handler) for UsageFault_Handler
    startup_stm32f103xe.o(RESET) refers to stm32f1xx_it.o(i.SVC_Handler) for SVC_Handler
    startup_stm32f103xe.o(RESET) refers to stm32f1xx_it.o(i.DebugMon_Handler) for DebugMon_Handler
    startup_stm32f103xe.o(RESET) refers to context_rvds.o(.text) for PendSV_Handler
    startup_stm32f103xe.o(RESET) refers to stm32f1xx_it.o(i.SysTick_Handler) for SysTick_Handler
    startup_stm32f103xe.o(RESET) refers to usart.o(i.USART1_IRQHandler) for USART1_IRQHandler
    startup_stm32f103xe.o(.text) refers (Special) to heapauxi.o(.text) for __use_two_region_memory
    startup_stm32f103xe.o(.text) refers to system_stm32f1xx.o(i.SystemInit) for SystemInit
    startup_stm32f103xe.o(.text) refers to __main.o(!!!main) for __main
    startup_stm32f103xe.o(.text) refers to startup_stm32f103xe.o(HEAP) for Heap_Mem
    startup_stm32f103xe.o(.text) refers to startup_stm32f103xe.o(STACK) for Stack_Mem
    main.o(i.flag1_thread_entry) refers to main.o(i.rt_delay) for rt_delay
    main.o(i.flag1_thread_entry) refers to scheduler.o(i.rt_schedule) for rt_schedule
    main.o(i.flag1_thread_entry) refers to main.o(.data) for flag1
    main.o(i.flag2_thread_entry) refers to main.o(i.rt_delay) for rt_delay
    main.o(i.flag2_thread_entry) refers to scheduler.o(i.rt_schedule) for rt_schedule
    main.o(i.flag2_thread_entry) refers to main.o(.data) for flag2
    main.o(i.main) refers to scheduler.o(i.rt_system_scheduler_init) for rt_system_scheduler_init
    main.o(i.main) refers to thread.o(i.rt_thread_init) for rt_thread_init
    main.o(i.main) refers to main.o(i.rt_list_insert_before) for rt_list_insert_before
    main.o(i.main) refers to scheduler.o(i.rt_system_scheduler_start) for rt_system_scheduler_start
    main.o(i.main) refers to main.o(.bss) for rt_flag1_thread_stack
    main.o(i.main) refers to main.o(i.flag1_thread_entry) for flag1_thread_entry
    main.o(i.main) refers to scheduler.o(.bss) for rt_thread_priority_table
    main.o(i.main) refers to main.o(i.flag2_thread_entry) for flag2_thread_entry
    system_stm32f1xx.o(i.SystemCoreClockUpdate) refers to system_stm32f1xx.o(.data) for SystemCoreClock
    system_stm32f1xx.o(i.SystemCoreClockUpdate) refers to system_stm32f1xx.o(.constdata) for AHBPrescTable
    stm32f1xx_it.o(i.SysTick_Handler) refers to stm32f1xx_hal.o(i.HAL_IncTick) for HAL_IncTick
    delay.o(i.HAL_Delay) refers to delay.o(i.delay_ms) for delay_ms
    delay.o(i.delay_init) refers to delay.o(.data) for g_fac_us
    delay.o(i.delay_ms) refers to delay.o(i.delay_us) for delay_us
    delay.o(i.delay_us) refers to delay.o(.data) for g_fac_us
    sys.o(i.sys_stm32_clock_init) refers to rt_memclr_w.o(.text) for __aeabi_memclr4
    sys.o(i.sys_stm32_clock_init) refers to stm32f1xx_hal_rcc.o(i.HAL_RCC_OscConfig) for HAL_RCC_OscConfig
    sys.o(i.sys_stm32_clock_init) refers to stm32f1xx_hal_rcc.o(i.HAL_RCC_ClockConfig) for HAL_RCC_ClockConfig
    usart.o(.rev16_text) refers (Special) to use_no_semi_2.o(.text) for __use_no_semihosting
    usart.o(.revsh_text) refers (Special) to use_no_semi_2.o(.text) for __use_no_semihosting
    usart.o(.rrx_text) refers (Special) to use_no_semi_2.o(.text) for __use_no_semihosting
    usart.o(i.HAL_UART_MspInit) refers (Special) to use_no_semi_2.o(.text) for __use_no_semihosting
    usart.o(i.HAL_UART_MspInit) refers to stm32f1xx_hal_gpio.o(i.HAL_GPIO_Init) for HAL_GPIO_Init
    usart.o(i.HAL_UART_MspInit) refers to stm32f1xx_hal_cortex.o(i.HAL_NVIC_EnableIRQ) for HAL_NVIC_EnableIRQ
    usart.o(i.HAL_UART_MspInit) refers to stm32f1xx_hal_cortex.o(i.HAL_NVIC_SetPriority) for HAL_NVIC_SetPriority
    usart.o(i.HAL_UART_RxCpltCallback) refers (Special) to use_no_semi_2.o(.text) for __use_no_semihosting
    usart.o(i.HAL_UART_RxCpltCallback) refers to stm32f1xx_hal_uart.o(i.HAL_UART_Receive_IT) for HAL_UART_Receive_IT
[...]
    __rtentry2.o(.ARM.Collect$$rtentry$$00000008) refers to boardinit2.o(.text) for _platform_post_stackheap_init
    __rtentry2.o(.ARM.Collect$$rtentry$$0000000A) refers to libinit.o(.ARM.Collect$$libinit$$00000000) for __rt_lib_init
    __rtentry2.o(.ARM.Collect$$rtentry$$0000000B) refers to boardinit3.o(.text) for _platform_post_lib_init
    __rtentry2.o(.ARM.Collect$$rtentry$$0000000D) refers to main.o(i.main) for main
    __rtentry2.o(.ARM.Collect$$rtentry$$0000000D) refers to exit.o(.text) for exit
    __rtentry2.o(.ARM.exidx) refers to __rtentry2.o(.ARM.Collect$$rtentry$$00000001) for .ARM.Collect$$rtentry$$00000001
    __rtentry2.o(.ARM.exidx) refers to __rtentry2.o(.ARM.Collect$$rtentry$$00000008) for .ARM.Collect$$rtentry$$00000008
    __rtentry2.o(.ARM.exidx) refers to __rtentry2.o(.ARM.Collect$$rtentry$$0000000A) for .ARM.Collect$$rtentry$$0000000A
    __rtentry2.o(.ARM.exidx) refers to __rtentry2.o(.ARM.Collect$$rtentry$$0000000B) for .ARM.Collect$$rtentry$$0000000B
    __rtentry2.o(.ARM.exidx) refers to __rtentry2.o(.ARM.Collect$$rtentry$$0000000D) for .ARM.Collect$$rtentry$$0000000D
    __rtentry4.o(.ARM.Collect$$rtentry$$00000004) refers to sys_stackheap_outer.o(.text) for __user_setup_stackheap
    __rtentry4.o(.ARM.exidx) refers to __rtentry4.o(.ARM.Collect$$rtentry$$00000004) for .ARM.Collect$$rtentry$$00000004
    _printf_char_common.o(.text) refers to __printf.o(.text) for __printf
    sys_stackheap_outer.o(.text) refers to libspace.o(.text) for __user_perproc_libspace
    sys_stackheap_outer.o(.text) refers to startup_stm32f103xe.o(.text) for __user_initial_stackheap
    exit.o(.text) refers to rtexit.o(.ARM.Collect$$rtexit$$00000000) for __rt_exit
    libinit.o(.ARM.Collect$$libinit$$00000000) refers (Special) to libinit2.o(.ARM.Collect$$libinit$$0000002E) for __rt_lib_init_alloca_1
    libinit.o(.ARM.Collect$$libinit$$00000000) refers (Special) to libinit2.o(.ARM.Collect$$libinit$$0000002C) for __rt_lib_init_argv_1
    libinit.o(.ARM.Collect$$libinit$$00000000) refers (Special) to libinit2.o(.ARM.Collect$$libinit$$0000001B) for __rt_lib_init_atexit_1
    libinit.o(.ARM.Collect$$libinit$$00000000) refers (Special) to libinit2.o(.ARM.Collect$$libinit$$00000021) for __rt_lib_init_clock_1
    libinit.o(.ARM.Collect$$libinit$$00000000) refers (Special) to libinit2.o(.ARM.Collect$$libinit$$00000032) for __rt_lib_init_cpp_1
    libinit.o(.ARM.Collect$$libinit$$00000000) refers (Special) to libinit2.o(.ARM.Collect$$libinit$$00000030) for __rt_lib_init_exceptions_1
    libinit.o(.ARM.Collect$$libinit$$00000000) refers (Special) to libinit2.o(.ARM.Collect$$libinit$$00000002) for __rt_lib_init_fp_1
    libinit.o(.ARM.Collect$$libinit$$00000000) refers (Special) to libinit2.o(.ARM.Collect$$libinit$$0000001F) for __rt_lib_init_fp_trap_1
    libinit.o(.ARM.Collect$$libinit$$00000000) refers (Special) to libinit2.o(.ARM.Collect$$libinit$$00000023) for __rt_lib_init_getenv_1
    libinit.o(.ARM.Collect$$libinit$$00000000) refers (Special) to libinit2.o(.ARM.Collect$$libinit$$0000000A) for __rt_lib_init_heap_1
    libinit.o(.ARM.Collect$$libinit$$00000000) refers (Special) to libinit2.o(.ARM.Collect$$libinit$$00000011) for __rt_lib_init_lc_collate_1
    libinit.o(.ARM.Collect$$libinit$$00000000) refers (Special) to libinit2.o(.ARM.Collect$$libinit$$00000013) for __rt_lib_init_lc_ctype_1
    libinit.o(.ARM.Collect$$libinit$$00000000) refers (Special) to libinit2.o(.ARM.Collect$$libinit$$00000015) for __rt_lib_init_lc_monetary_1
    libinit.o(.ARM.Collect$$libinit$$00000000) refers (Special) to libinit2.o(.ARM.Collect$$libinit$$00000017) for __rt_lib_init_lc_numeric_1
    libinit.o(.ARM.Collect$$libinit$$00000000) refers (Special) to libinit2.o(.ARM.Collect$$libinit$$00000019) for __rt_lib_init_lc_time_1
    libinit.o(.ARM.Collect$$libinit$$00000000) refers (Special) to libinit2.o(.ARM.Collect$$libinit$$00000004) for __rt_lib_init_preinit_1
    libinit.o(.ARM.Collect$$libinit$$00000000) refers (Special) to libinit2.o(.ARM.Collect$$libinit$$0000000E) for __rt_lib_init_rand_1
    libinit.o(.ARM.Collect$$libinit$$00000000) refers (Special) to libinit2.o(.ARM.Collect$$libinit$$00000033) for __rt_lib_init_return
    libinit.o(.ARM.Collect$$libinit$$00000000) refers (Special) to libinit2.o(.ARM.Collect$$libinit$$0000001D) for __rt_lib_init_signal_1
    libinit.o(.ARM.Collect$$libinit$$00000000) refers (Special) to libinit2.o(.ARM.Collect$$libinit$$00000025) for __rt_lib_init_stdio_1
    libinit.o(.ARM.Collect$$libinit$$00000000) refers (Special) to libinit2.o(.ARM.Collect$$libinit$$0000000C) for __rt_lib_init_user_alloc_1
    libspace.o(.text) refers to libspace.o(.bss) for __libspace_start
    rtexit.o(.ARM.Collect$$rtexit$$00000000) refers (Special) to rtexit2.o(.ARM.Collect$$rtexit$$00000004) for __rt_exit_exit
    rtexit.o(.ARM.Collect$$rtexit$$00000000) refers (Special) to rtexit2.o(.ARM.Collect$$rtexit$$00000003) for __rt_exit_ls
    rtexit.o(.ARM.Collect$$rtexit$$00000000) refers (Special) to rtexit2.o(.ARM.Collect$$rtexit$$00000002) for __rt_exit_prels_1
    rtexit.o(.ARM.exidx) refers (Special) to rtexit2.o(.ARM.Collect$$rtexit$$00000004) for __rt_exit_exit
    rtexit.o(.ARM.exidx) refers (Special) to rtexit2.o(.ARM.Collect$$rtexit$$00000003) for __rt_exit_ls
    rtexit.o(.ARM.exidx) refers (Special) to rtexit2.o(.ARM.Collect$$rtexit$$00000002) for __rt_exit_prels_1
    rtexit.o(.ARM.exidx) refers to rtexit.o(.ARM.Collect$$rtexit$$00000000) for .ARM.Collect$$rtexit$$00000000
    libinit2.o(.ARM.Collect$$libinit$$00000010) refers to libinit2.o(.ARM.Collect$$libinit$$0000000F) for .ARM.Collect$$libinit$$0000000F
    libinit2.o(.ARM.Collect$$libinit$$00000012) refers to libinit2.o(.ARM.Collect$$libinit$$0000000F) for .ARM.Collect$$libinit$$0000000F
    libinit2.o(.ARM.Collect$$libinit$$00000014) refers to libinit2.o(.ARM.Collect$$libinit$$0000000F) for .ARM.Collect$$libinit$$0000000F
    libinit2.o(.ARM.Collect$$libinit$$00000016) refers to libinit2.o(.ARM.Collect$$libinit$$0000000F) for .ARM.Collect$$libinit$$0000000F
    libinit2.o(.ARM.Collect$$libinit$$00000018) refers to libinit2.o(.ARM.Collect$$libinit$$0000000F) for .ARM.Collect$$libinit$$0000000F
    libinit2.o(.ARM.Collect$$libinit$$00000026) refers to argv_veneer.o(.emb_text) for __ARM_argv_veneer
    libinit2.o(.ARM.Collect$$libinit$$00000027) refers to argv_veneer.o(.emb_text) for __ARM_argv_veneer
    rtexit2.o(.ARM.Collect$$rtexit$$00000003) refers to libshutdown.o(.ARM.Collect$$libshutdown$$00000000) for __rt_lib_shutdown
    rtexit2.o(.ARM.Collect$$rtexit$$00000004) refers to usart.o(i._sys_exit) for _sys_exit
    rtexit2.o(.ARM.exidx) refers to rtexit2.o(.ARM.Collect$$rtexit$$00000001) for .ARM.Collect$$rtexit$$00000001
    rtexit2.o(.ARM.exidx) refers to rtexit2.o(.ARM.Collect$$rtexit$$00000003) for .ARM.Collect$$rtexit$$00000003
    rtexit2.o(.ARM.exidx) refers to rtexit2.o(.ARM.Collect$$rtexit$$00000004) for .ARM.Collect$$rtexit$$00000004
    argv_veneer.o(.emb_text) refers to no_argv.o(.text) for __ARM_get_argv
    _get_argv_nomalloc.o(.text) refers (Special) to hrguard.o(.text) for __heap_region$guard
    _get_argv_nomalloc.o(.text) refers to defsig_rtmem_outer.o(.text) for __rt_SIGRTMEM
    _get_argv_nomalloc.o(.text) refers to usart.o(i._sys_command_string) for _sys_command_string
    libshutdown.o(.ARM.Collect$$libshutdown$$00000000) refers (Special) to libshutdown2.o(.ARM.Collect$$libshutdown$$00000002) for __rt_lib_shutdown_cpp_1
    libshutdown.o(.ARM.Collect$$libshutdown$$00000000) refers (Special) to libshutdown2.o(.ARM.Collect$$libshutdown$$00000007) for __rt_lib_shutdown_fp_trap_1
    libshutdown.o(.ARM.Collect$$libshutdown$$00000000) refers (Special) to libshutdown2.o(.ARM.Collect$$libshutdown$$0000000F) for __rt_lib_shutdown_heap_1
    libshutdown.o(.ARM.Collect$$libshutdown$$00000000) refers (Special) to libshutdown2.o(.ARM.Collect$$libshutdown$$00000010) for __rt_lib_shutdown_return
    libshutdown.o(.ARM.Collect$$libshutdown$$00000000) refers (Special) to libshutdown2.o(.ARM.Collect$$libshutdown$$0000000A) for __rt_lib_shutdown_signal_1
    libshutdown.o(.ARM.Collect$$libshutdown$$00000000) refers (Special) to libshutdown2.o(.ARM.Collect$$libshutdown$$00000004) for __rt_lib_shutdown_stdio_1
    libshutdown.o(.ARM.Collect$$libshutdown$$00000000) refers (Special) to libshutdown2.o(.ARM.Collect$$libshutdown$$0000000C) for __rt_lib_shutdown_user_alloc_1
    defsig_rtmem_outer.o(.text) refers to defsig_rtmem_inner.o(.text) for __rt_SIGRTMEM_inner
    defsig_rtmem_outer.o(.text) refers to defsig_exit.o(.text) for __sig_exit
    defsig_rtmem_formal.o(.text) refers to rt_raise.o(.text) for __rt_raise
    rt_raise.o(.text) refers to __raise.o(.text) for __raise
    rt_raise.o(.text) refers to usart.o(i._sys_exit) for _sys_exit
    defsig_exit.o(.text) refers to usart.o(i._sys_exit) for _sys_exit
    defsig_rtmem_inner.o(.text) refers to defsig_general.o(.text) for __default_signal_display
    __raise.o(.text) refers to defsig.o(CL$$defsig) for __default_signal_handler
    defsig_general.o(.text) refers to usart.o(i._ttywrch) for _ttywrch
    defsig.o(CL$$defsig) refers to defsig_rtmem_inner.o(.text) for __rt_SIGRTMEM_inner
    defsig_abrt_inner.o(.text) refers to defsig_general.o(.text) for __default_signal_display
    defsig_fpe_inner.o(.text) refers to defsig_general.o(.text) for __default_signal_display
    defsig_rtred_inner.o(.text) refers to defsig_general.o(.text) for __default_signal_display
    defsig_stak_inner.o(.text) refers to defsig_general.o(.text) for __default_signal_display
    defsig_pvfn_inner.o(.text) refers to defsig_general.o(.text) for __default_signal_display
    defsig_cppl_inner.o(.text) refers to defsig_general.o(.text) for __default_signal_display
    defsig_segv_inner.o(.text) refers to defsig_general.o(.text) for __default_signal_display
    defsig_other.o(.text) refers to defsig_general.o(.text) for __default_signal_display


==============================================================================

Removing Unused input sections from the image.

    Removing main.o(.rev16_text), (4 bytes).
    Removing main.o(.revsh_text), (4 bytes).
    Removing main.o(.rrx_text), (6 bytes).
    Removing system_stm32f1xx.o(.rev16_text), (4 bytes).
    Removing system_stm32f1xx.o(.revsh_text), (4 bytes).
    Removing system_stm32f1xx.o(.rrx_text), (6 bytes).
    Removing system_stm32f1xx.o(i.SystemCoreClockUpdate), (164 bytes).
    Removing system_stm32f1xx.o(.constdata), (24 bytes).
    Removing system_stm32f1xx.o(.data), (4 bytes).
    Removing stm32f1xx_it.o(.rev16_text), (4 bytes).
    Removing stm32f1xx_it.o(.revsh_text), (4 bytes).
    Removing stm32f1xx_it.o(.rrx_text), (6 bytes).
    Removing delay.o(.rev16_text), (4 bytes).
    Removing delay.o(.revsh_text), (4 bytes).
    Removing delay.o(.rrx_text), (6 bytes).
    Removing delay.o(i.HAL_Delay), (12 bytes).
    Removing delay.o(i.delay_init), (12 bytes).
    Removing delay.o(i.delay_ms), (18 bytes).
    Removing delay.o(i.delay_us), (72 bytes).
    Removing delay.o(.data), (4 bytes).
    Removing sys.o(.rev16_text), (4 bytes).
    Removing sys.o(.revsh_text), (4 bytes).
    Removing sys.o(.rrx_text), (6 bytes).
    Removing sys.o(i.sys_intx_disable), (4 bytes).
    Removing sys.o(i.sys_intx_enable), (4 bytes).
    Removing sys.o(i.sys_msr_msp), (10 bytes).
    Removing sys.o(i.sys_nvic_set_vector_table), (16 bytes).
    Removing sys.o(i.sys_soft_reset), (68 bytes).
    Removing sys.o(i.sys_standby), (52 bytes).
    Removing sys.o(i.sys_stm32_clock_init), (102 bytes).
    Removing sys.o(i.sys_wfi_set), (4 bytes).
    Removing usart.o(.rev16_text), (4 bytes).
    Removing usart.o(.revsh_text), (4 bytes).
    Removing usart.o(.rrx_text), (6 bytes).
    Removing usart.o(i.HAL_UART_MspInit), (180 bytes).
    Removing usart.o(i._sys_command_string), (6 bytes).
    Removing usart.o(i._ttywrch), (4 bytes).
    Removing usart.o(i.fputc), (28 bytes).
    Removing usart.o(i.usart_init), (56 bytes).
    Removing stm32f1xx_hal.o(.rev16_text), (4 bytes).
    Removing stm32f1xx_hal.o(.revsh_text), (4 bytes).
    Removing stm32f1xx_hal.o(.rrx_text), (6 bytes).
    Removing stm32f1xx_hal.o(i.HAL_DBGMCU_DisableDBGSleepMode), (20 bytes).
    Removing stm32f1xx_hal.o(i.HAL_DBGMCU_DisableDBGStandbyMode), (20 bytes).
    Removing stm32f1xx_hal.o(i.HAL_DBGMCU_DisableDBGStopMode), (20 bytes).
    Removing stm32f1xx_hal.o(i.HAL_DBGMCU_EnableDBGSleepMode), (20 bytes).
    Removing stm32f1xx_hal.o(i.HAL_DBGMCU_EnableDBGStandbyMode), (20 bytes).
    Removing stm32f1xx_hal.o(i.HAL_DBGMCU_EnableDBGStopMode), (20 bytes).
    Removing stm32f1xx_hal.o(i.HAL_DeInit), (36 bytes).
    Removing stm32f1xx_hal.o(i.HAL_Delay), (40 bytes).
    Removing stm32f1xx_hal.o(i.HAL_GetDEVID), (16 bytes).
    Removing stm32f1xx_hal.o(i.HAL_GetHalVersion), (8 bytes).
    Removing stm32f1xx_hal.o(i.HAL_GetREVID), (12 bytes).
    Removing stm32f1xx_hal.o(i.HAL_GetTick), (12 bytes).
    Removing stm32f1xx_hal.o(i.HAL_GetTickFreq), (12 bytes).
    Removing stm32f1xx_hal.o(i.HAL_GetTickPrio), (12 bytes).
    Removing stm32f1xx_hal.o(i.HAL_GetUIDw0), (12 bytes).
    Removing stm32f1xx_hal.o(i.HAL_GetUIDw1), (12 bytes).
    Removing stm32f1xx_hal.o(i.HAL_GetUIDw2), (12 bytes).
    Removing stm32f1xx_hal.o(i.HAL_Init), (40 bytes).
    Removing stm32f1xx_hal.o(i.HAL_InitTick), (76 bytes).
    Removing stm32f1xx_hal.o(i.HAL_MspDeInit), (2 bytes).
    Removing stm32f1xx_hal.o(i.HAL_MspInit), (2 bytes).
    Removing stm32f1xx_hal.o(i.HAL_ResumeTick), (18 bytes).
    Removing stm32f1xx_hal.o(i.HAL_SetTickFreq), (48 bytes).
    Removing stm32f1xx_hal.o(i.HAL_SuspendTick), (18 bytes).
    Removing stm32f1xx_hal_cortex.o(.rev16_text), (4 bytes).
    Removing stm32f1xx_hal_cortex.o(.revsh_text), (4 bytes).
    Removing stm32f1xx_hal_cortex.o(.rrx_text), (6 bytes).
    Removing stm32f1xx_hal_cortex.o(i.HAL_NVIC_ClearPendingIRQ), (36 bytes).
    Removing stm32f1xx_hal_cortex.o(i.HAL_NVIC_DisableIRQ), (68 bytes).
    Removing stm32f1xx_hal_cortex.o(i.HAL_NVIC_EnableIRQ), (32 bytes).
    Removing stm32f1xx_hal_cortex.o(i.HAL_NVIC_GetActive), (48 bytes).
    Removing stm32f1xx_hal_cortex.o(i.HAL_NVIC_GetPendingIRQ), (48 bytes).
    Removing stm32f1xx_hal_cortex.o(i.HAL_NVIC_GetPriority), (148 bytes).
    Removing stm32f1xx_hal_cortex.o(i.HAL_NVIC_GetPriorityGrouping), (8 bytes).
    Removing stm32f1xx_hal_cortex.o(i.HAL_NVIC_SetPendingIRQ), (36 bytes).
    Removing stm32f1xx_hal_cortex.o(i.HAL_NVIC_SetPriority), (124 bytes).
    Removing stm32f1xx_hal_cortex.o(i.HAL_NVIC_SetPriorityGrouping), (40 bytes).
    Removing stm32f1xx_hal_cortex.o(i.HAL_NVIC_SystemReset), (68 bytes).
    Removing stm32f1xx_hal_cortex.o(i.HAL_SYSTICK_CLKSourceConfig), (40 bytes).
    Removing stm32f1xx_hal_cortex.o(i.HAL_SYSTICK_Callback), (2 bytes).
    Removing stm32f1xx_hal_cortex.o(i.HAL_SYSTICK_Config), (52 bytes).
    Removing stm32f1xx_hal_cortex.o(i.HAL_SYSTICK_IRQHandler), (8 bytes).
    Removing stm32f1xx_hal_cortex.o(i.__NVIC_GetPriorityGrouping), (16 bytes).
    Removing stm32f1xx_hal_cortex.o(i.__NVIC_SetPriority), (40 bytes).
    Removing stm32f1xx_hal_dma.o(.rev16_text), (4 bytes).
    Removing stm32f1xx_hal_dma.o(.revsh_text), (4 bytes).
    Removing stm32f1xx_hal_dma.o(.rrx_text), (6 bytes).
    Removing stm32f1xx_hal_dma.o(i.DMA_SetConfig), (44 bytes).
    Removing stm32f1xx_hal_dma.o(i.HAL_DMA_Abort), (86 bytes).
    Removing stm32f1xx_hal_dma.o(i.HAL_DMA_DeInit), (140 bytes).
    Removing stm32f1xx_hal_dma.o(i.HAL_DMA_GetError), (6 bytes).
    Removing stm32f1xx_hal_dma.o(i.HAL_DMA_GetState), (8 bytes).
    Removing stm32f1xx_hal_dma.o(i.HAL_DMA_IRQHandler), (920 bytes).
    Removing stm32f1xx_hal_dma.o(i.HAL_DMA_Init), (140 bytes).
    Removing stm32f1xx_hal_dma.o(i.HAL_DMA_PollForTransfer), (1620 bytes).
    Removing stm32f1xx_hal_dma.o(i.HAL_DMA_RegisterCallback), (90 bytes).
    Removing stm32f1xx_hal_dma.o(i.HAL_DMA_Start), (114 bytes).
    Removing stm32f1xx_hal_dma.o(i.HAL_DMA_Start_IT), (156 bytes).
    Removing stm32f1xx_hal_dma.o(i.HAL_DMA_UnRegisterCallback), (106 bytes).
    Removing stm32f1xx_hal_gpio.o(.rev16_text), (4 bytes).
    Removing stm32f1xx_hal_gpio.o(.revsh_text), (4 bytes).
    Removing stm32f1xx_hal_gpio.o(.rrx_text), (6 bytes).
    Removing stm32f1xx_hal_gpio.o(i.HAL_GPIO_DeInit), (340 bytes).
    Removing stm32f1xx_hal_gpio.o(i.HAL_GPIO_EXTI_Callback), (2 bytes).
    Removing stm32f1xx_hal_gpio.o(i.HAL_GPIO_EXTI_IRQHandler), (28 bytes).
    Removing stm32f1xx_hal_gpio.o(i.HAL_GPIO_Init), (832 bytes).
    Removing stm32f1xx_hal_gpio.o(i.HAL_GPIO_LockPin), (46 bytes).
    Removing stm32f1xx_hal_gpio.o(i.HAL_GPIO_ReadPin), (16 bytes).
    Removing stm32f1xx_hal_gpio.o(i.HAL_GPIO_TogglePin), (20 bytes).
    Removing stm32f1xx_hal_gpio.o(i.HAL_GPIO_WritePin), (12 bytes).
    Removing stm32f1xx_hal_gpio_ex.o(.rev16_text), (4 bytes).
    Removing stm32f1xx_hal_gpio_ex.o(.revsh_text), (4 bytes).
    Removing stm32f1xx_hal_gpio_ex.o(.rrx_text), (6 bytes).
    Removing stm32f1xx_hal_gpio_ex.o(i.HAL_GPIOEx_ConfigEventout), (24 bytes).
    Removing stm32f1xx_hal_gpio_ex.o(i.HAL_GPIOEx_DisableEventout), (20 bytes).
    Removing stm32f1xx_hal_gpio_ex.o(i.HAL_GPIOEx_EnableEventout), (20 bytes).
    Removing stm32f1xx_hal_rcc.o(.rev16_text), (4 bytes).
    Removing stm32f1xx_hal_rcc.o(.revsh_text), (4 bytes).
    Removing stm32f1xx_hal_rcc.o(.rrx_text), (6 bytes).
    Removing stm32f1xx_hal_rcc.o(i.HAL_RCC_CSSCallback), (2 bytes).
    Removing stm32f1xx_hal_rcc.o(i.HAL_RCC_ClockConfig), (396 bytes).
    Removing stm32f1xx_hal_rcc.o(i.HAL_RCC_DeInit), (272 bytes).
    Removing stm32f1xx_hal_rcc.o(i.HAL_RCC_DisableCSS), (12 bytes).
    Removing stm32f1xx_hal_rcc.o(i.HAL_RCC_EnableCSS), (12 bytes).
    Removing stm32f1xx_hal_rcc.o(i.HAL_RCC_GetClockConfig), (68 bytes).
    Removing stm32f1xx_hal_rcc.o(i.HAL_RCC_GetHCLKFreq), (12 bytes).
    Removing stm32f1xx_hal_rcc.o(i.HAL_RCC_GetOscConfig), (200 bytes).
    Removing stm32f1xx_hal_rcc.o(i.HAL_RCC_GetPCLK1Freq), (32 bytes).
    Removing stm32f1xx_hal_rcc.o(i.HAL_RCC_GetPCLK2Freq), (32 bytes).
    Removing stm32f1xx_hal_rcc.o(i.HAL_RCC_GetSysClockFreq), (148 bytes).
    Removing stm32f1xx_hal_rcc.o(i.HAL_RCC_MCOConfig), (100 bytes).
    Removing stm32f1xx_hal_rcc.o(i.HAL_RCC_NMI_IRQHandler), (32 bytes).
    Removing stm32f1xx_hal_rcc.o(i.HAL_RCC_OscConfig), (1124 bytes).
    Removing stm32f1xx_hal_rcc.o(i.RCC_Delay), (40 bytes).
    Removing stm32f1xx_hal_rcc_ex.o(.rev16_text), (4 bytes).
    Removing stm32f1xx_hal_rcc_ex.o(.revsh_text), (4 bytes).
    Removing stm32f1xx_hal_rcc_ex.o(.rrx_text), (6 bytes).
    Removing stm32f1xx_hal_rcc_ex.o(i.HAL_RCCEx_GetPeriphCLKConfig), (84 bytes).
    Removing stm32f1xx_hal_rcc_ex.o(i.HAL_RCCEx_GetPeriphCLKFreq), (308 bytes).
    Removing stm32f1xx_hal_rcc_ex.o(i.HAL_RCCEx_PeriphCLKConfig), (304 bytes).
    Removing stm32f1xx_hal_uart.o(.rev16_text), (4 bytes).
    Removing stm32f1xx_hal_uart.o(.revsh_text), (4 bytes).
    Removing stm32f1xx_hal_uart.o(.rrx_text), (6 bytes).
    Removing stm32f1xx_hal_uart.o(i.HAL_HalfDuplex_EnableReceiver), (68 bytes).
    Removing stm32f1xx_hal_uart.o(i.HAL_HalfDuplex_EnableTransmitter), (68 bytes).
    Removing stm32f1xx_hal_uart.o(i.HAL_HalfDuplex_Init), (118 bytes).
    Removing stm32f1xx_hal_uart.o(i.HAL_LIN_Init), (142 bytes).
    Removing stm32f1xx_hal_uart.o(i.HAL_LIN_SendBreak), (62 bytes).
    Removing stm32f1xx_hal_uart.o(i.HAL_MultiProcessor_EnterMuteMode), (62 bytes).
    Removing stm32f1xx_hal_uart.o(i.HAL_MultiProcessor_ExitMuteMode), (62 bytes).
    Removing stm32f1xx_hal_uart.o(i.HAL_MultiProcessor_Init), (154 bytes).
    Removing stm32f1xx_hal_uart.o(i.HAL_UART_Abort), (166 bytes).
    Removing stm32f1xx_hal_uart.o(i.HAL_UART_AbortCpltCallback), (2 bytes).
    Removing stm32f1xx_hal_uart.o(i.HAL_UART_AbortReceive), (100 bytes).
    Removing stm32f1xx_hal_uart.o(i.HAL_UART_AbortReceiveCpltCallback), (2 bytes).
    Removing stm32f1xx_hal_uart.o(i.HAL_UART_AbortReceive_IT), (120 bytes).
    Removing stm32f1xx_hal_uart.o(i.HAL_UART_AbortTransmit), (88 bytes).
    Removing stm32f1xx_hal_uart.o(i.HAL_UART_AbortTransmitCpltCallback), (2 bytes).
    Removing stm32f1xx_hal_uart.o(i.HAL_UART_AbortTransmit_IT), (108 bytes).
    Removing stm32f1xx_hal_uart.o(i.HAL_UART_Abort_IT), (216 bytes).
    Removing stm32f1xx_hal_uart.o(i.HAL_UART_DMAPause), (124 bytes).
    Removing stm32f1xx_hal_uart.o(i.HAL_UART_DMAResume), (126 bytes).
    Removing stm32f1xx_hal_uart.o(i.HAL_UART_DMAStop), (102 bytes).
    Removing stm32f1xx_hal_uart.o(i.HAL_UART_DeInit), (58 bytes).
    Removing stm32f1xx_hal_uart.o(i.HAL_UART_GetError), (6 bytes).
    Removing stm32f1xx_hal_uart.o(i.HAL_UART_GetState), (20 bytes).
    Removing stm32f1xx_hal_uart.o(i.HAL_UART_Init), (114 bytes).
    Removing stm32f1xx_hal_uart.o(i.HAL_UART_MspDeInit), (2 bytes).
    Removing stm32f1xx_hal_uart.o(i.HAL_UART_MspInit), (2 bytes).
    Removing stm32f1xx_hal_uart.o(i.HAL_UART_Receive), (216 bytes).
    Removing stm32f1xx_hal_uart.o(i.HAL_UART_Receive_DMA), (196 bytes).
    Removing stm32f1xx_hal_uart.o(i.HAL_UART_RxCpltCallback), (2 bytes).
    Removing stm32f1xx_hal_uart.o(i.HAL_UART_RxHalfCpltCallback), (2 bytes).
    Removing stm32f1xx_hal_uart.o(i.HAL_UART_Transmit), (210 bytes).
    Removing stm32f1xx_hal_uart.o(i.HAL_UART_Transmit_DMA), (156 bytes).
    Removing stm32f1xx_hal_uart.o(i.HAL_UART_Transmit_IT), (88 bytes).
    Removing stm32f1xx_hal_uart.o(i.HAL_UART_TxHalfCpltCallback), (2 bytes).
    Removing stm32f1xx_hal_uart.o(i.UART_DMAError), (80 bytes).
    Removing stm32f1xx_hal_uart.o(i.UART_DMAReceiveCplt), (70 bytes).
    Removing stm32f1xx_hal_uart.o(i.UART_DMARxAbortCallback), (52 bytes).
    Removing stm32f1xx_hal_uart.o(i.UART_DMARxHalfCplt), (14 bytes).
    Removing stm32f1xx_hal_uart.o(i.UART_DMARxOnlyAbortCallback), (24 bytes).
    Removing stm32f1xx_hal_uart.o(i.UART_DMATransmitCplt), (54 bytes).
    Removing stm32f1xx_hal_uart.o(i.UART_DMATxAbortCallback), (52 bytes).
    Removing stm32f1xx_hal_uart.o(i.UART_DMATxHalfCplt), (14 bytes).
    Removing stm32f1xx_hal_uart.o(i.UART_DMATxOnlyAbortCallback), (24 bytes).
    Removing stm32f1xx_hal_uart.o(i.UART_EndTxTransfer), (20 bytes).
    Removing stm32f1xx_hal_uart.o(i.UART_SetConfig), (252 bytes).
    Removing stm32f1xx_hal_uart.o(i.UART_WaitOnFlagUntilTimeout), (108 bytes).
    Removing stm32f1xx_hal_usart.o(.rev16_text), (4 bytes).
    Removing stm32f1xx_hal_usart.o(.revsh_text), (4 bytes).
    Removing stm32f1xx_hal_usart.o(.rrx_text), (6 bytes).
    Removing stm32f1xx_hal_usart.o(i.HAL_USART_Abort), (122 bytes).
    Removing stm32f1xx_hal_usart.o(i.HAL_USART_AbortCpltCallback), (2 bytes).
    Removing stm32f1xx_hal_usart.o(i.HAL_USART_Abort_IT), (212 bytes).
    Removing stm32f1xx_hal_usart.o(i.HAL_USART_DMAPause), (50 bytes).
    Removing stm32f1xx_hal_usart.o(i.HAL_USART_DMAResume), (50 bytes).
    Removing stm32f1xx_hal_usart.o(i.HAL_USART_DMAStop), (102 bytes).
    Removing stm32f1xx_hal_usart.o(i.HAL_USART_DeInit), (54 bytes).
    Removing stm32f1xx_hal_usart.o(i.HAL_USART_ErrorCallback), (2 bytes).
    Removing stm32f1xx_hal_usart.o(i.HAL_USART_GetError), (6 bytes).
    Removing stm32f1xx_hal_usart.o(i.HAL_USART_GetState), (8 bytes).
    Removing stm32f1xx_hal_usart.o(i.HAL_USART_IRQHandler), (388 bytes).
    Removing stm32f1xx_hal_usart.o(i.HAL_USART_Init), (90 bytes).
    Removing stm32f1xx_hal_usart.o(i.HAL_USART_MspDeInit), (2 bytes).
    Removing stm32f1xx_hal_usart.o(i.HAL_USART_MspInit), (2 bytes).
    Removing stm32f1xx_hal_usart.o(i.HAL_USART_Receive), (278 bytes).
    Removing stm32f1xx_hal_usart.o(i.HAL_USART_Receive_DMA), (248 bytes).
    Removing stm32f1xx_hal_usart.o(i.HAL_USART_Receive_IT), (108 bytes).
    Removing stm32f1xx_hal_usart.o(i.HAL_USART_RxCpltCallback), (2 bytes).
    Removing stm32f1xx_hal_usart.o(i.HAL_USART_RxHalfCpltCallback), (2 bytes).
    Removing stm32f1xx_hal_usart.o(i.HAL_USART_Transmit), (214 bytes).
    Removing stm32f1xx_hal_usart.o(i.HAL_USART_TransmitReceive), (320 bytes).
    Removing stm32f1xx_hal_usart.o(i.HAL_USART_TransmitReceive_DMA), (268 bytes).
    Removing stm32f1xx_hal_usart.o(i.HAL_USART_TransmitReceive_IT), (132 bytes).
    Removing stm32f1xx_hal_usart.o(i.HAL_USART_Transmit_DMA), (156 bytes).
    Removing stm32f1xx_hal_usart.o(i.HAL_USART_Transmit_IT), (88 bytes).
    Removing stm32f1xx_hal_usart.o(i.HAL_USART_TxCpltCallback), (2 bytes).
    Removing stm32f1xx_hal_usart.o(i.HAL_USART_TxHalfCpltCallback), (2 bytes).
    Removing stm32f1xx_hal_usart.o(i.HAL_USART_TxRxCpltCallback), (2 bytes).
    Removing stm32f1xx_hal_usart.o(i.USART_DMAAbortOnError), (20 bytes).
    Removing stm32f1xx_hal_usart.o(i.USART_DMAError), (84 bytes).
    Removing stm32f1xx_hal_usart.o(i.USART_DMAReceiveCplt), (122 bytes).
    Removing stm32f1xx_hal_usart.o(i.USART_DMARxAbortCallback), (48 bytes).
    Removing stm32f1xx_hal_usart.o(i.USART_DMARxHalfCplt), (14 bytes).
    Removing stm32f1xx_hal_usart.o(i.USART_DMATransmitCplt), (70 bytes).
    Removing stm32f1xx_hal_usart.o(i.USART_DMATxAbortCallback), (48 bytes).
    Removing stm32f1xx_hal_usart.o(i.USART_DMATxHalfCplt), (14 bytes).
    Removing stm32f1xx_hal_usart.o(i.USART_EndRxTransfer), (32 bytes).
    Removing stm32f1xx_hal_usart.o(i.USART_EndTransmit_IT), (44 bytes).
    Removing stm32f1xx_hal_usart.o(i.USART_EndTxTransfer), (20 bytes).
    Removing stm32f1xx_hal_usart.o(i.USART_Receive_IT), (194 bytes).
    Removing stm32f1xx_hal_usart.o(i.USART_SetConfig), (444 bytes).
    Removing stm32f1xx_hal_usart.o(i.USART_TransmitReceive_IT), (270 bytes).
    Removing stm32f1xx_hal_usart.o(i.USART_Transmit_IT), (104 bytes).
    Removing stm32f1xx_hal_usart.o(i.USART_WaitOnFlagUntilTimeout), (128 bytes).
    Removing stm32f1xx_hal_sram.o(.rev16_text), (4 bytes).
    Removing stm32f1xx_hal_sram.o(.revsh_text), (4 bytes).
    Removing stm32f1xx_hal_sram.o(.rrx_text), (6 bytes).
    Removing stm32f1xx_hal_sram.o(i.HAL_SRAM_DMA_XferCpltCallback), (2 bytes).
    Removing stm32f1xx_hal_sram.o(i.HAL_SRAM_DMA_XferErrorCallback), (2 bytes).
    Removing stm32f1xx_hal_sram.o(i.HAL_SRAM_DeInit), (34 bytes).
    Removing stm32f1xx_hal_sram.o(i.HAL_SRAM_GetState), (8 bytes).
    Removing stm32f1xx_hal_sram.o(i.HAL_SRAM_Init), (102 bytes).
    Removing stm32f1xx_hal_sram.o(i.HAL_SRAM_MspDeInit), (2 bytes).
    Removing stm32f1xx_hal_sram.o(i.HAL_SRAM_MspInit), (2 bytes).
    Removing stm32f1xx_hal_sram.o(i.HAL_SRAM_Read_16b), (116 bytes).
    Removing stm32f1xx_hal_sram.o(i.HAL_SRAM_Read_32b), (96 bytes).
    Removing stm32f1xx_hal_sram.o(i.HAL_SRAM_Read_8b), (96 bytes).
    Removing stm32f1xx_hal_sram.o(i.HAL_SRAM_Read_DMA), (120 bytes).
    Removing stm32f1xx_hal_sram.o(i.HAL_SRAM_WriteOperation_Disable), (72 bytes).
    Removing stm32f1xx_hal_sram.o(i.HAL_SRAM_WriteOperation_Enable), (72 bytes).
    Removing stm32f1xx_hal_sram.o(i.HAL_SRAM_Write_16b), (128 bytes).
    Removing stm32f1xx_hal_sram.o(i.HAL_SRAM_Write_32b), (88 bytes).
    Removing stm32f1xx_hal_sram.o(i.HAL_SRAM_Write_8b), (88 bytes).
    Removing stm32f1xx_hal_sram.o(i.HAL_SRAM_Write_DMA), (100 bytes).
    Removing stm32f1xx_hal_sram.o(i.SRAM_DMACplt), (32 bytes).
    Removing stm32f1xx_hal_sram.o(i.SRAM_DMACpltProt), (32 bytes).
    Removing stm32f1xx_hal_sram.o(i.SRAM_DMAError), (32 bytes).
    Removing stm32f1xx_ll_fsmc.o(.rev16_text), (4 bytes).
    Removing stm32f1xx_ll_fsmc.o(.revsh_text), (4 bytes).
    Removing stm32f1xx_ll_fsmc.o(.rrx_text), (6 bytes).
    Removing stm32f1xx_ll_fsmc.o(i.FSMC_NAND_AttributeSpace_Timing_Init), (62 bytes).
    Removing stm32f1xx_ll_fsmc.o(i.FSMC_NAND_CommonSpace_Timing_Init), (62 bytes).
    Removing stm32f1xx_ll_fsmc.o(i.FSMC_NAND_DeInit), (66 bytes).
    Removing stm32f1xx_ll_fsmc.o(i.FSMC_NAND_ECC_Disable), (28 bytes).
    Removing stm32f1xx_ll_fsmc.o(i.FSMC_NAND_ECC_Enable), (28 bytes).
    Removing stm32f1xx_ll_fsmc.o(i.FSMC_NAND_GetECC), (84 bytes).
    Removing stm32f1xx_ll_fsmc.o(i.FSMC_NAND_Init), (100 bytes).
    Removing stm32f1xx_ll_fsmc.o(i.FSMC_NORSRAM_DeInit), (56 bytes).
    Removing stm32f1xx_ll_fsmc.o(i.FSMC_NORSRAM_Extended_Timing_Init), (68 bytes).
    Removing stm32f1xx_ll_fsmc.o(i.FSMC_NORSRAM_Init), (120 bytes).
    Removing stm32f1xx_ll_fsmc.o(i.FSMC_NORSRAM_Timing_Init), (66 bytes).
    Removing stm32f1xx_ll_fsmc.o(i.FSMC_NORSRAM_WriteOperation_Disable), (18 bytes).
    Removing stm32f1xx_ll_fsmc.o(i.FSMC_NORSRAM_WriteOperation_Enable), (18 bytes).
    Removing stm32f1xx_ll_fsmc.o(i.FSMC_PCCARD_AttributeSpace_Timing_Init), (30 bytes).
    Removing stm32f1xx_ll_fsmc.o(i.FSMC_PCCARD_CommonSpace_Timing_Init), (30 bytes).
    Removing stm32f1xx_ll_fsmc.o(i.FSMC_PCCARD_DeInit), (32 bytes).
    Removing stm32f1xx_ll_fsmc.o(i.FSMC_PCCARD_IOSpace_Timing_Init), (30 bytes).
    Removing stm32f1xx_ll_fsmc.o(i.FSMC_PCCARD_Init), (40 bytes).
    Removing led.o(.rev16_text), (4 bytes).
    Removing led.o(.revsh_text), (4 bytes).
    Removing led.o(.rrx_text), (6 bytes).
    Removing led.o(i.led_init), (144 bytes).
    Removing lcd.o(.rev16_text), (4 bytes).
    Removing lcd.o(.revsh_text), (4 bytes).
    Removing lcd.o(.rrx_text), (6 bytes).
    Removing lcd.o(i.HAL_SRAM_MspInit), (144 bytes).
    Removing lcd.o(i.lcd_clear), (52 bytes).
    Removing lcd.o(i.lcd_color_fill), (96 bytes).
    Removing lcd.o(i.lcd_display_dir), (364 bytes).
    Removing lcd.o(i.lcd_display_off), (36 bytes).
    Removing lcd.o(i.lcd_display_on), (36 bytes).
    Removing lcd.o(i.lcd_draw_circle), (170 bytes).
    Removing lcd.o(i.lcd_draw_hline), (56 bytes).
    Removing lcd.o(i.lcd_draw_line), (172 bytes).
    Removing lcd.o(i.lcd_draw_point), (32 bytes).
    Removing lcd.o(i.lcd_draw_rectangle), (74 bytes).
    Removing lcd.o(i.lcd_ex_ili9341_reginit), (556 bytes).
    Removing lcd.o(i.lcd_ex_ili9806_reginit), (832 bytes).
    Removing lcd.o(i.lcd_ex_nt35310_reginit), (3826 bytes).
    Removing lcd.o(i.lcd_ex_nt35510_reginit), (3836 bytes).
    Removing lcd.o(i.lcd_ex_ssd1963_reginit), (366 bytes).
    Removing lcd.o(i.lcd_ex_st7789_reginit), (424 bytes).
    Removing lcd.o(i.lcd_ex_st7796_reginit), (454 bytes).
    Removing lcd.o(i.lcd_fill), (84 bytes).
    Removing lcd.o(i.lcd_fill_circle), (176 bytes).
    Removing lcd.o(i.lcd_init), (1128 bytes).
    Removing lcd.o(i.lcd_opt_delay), (12 bytes).
    Removing lcd.o(i.lcd_pow), (22 bytes).
    Removing lcd.o(i.lcd_rd_data), (24 bytes).
    Removing lcd.o(i.lcd_read_point), (152 bytes).
    Removing lcd.o(i.lcd_scan_dir), (572 bytes).
    Removing lcd.o(i.lcd_set_cursor), (288 bytes).
    Removing lcd.o(i.lcd_set_window), (368 bytes).
    Removing lcd.o(i.lcd_show_char), (320 bytes).
    Removing lcd.o(i.lcd_show_num), (152 bytes).
    Removing lcd.o(i.lcd_show_string), (106 bytes).
    Removing lcd.o(i.lcd_show_xnum), (198 bytes).
    Removing lcd.o(i.lcd_ssd_backlight_set), (84 bytes).
    Removing lcd.o(i.lcd_wr_data), (24 bytes).
    Removing lcd.o(i.lcd_wr_regno), (24 bytes).
    Removing lcd.o(i.lcd_write_ram_prepare), (20 bytes).
    Removing lcd.o(i.lcd_write_reg), (16 bytes).
    Removing lcd.o(.bss), (86 bytes).
    Removing lcd.o(.constdata), (12160 bytes).
    Removing lcd.o(.data), (8 bytes).

329 unused section(s) (total 48554 bytes) removed from the image.

==============================================================================

Image Symbol Table

    Local Symbols

    Symbol Name                              Value     Ov Type        Size  Object(Section)

    RESET                                    0x00000000   Section      304  startup_stm32f103xe.o(RESET)
    ../clib/angel/boardlib.s                 0x00000000   Number         0  boardinit3.o ABSOLUTE
    ../clib/angel/boardlib.s                 0x00000000   Number         0  boardshut.o ABSOLUTE
    ../clib/angel/boardlib.s                 0x00000000   Number         0  boardinit2.o ABSOLUTE
    ../clib/angel/boardlib.s                 0x00000000   Number         0  boardinit1.o ABSOLUTE
    ../clib/angel/handlers.s                 0x00000000   Number         0  __scatter_copy.o ABSOLUTE
    ../clib/angel/handlers.s                 0x00000000   Number         0  __scatter_zi.o ABSOLUTE
    ../clib/angel/kernel.s                   0x00000000   Number         0  __rtentry2.o ABSOLUTE
    ../clib/angel/kernel.s                   0x00000000   Number         0  __rtentry.o ABSOLUTE
    ../clib/angel/kernel.s                   0x00000000   Number         0  __rtentry4.o ABSOLUTE
    ../clib/angel/kernel.s                   0x00000000   Number         0  rtexit2.o ABSOLUTE
    ../clib/angel/kernel.s                   0x00000000   Number         0  rtexit.o ABSOLUTE
    ../clib/angel/rt.s                       0x00000000   Number         0  rt_raise.o ABSOLUTE
    ../clib/angel/scatter.s                  0x00000000   Number         0  __scatter.o ABSOLUTE
    ../clib/angel/startup.s                  0x00000000   Number         0  __main.o ABSOLUTE
    ../clib/angel/sys.s                      0x00000000   Number         0  libspace.o ABSOLUTE
    ../clib/angel/sys.s                      0x00000000   Number         0  use_no_semi.o ABSOLUTE
    ../clib/angel/sys.s                      0x00000000   Number         0  use_no_semi_2.o ABSOLUTE
    ../clib/angel/sys.s                      0x00000000   Number         0  sys_stackheap_outer.o ABSOLUTE
    ../clib/armsys.c                         0x00000000   Number         0  no_argv.o ABSOLUTE
    ../clib/armsys.c                         0x00000000   Number         0  _get_argv_nomalloc.o ABSOLUTE
    ../clib/armsys.c                         0x00000000   Number         0  argv_veneer.o ABSOLUTE
    ../clib/armsys.c                         0x00000000   Number         0  argv_veneer.o ABSOLUTE
    ../clib/heapalloc.c                      0x00000000   Number         0  hrguard.o ABSOLUTE
    ../clib/heapaux.c                        0x00000000   Number         0  heapauxi.o ABSOLUTE
    ../clib/libinit.s                        0x00000000   Number         0  libinit.o ABSOLUTE
    ../clib/libinit.s                        0x00000000   Number         0  libshutdown2.o ABSOLUTE
    ../clib/libinit.s                        0x00000000   Number         0  libshutdown.o ABSOLUTE
    ../clib/libinit.s                        0x00000000   Number         0  libinit2.o ABSOLUTE
    ../clib/memcpset.s                       0x00000000   Number         0  rt_memclr_w.o ABSOLUTE
    ../clib/printf.c                         0x00000000   Number         0  _printf_hex_ll.o ABSOLUTE
    ../clib/printf.c                         0x00000000   Number         0  _printf_hex_int.o ABSOLUTE
    ../clib/printf.c                         0x00000000   Number         0  _printf_hex_int_ll.o ABSOLUTE
    ../clib/printf.c                         0x00000000   Number         0  _printf_hex_ptr.o ABSOLUTE
    ../clib/printf.c                         0x00000000   Number         0  _printf_hex_int_ptr.o ABSOLUTE
    ../clib/printf.c                         0x00000000   Number         0  __printf_nopercent.o ABSOLUTE
    ../clib/printf.c                         0x00000000   Number         0  _printf_hex_ll_ptr.o ABSOLUTE
    ../clib/printf.c                         0x00000000   Number         0  __printf_flags.o ABSOLUTE
    ../clib/printf.c                         0x00000000   Number         0  __printf_ss.o ABSOLUTE
    ../clib/printf.c                         0x00000000   Number         0  __printf_flags_ss.o ABSOLUTE
    ../clib/printf.c                         0x00000000   Number         0  _printf_hex_int_ll_ptr.o ABSOLUTE
    ../clib/printf.c                         0x00000000   Number         0  _printf_char_common.o ABSOLUTE
    ../clib/printf.c                         0x00000000   Number         0  __printf_flags_ss_wp.o ABSOLUTE
    ../clib/printf.c                         0x00000000   Number         0  _printf_char_file.o ABSOLUTE
    ../clib/printf.c                         0x00000000   Number         0  _printf_intcommon.o ABSOLUTE
    ../clib/printf.c                         0x00000000   Number         0  __printf_wp.o ABSOLUTE
    ../clib/printf.c                         0x00000000   Number         0  __printf_ss_wp.o ABSOLUTE
    ../clib/printf.c                         0x00000000   Number         0  __printf_flags_wp.o ABSOLUTE
    ../clib/printf.c                         0x00000000   Number         0  __2printf.o ABSOLUTE
    ../clib/printf.c                         0x00000000   Number         0  noretval__2printf.o ABSOLUTE
    ../clib/printf.c                         0x00000000   Number         0  __printf.o ABSOLUTE
    ../clib/printf_percent.s                 0x00000000   Number         0  _printf_percent.o ABSOLUTE
    ../clib/printf_percent.s                 0x00000000   Number         0  _printf_x.o ABSOLUTE
    ../clib/printf_percent.s                 0x00000000   Number         0  _printf_percent_end.o ABSOLUTE
    ../clib/signal.c                         0x00000000   Number         0  defsig_abrt_inner.o ABSOLUTE
    ../clib/signal.c                         0x00000000   Number         0  defsig_rtmem_formal.o ABSOLUTE
    ../clib/signal.c                         0x00000000   Number         0  defsig_general.o ABSOLUTE
    ../clib/signal.c                         0x00000000   Number         0  __raise.o ABSOLUTE
    ../clib/signal.c                         0x00000000   Number         0  defsig_rtmem_inner.o ABSOLUTE
    ../clib/signal.c                         0x00000000   Number         0  defsig_exit.o ABSOLUTE
    ../clib/signal.c                         0x00000000   Number         0  defsig_fpe_inner.o ABSOLUTE
    ../clib/signal.c                         0x00000000   Number         0  defsig_segv_inner.o ABSOLUTE
    ../clib/signal.c                         0x00000000   Number         0  defsig_rtmem_outer.o ABSOLUTE
    ../clib/signal.c                         0x00000000   Number         0  defsig_other.o ABSOLUTE
    ../clib/signal.c                         0x00000000   Number         0  defsig_stak_inner.o ABSOLUTE
    ../clib/signal.c                         0x00000000   Number         0  defsig_rtred_inner.o ABSOLUTE
    ../clib/signal.c                         0x00000000   Number         0  defsig_pvfn_inner.o ABSOLUTE
    ../clib/signal.c                         0x00000000   Number         0  defsig_cppl_inner.o ABSOLUTE
    ../clib/signal.s                         0x00000000   Number         0  defsig.o ABSOLUTE
    ../clib/stdio.c                          0x00000000   Number         0  ferror_locked.o ABSOLUTE
    ../clib/stdio.c                          0x00000000   Number         0  ferror.o ABSOLUTE
    ../clib/stdlib.c                         0x00000000   Number         0  exit.o ABSOLUTE
    ../fplib/dfixu.s                         0x00000000   Number         0  dfixu.o ABSOLUTE
    ../fplib/dflt.s                          0x00000000   Number         0  dflt_clz.o ABSOLUTE
    ../fplib/dmul.s                          0x00000000   Number         0  dmul.o ABSOLUTE
    ../fplib/dnaninf.s                       0x00000000   Number         0  dnaninf.o ABSOLUTE
    ../fplib/dretinf.s                       0x00000000   Number         0  dretinf.o ABSOLUTE
    ../fplib/fpinit.s                        0x00000000   Number         0  fpinit.o ABSOLUTE
    ../fplib/usenofp.s                       0x00000000   Number         0  usenofp.o ABSOLUTE
    ..\..\Drivers\BSP\LCD\lcd.c              0x00000000   Number         0  lcd.o ABSOLUTE
    ..\..\Drivers\BSP\LED\led.c              0x00000000   Number         0  led.o ABSOLUTE
    ..\..\Drivers\CMSIS\Device\ST\STM32F1xx\Source\Templates\arm\startup_stm32f103xe.s 0x00000000   Number         0  startup_stm32f103xe.o ABSOLUTE
    ..\..\Drivers\CMSIS\Device\ST\STM32F1xx\Source\Templates\system_stm32f1xx.c 0x00000000   Number         0  system_stm32f1xx.o ABSOLUTE
    ..\..\Drivers\STM32F1xx_HAL_Driver\Src\stm32f1xx_hal.c 0x00000000   Number         0  stm32f1xx_hal.o ABSOLUTE
    ..\..\Drivers\STM32F1xx_HAL_Driver\Src\stm32f1xx_hal_cortex.c 0x00000000   Number         0  stm32f1xx_hal_cortex.o ABSOLUTE
    ..\..\Drivers\STM32F1xx_HAL_Driver\Src\stm32f1xx_hal_dma.c 0x00000000   Number         0  stm32f1xx_hal_dma.o ABSOLUTE
    ..\..\Drivers\STM32F1xx_HAL_Driver\Src\stm32f1xx_hal_gpio.c 0x00000000   Number         0  stm32f1xx_hal_gpio.o ABSOLUTE
    ..\..\Drivers\STM32F1xx_HAL_Driver\Src\stm32f1xx_hal_gpio_ex.c 0x00000000   Number         0  stm32f1xx_hal_gpio_ex.o ABSOLUTE
    ..\..\Drivers\STM32F1xx_HAL_Driver\Src\stm32f1xx_hal_rcc.c 0x00000000   Number         0  stm32f1xx_hal_rcc.o ABSOLUTE
    ..\..\Drivers\STM32F1xx_HAL_Driver\Src\stm32f1xx_hal_rcc_ex.c 0x00000000   Number         0  stm32f1xx_hal_rcc_ex.o ABSOLUTE
    ..\..\Drivers\STM32F1xx_HAL_Driver\Src\stm32f1xx_hal_sram.c 0x00000000   Number         0  stm32f1xx_hal_sram.o ABSOLUTE
    ..\..\Drivers\STM32F1xx_HAL_Driver\Src\stm32f1xx_hal_uart.c 0x00000000   Number         0  stm32f1xx_hal_uart.o ABSOLUTE
    ..\..\Drivers\STM32F1xx_HAL_Driver\Src\stm32f1xx_hal_usart.c 0x00000000   Number         0  stm32f1xx_hal_usart.o ABSOLUTE
    ..\..\Drivers\STM32F1xx_HAL_Driver\Src\stm32f1xx_ll_fsmc.c 0x00000000   Number         0  stm32f1xx_ll_fsmc.o ABSOLUTE
    ..\..\Drivers\SYSTEM\delay\delay.c       0x00000000   Number         0  delay.o ABSOLUTE
    ..\..\Drivers\SYSTEM\sys\sys.c           0x00000000   Number         0  sys.o ABSOLUTE
    ..\..\Drivers\SYSTEM\usart\usart.c       0x00000000   Number         0  usart.o ABSOLUTE
    ..\..\Rt-Thread\Src\context_rvds.s       0x00000000   Number         0  context_rvds.o ABSOLUTE
    ..\..\Rt-Thread\Src\cpuport.c            0x00000000   Number         0  cpuport.o ABSOLUTE
    ..\..\Rt-Thread\Src\scheduler.c          0x00000000   Number         0  scheduler.o ABSOLUTE
    ..\..\Rt-Thread\Src\thread.c             0x00000000   Number         0  thread.o ABSOLUTE
    ..\..\User\main.c                        0x00000000   Number         0  main.o ABSOLUTE
    ..\..\User\stm32f1xx_it.c                0x00000000   Number         0  stm32f1xx_it.o ABSOLUTE
    ..\\..\\Drivers\\BSP\\LCD\\lcd.c         0x00000000   Number         0  lcd.o ABSOLUTE
    ..\\..\\Drivers\\BSP\\LED\\led.c         0x00000000   Number         0  led.o ABSOLUTE
    ..\\..\\Drivers\\CMSIS\\Device\\ST\\STM32F1xx\\Source\\Templates\\system_stm32f1xx.c 0x00000000   Number         0  system_stm32f1xx.o ABSOLUTE
    ..\\..\\Drivers\\STM32F1xx_HAL_Driver\\Src\\stm32f1xx_hal.c 0x00000000   Number         0  stm32f1xx_hal.o ABSOLUTE
    ..\\..\\Drivers\\STM32F1xx_HAL_Driver\\Src\\stm32f1xx_hal_cortex.c 0x00000000   Number         0  stm32f1xx_hal_cortex.o ABSOLUTE
    ..\\..\\Drivers\\STM32F1xx_HAL_Driver\\Src\\stm32f1xx_hal_dma.c 0x00000000   Number         0  stm32f1xx_hal_dma.o ABSOLUTE
    ..\\..\\Drivers\\STM32F1xx_HAL_Driver\\Src\\stm32f1xx_hal_gpio.c 0x00000000   Number         0  stm32f1xx_hal_gpio.o ABSOLUTE
    ..\\..\\Drivers\\STM32F1xx_HAL_Driver\\Src\\stm32f1xx_hal_gpio_ex.c 0x00000000   Number         0  stm32f1xx_hal_gpio_ex.o ABSOLUTE
    ..\\..\\Drivers\\STM32F1xx_HAL_Driver\\Src\\stm32f1xx_hal_rcc.c 0x00000000   Number         0  stm32f1xx_hal_rcc.o ABSOLUTE
    ..\\..\\Drivers\\STM32F1xx_HAL_Driver\\Src\\stm32f1xx_hal_rcc_ex.c 0x00000000   Number         0  stm32f1xx_hal_rcc_ex.o ABSOLUTE
    ..\\..\\Drivers\\STM32F1xx_HAL_Driver\\Src\\stm32f1xx_hal_sram.c 0x00000000   Number         0  stm32f1xx_hal_sram.o ABSOLUTE
    ..\\..\\Drivers\\STM32F1xx_HAL_Driver\\Src\\stm32f1xx_hal_uart.c 0x00000000   Number         0  stm32f1xx_hal_uart.o ABSOLUTE
    ..\\..\\Drivers\\STM32F1xx_HAL_Driver\\Src\\stm32f1xx_hal_usart.c 0x00000000   Number         0  stm32f1xx_hal_usart.o ABSOLUTE
    ..\\..\\Drivers\\STM32F1xx_HAL_Driver\\Src\\stm32f1xx_ll_fsmc.c 0x00000000   Number         0  stm32f1xx_ll_fsmc.o ABSOLUTE
    ..\\..\\Drivers\\SYSTEM\\delay\\delay.c  0x00000000   Number         0  delay.o ABSOLUTE
    ..\\..\\Drivers\\SYSTEM\\sys\\sys.c      0x00000000   Number         0  sys.o ABSOLUTE
    ..\\..\\Drivers\\SYSTEM\\usart\\usart.c  0x00000000   Number         0  usart.o ABSOLUTE
    ..\\..\\User\\main.c                     0x00000000   Number         0  main.o ABSOLUTE
    ..\\..\\User\\stm32f1xx_it.c             0x00000000   Number         0  stm32f1xx_it.o ABSOLUTE
    dc.s                                     0x00000000   Number         0  dc.o ABSOLUTE
    !!!main                                  0x00000130   Section        8  __main.o(!!!main)
    !!!scatter                               0x00000138   Section       52  __scatter.o(!!!scatter)
    !!handler_copy                           0x0000016c   Section       26  __scatter_copy.o(!!handler_copy)
    !!handler_zi                             0x00000188   Section       28  __scatter_zi.o(!!handler_zi)
    .ARM.Collect$$libinit$$00000000          0x000001a4   Section        2  libinit.o(.ARM.Collect$$libinit$$00000000)
    .ARM.Collect$$libinit$$00000002          0x000001a6   Section        0  libinit2.o(.ARM.Collect$$libinit$$00000002)
    .ARM.Collect$$libinit$$00000004          0x000001a6   Section        0  libinit2.o(.ARM.Collect$$libinit$$00000004)
    .ARM.Collect$$libinit$$0000000A          0x000001a6   Section        0  libinit2.o(.ARM.Collect$$libinit$$0000000A)
    .ARM.Collect$$libinit$$0000000C          0x000001a6   Section        0  libinit2.o(.ARM.Collect$$libinit$$0000000C)
    .ARM.Collect$$libinit$$0000000E          0x000001a6   Section        0  libinit2.o(.ARM.Collect$$libinit$$0000000E)
    .ARM.Collect$$libinit$$00000011          0x000001a6   Section        0  libinit2.o(.ARM.Collect$$libinit$$00000011)
    .ARM.Collect$$libinit$$00000013          0x000001a6   Section        0  libinit2.o(.ARM.Collect$$libinit$$00000013)
    .ARM.Collect$$libinit$$00000015          0x000001a6   Section        0  libinit2.o(.ARM.Collect$$libinit$$00000015)
    .ARM.Collect$$libinit$$00000017          0x000001a6   Section        0  libinit2.o(.ARM.Collect$$libinit$$00000017)
    .ARM.Collect$$libinit$$00000019          0x000001a6   Section        0  libinit2.o(.ARM.Collect$$libinit$$00000019)
    .ARM.Collect$$libinit$$0000001B          0x000001a6   Section        0  libinit2.o(.ARM.Collect$$libinit$$0000001B)
    .ARM.Collect$$libinit$$0000001D          0x000001a6   Section        0  libinit2.o(.ARM.Collect$$libinit$$0000001D)
    .ARM.Collect$$libinit$$0000001F          0x000001a6   Section        0  libinit2.o(.ARM.Collect$$libinit$$0000001F)
    .ARM.Collect$$libinit$$00000021          0x000001a6   Section        0  libinit2.o(.ARM.Collect$$libinit$$00000021)
    .ARM.Collect$$libinit$$00000023          0x000001a6   Section        0  libinit2.o(.ARM.Collect$$libinit$$00000023)
    .ARM.Collect$$libinit$$00000025          0x000001a6   Section        0  libinit2.o(.ARM.Collect$$libinit$$00000025)
    .ARM.Collect$$libinit$$0000002C          0x000001a6   Section        0  libinit2.o(.ARM.Collect$$libinit$$0000002C)
    .ARM.Collect$$libinit$$0000002E          0x000001a6   Section        0  libinit2.o(.ARM.Collect$$libinit$$0000002E)
    .ARM.Collect$$libinit$$00000030          0x000001a6   Section        0  libinit2.o(.ARM.Collect$$libinit$$00000030)
    .ARM.Collect$$libinit$$00000032          0x000001a6   Section        0  libinit2.o(.ARM.Collect$$libinit$$00000032)
    .ARM.Collect$$libinit$$00000033          0x000001a6   Section        2  libinit2.o(.ARM.Collect$$libinit$$00000033)
    .ARM.Collect$$libshutdown$$00000000      0x000001a8   Section        2  libshutdown.o(.ARM.Collect$$libshutdown$$00000000)
    .ARM.Collect$$libshutdown$$00000002      0x000001aa   Section        0  libshutdown2.o(.ARM.Collect$$libshutdown$$00000002)
    .ARM.Collect$$libshutdown$$00000004      0x000001aa   Section        0  libshutdown2.o(.ARM.Collect$$libshutdown$$00000004)
    .ARM.Collect$$libshutdown$$00000007      0x000001aa   Section        0  libshutdown2.o(.ARM.Collect$$libshutdown$$00000007)
    .ARM.Collect$$libshutdown$$0000000A      0x000001aa   Section        0  libshutdown2.o(.ARM.Collect$$libshutdown$$0000000A)
    .ARM.Collect$$libshutdown$$0000000C      0x000001aa   Section        0  libshutdown2.o(.ARM.Collect$$libshutdown$$0000000C)
    .ARM.Collect$$libshutdown$$0000000F      0x000001aa   Section        0  libshutdown2.o(.ARM.Collect$$libshutdown$$0000000F)
    .ARM.Collect$$libshutdown$$00000010      0x000001aa   Section        2  libshutdown2.o(.ARM.Collect$$libshutdown$$00000010)
    .ARM.Collect$$rtentry$$00000000          0x000001ac   Section        0  __rtentry.o(.ARM.Collect$$rtentry$$00000000)
    .ARM.Collect$$rtentry$$00000002          0x000001ac   Section        0  __rtentry2.o(.ARM.Collect$$rtentry$$00000002)
    .ARM.Collect$$rtentry$$00000004          0x000001ac   Section        6  __rtentry4.o(.ARM.Collect$$rtentry$$00000004)
    .ARM.Collect$$rtentry$$00000009          0x000001b2   Section        0  __rtentry2.o(.ARM.Collect$$rtentry$$00000009)
    .ARM.Collect$$rtentry$$0000000A          0x000001b2   Section        4  __rtentry2.o(.ARM.Collect$$rtentry$$0000000A)
    .ARM.Collect$$rtentry$$0000000C          0x000001b6   Section        0  __rtentry2.o(.ARM.Collect$$rtentry$$0000000C)
    .ARM.Collect$$rtentry$$0000000D          0x000001b6   Section        8  __rtentry2.o(.ARM.Collect$$rtentry$$0000000D)
    .ARM.Collect$$rtexit$$00000000           0x000001be   Section        2  rtexit.o(.ARM.Collect$$rtexit$$00000000)
    .ARM.Collect$$rtexit$$00000002           0x000001c0   Section        0  rtexit2.o(.ARM.Collect$$rtexit$$00000002)
    .ARM.Collect$$rtexit$$00000003           0x000001c0   Section        4  rtexit2.o(.ARM.Collect$$rtexit$$00000003)
    .ARM.Collect$$rtexit$$00000004           0x000001c4   Section        6  rtexit2.o(.ARM.Collect$$rtexit$$00000004)
    .text                                    0x000001cc   Section       64  startup_stm32f103xe.o(.text)
    .text                                    0x0000020c   Section      160  context_rvds.o(.text)
    .text                                    0x000002ac   Section        2  use_no_semi_2.o(.text)
    .text                                    0x000002ae   Section        0  heapauxi.o(.text)
    .text                                    0x000002b4   Section        2  use_no_semi.o(.text)
    .text                                    0x000002b6   Section       74  sys_stackheap_outer.o(.text)
    .text                                    0x00000300   Section        0  exit.o(.text)
    .text                                    0x00000314   Section        8  libspace.o(.text)
    i.BusFault_Handler                       0x0000031c   Section        0  stm32f1xx_it.o(i.BusFault_Handler)
    i.DebugMon_Handler                       0x00000320   Section        0  stm32f1xx_it.o(i.DebugMon_Handler)
    i.HAL_DMA_Abort_IT                       0x00000324   Section        0  stm32f1xx_hal_dma.o(i.HAL_DMA_Abort_IT)
    i.HAL_IncTick                            0x000004cc   Section        0  stm32f1xx_hal.o(i.HAL_IncTick)
    i.HAL_UART_ErrorCallback                 0x000004e4   Section        0  stm32f1xx_hal_uart.o(i.HAL_UART_ErrorCallback)
    i.HAL_UART_IRQHandler                    0x000004e8   Section        0  stm32f1xx_hal_uart.o(i.HAL_UART_IRQHandler)
    i.HAL_UART_Receive_IT                    0x0000063c   Section        0  stm32f1xx_hal_uart.o(i.HAL_UART_Receive_IT)
    i.HAL_UART_RxCpltCallback                0x000006ac   Section        0  usart.o(i.HAL_UART_RxCpltCallback)
    i.HAL_UART_TxCpltCallback                0x00000748   Section        0  stm32f1xx_hal_uart.o(i.HAL_UART_TxCpltCallback)
    i.HardFault_Handler                      0x0000074a   Section        0  stm32f1xx_it.o(i.HardFault_Handler)
    i.MemManage_Handler                      0x0000074e   Section        0  stm32f1xx_it.o(i.MemManage_Handler)
    i.NMI_Handler                            0x00000752   Section        0  stm32f1xx_it.o(i.NMI_Handler)
    i.SVC_Handler                            0x00000754   Section        0  stm32f1xx_it.o(i.SVC_Handler)
    i.SysTick_Handler                        0x00000756   Section        0  stm32f1xx_it.o(i.SysTick_Handler)
    i.SystemInit                             0x0000075e   Section        0  system_stm32f1xx.o(i.SystemInit)
    i.UART_DMAAbortOnError                   0x00000760   Section        0  stm32f1xx_hal_uart.o(i.UART_DMAAbortOnError)
    UART_DMAAbortOnError                     0x00000761   Thumb Code    20  stm32f1xx_hal_uart.o(i.UART_DMAAbortOnError)
    i.UART_EndRxTransfer                     0x00000774   Section        0  stm32f1xx_hal_uart.o(i.UART_EndRxTransfer)
    UART_EndRxTransfer                       0x00000775   Thumb Code    32  stm32f1xx_hal_uart.o(i.UART_EndRxTransfer)
    i.UART_EndTransmit_IT                    0x00000794   Section        0  stm32f1xx_hal_uart.o(i.UART_EndTransmit_IT)
    UART_EndTransmit_IT                      0x00000795   Thumb Code    32  stm32f1xx_hal_uart.o(i.UART_EndTransmit_IT)
    i.UART_Receive_IT                        0x000007b4   Section        0  stm32f1xx_hal_uart.o(i.UART_Receive_IT)
    UART_Receive_IT                          0x000007b5   Thumb Code   160  stm32f1xx_hal_uart.o(i.UART_Receive_IT)
    i.UART_Transmit_IT                       0x00000854   Section        0  stm32f1xx_hal_uart.o(i.UART_Transmit_IT)
    UART_Transmit_IT                         0x00000855   Thumb Code    96  stm32f1xx_hal_uart.o(i.UART_Transmit_IT)
    i.USART1_IRQHandler                      0x000008b4   Section        0  usart.o(i.USART1_IRQHandler)
    i.UsageFault_Handler                     0x000008c4   Section        0  stm32f1xx_it.o(i.UsageFault_Handler)
    i._sys_exit                              0x000008c8   Section        0  usart.o(i._sys_exit)
    i.flag1_thread_entry                     0x000008cc   Section        0  main.o(i.flag1_thread_entry)
    i.flag2_thread_entry                     0x000008f0   Section        0  main.o(i.flag2_thread_entry)
    i.main                                   0x00000914   Section        0  main.o(i.main)
    i.rt_delay                               0x00000978   Section        0  main.o(i.rt_delay)
    i.rt_hw_stack_init                       0x00000984   Section        0  cpuport.o(i.rt_hw_stack_init)
    i.rt_list_insert_before                  0x000009c4   Section        0  main.o(i.rt_list_insert_before)
    rt_list_insert_before                    0x000009c5   Thumb Code    14  main.o(i.rt_list_insert_before)
    i.rt_schedule                            0x000009d4   Section        0  scheduler.o(i.rt_schedule)
    i.rt_system_scheduler_init               0x00000a18   Section        0  scheduler.o(i.rt_system_scheduler_init)
    i.rt_system_scheduler_start              0x00000a44   Section        0  scheduler.o(i.rt_system_scheduler_start)
    i.rt_thread_init                         0x00000a64   Section        0  thread.o(i.rt_thread_init)
    .data                                    0x20000000   Section        8  main.o(.data)
    .data                                    0x20000008   Section        7  usart.o(.data)
    .data                                    0x20000010   Section        9  stm32f1xx_hal.o(.data)
    .data                                    0x2000001c   Section       12  cpuport.o(.data)
    .data                                    0x20000028   Section        4  scheduler.o(.data)
    .bss                                     0x2000002c   Section     1080  main.o(.bss)
    .bss                                     0x20000464   Section      264  usart.o(.bss)
    .bss                                     0x2000056c   Section      256  scheduler.o(.bss)
    .bss                                     0x2000066c   Section       96  libspace.o(.bss)
    HEAP                                     0x200006d0   Section      512  startup_stm32f103xe.o(HEAP)
    Heap_Mem                                 0x200006d0   Data         512  startup_stm32f103xe.o(HEAP)
    STACK                                    0x200008d0   Section     1024  startup_stm32f103xe.o(STACK)
    Stack_Mem                                0x200008d0   Data        1024  startup_stm32f103xe.o(STACK)
    __initial_sp                             0x20000cd0   Data           0  startup_stm32f103xe.o(STACK)

    Global Symbols

    Symbol Name                              Value     Ov Type        Size  Object(Section)

    BuildAttributes$$THM_ISAv4$P$D$K$B$S$PE$A:L22UL41UL21$X:L11$S22US41US21$IEEE1$IW$USESV6$~STKCKD$USESV7$~SHL$OSPACE$ROPI$EBA8$UX$STANDARDLIB$REQ8$PRES8$EABIv2 0x00000000   Number         0  anon$$obj.o ABSOLUTE
    __ARM_use_no_argv                        0x00000000   Number         0  main.o ABSOLUTE
    __Vectors                                0x00000000   Data           4  startup_stm32f103xe.o(RESET)
    __ARM_exceptions_init                     - Undefined Weak Reference
    __alloca_initialize                       - Undefined Weak Reference
    __arm_preinit_                            - Undefined Weak Reference
    __cpp_initialize__aeabi_                  - Undefined Weak Reference
    __cxa_finalize                            - Undefined Weak Reference
    __rt_locale                               - Undefined Weak Reference
    __sigvec_lookup                           - Undefined Weak Reference
    _atexit_init                              - Undefined Weak Reference
    _call_atexit_fns                          - Undefined Weak Reference
    _clock_init                               - Undefined Weak Reference
    _fp_trap_init                             - Undefined Weak Reference
    _fp_trap_shutdown                         - Undefined Weak Reference
    _get_lc_collate                           - Undefined Weak Reference
    _get_lc_ctype                             - Undefined Weak Reference
    _get_lc_monetary                          - Undefined Weak Reference
    _get_lc_numeric                           - Undefined Weak Reference
    _get_lc_time                              - Undefined Weak Reference
    _getenv_init                              - Undefined Weak Reference
    _handle_redirection                       - Undefined Weak Reference
    _init_alloc                               - Undefined Weak Reference
    _init_user_alloc                          - Undefined Weak Reference
    _initio                                   - Undefined Weak Reference
    _mutex_acquire                            - Undefined Weak Reference
    _mutex_release                            - Undefined Weak Reference
    _printf_post_padding                      - Undefined Weak Reference
    _printf_pre_padding                       - Undefined Weak Reference
    _printf_truncate_unsigned                 - Undefined Weak Reference
    _rand_init                                - Undefined Weak Reference
    _signal_finish                            - Undefined Weak Reference
    _signal_init                              - Undefined Weak Reference
    _terminate_alloc                          - Undefined Weak Reference
    _terminate_user_alloc                     - Undefined Weak Reference
    _terminateio                              - Undefined Weak Reference
    __Vectors_End                            0x00000130   Data           0  startup_stm32f103xe.o(RESET)
    __Vectors_Size                           0x00000130   Number         0  startup_stm32f103xe.o ABSOLUTE
    __main                                   0x00000131   Thumb Code     8  __main.o(!!!main)
    __scatterload                            0x00000139   Thumb Code     0  __scatter.o(!!!scatter)
    __scatterload_rt2                        0x00000139   Thumb Code    44  __scatter.o(!!!scatter)
    __scatterload_rt2_thumb_only             0x00000139   Thumb Code     0  __scatter.o(!!!scatter)
    __scatterload_null                       0x00000147   Thumb Code     0  __scatter.o(!!!scatter)
    __scatterload_copy                       0x0000016d   Thumb Code    26  __scatter_copy.o(!!handler_copy)
    __scatterload_zeroinit                   0x00000189   Thumb Code    28  __scatter_zi.o(!!handler_zi)
    __rt_lib_init                            0x000001a5   Thumb Code     0  libinit.o(.ARM.Collect$$libinit$$00000000)
    __rt_lib_init_alloca_1                   0x000001a7   Thumb Code     0  libinit2.o(.ARM.Collect$$libinit$$0000002E)
    __rt_lib_init_argv_1                     0x000001a7   Thumb Code     0  libinit2.o(.ARM.Collect$$libinit$$0000002C)
    __rt_lib_init_atexit_1                   0x000001a7   Thumb Code     0  libinit2.o(.ARM.Collect$$libinit$$0000001B)
    __rt_lib_init_clock_1                    0x000001a7   Thumb Code     0  libinit2.o(.ARM.Collect$$libinit$$00000021)
    __rt_lib_init_cpp_1                      0x000001a7   Thumb Code     0  libinit2.o(.ARM.Collect$$libinit$$00000032)
    __rt_lib_init_exceptions_1               0x000001a7   Thumb Code     0  libinit2.o(.ARM.Collect$$libinit$$00000030)
    __rt_lib_init_fp_1                       0x000001a7   Thumb Code     0  libinit2.o(.ARM.Collect$$libinit$$00000002)
    __rt_lib_init_fp_trap_1                  0x000001a7   Thumb Code     0  libinit2.o(.ARM.Collect$$libinit$$0000001F)
    __rt_lib_init_getenv_1                   0x000001a7   Thumb Code     0  libinit2.o(.ARM.Collect$$libinit$$00000023)
    __rt_lib_init_heap_1                     0x000001a7   Thumb Code     0  libinit2.o(.ARM.Collect$$libinit$$0000000A)
    __rt_lib_init_lc_collate_1               0x000001a7   Thumb Code     0  libinit2.o(.ARM.Collect$$libinit$$00000011)
    __rt_lib_init_lc_ctype_1                 0x000001a7   Thumb Code     0  libinit2.o(.ARM.Collect$$libinit$$00000013)
    __rt_lib_init_lc_monetary_1              0x000001a7   Thumb Code     0  libinit2.o(.ARM.Collect$$libinit$$00000015)
    __rt_lib_init_lc_numeric_1               0x000001a7   Thumb Code     0  libinit2.o(.ARM.Collect$$libinit$$00000017)
    __rt_lib_init_lc_time_1                  0x000001a7   Thumb Code     0  libinit2.o(.ARM.Collect$$libinit$$00000019)
    __rt_lib_init_preinit_1                  0x000001a7   Thumb Code     0  libinit2.o(.ARM.Collect$$libinit$$00000004)
    __rt_lib_init_rand_1                     0x000001a7   Thumb Code     0  libinit2.o(.ARM.Collect$$libinit$$0000000E)
    __rt_lib_init_return                     0x000001a7   Thumb Code     0  libinit2.o(.ARM.Collect$$libinit$$00000033)
    __rt_lib_init_signal_1                   0x000001a7   Thumb Code     0  libinit2.o(.ARM.Collect$$libinit$$0000001D)
    __rt_lib_init_stdio_1                    0x000001a7   Thumb Code     0  libinit2.o(.ARM.Collect$$libinit$$00000025)
    __rt_lib_init_user_alloc_1               0x000001a7   Thumb Code     0  libinit2.o(.ARM.Collect$$libinit$$0000000C)
    __rt_lib_shutdown                        0x000001a9   Thumb Code     0  libshutdown.o(.ARM.Collect$$libshutdown$$00000000)
    __rt_lib_shutdown_cpp_1                  0x000001ab   Thumb Code     0  libshutdown2.o(.ARM.Collect$$libshutdown$$00000002)
    __rt_lib_shutdown_fp_trap_1              0x000001ab   Thumb Code     0  libshutdown2.o(.ARM.Collect$$libshutdown$$00000007)
    __rt_lib_shutdown_heap_1                 0x000001ab   Thumb Code     0  libshutdown2.o(.ARM.Collect$$libshutdown$$0000000F)
    __rt_lib_shutdown_return                 0x000001ab   Thumb Code     0  libshutdown2.o(.ARM.Collect$$libshutdown$$00000010)
    __rt_lib_shutdown_signal_1               0x000001ab   Thumb Code     0  libshutdown2.o(.ARM.Collect$$libshutdown$$0000000A)
    __rt_lib_shutdown_stdio_1                0x000001ab   Thumb Code     0  libshutdown2.o(.ARM.Collect$$libshutdown$$00000004)
    __rt_lib_shutdown_user_alloc_1           0x000001ab   Thumb Code     0  libshutdown2.o(.ARM.Collect$$libshutdown$$0000000C)
    __rt_entry                               0x000001ad   Thumb Code     0  __rtentry.o(.ARM.Collect$$rtentry$$00000000)
    __rt_entry_presh_1                       0x000001ad   Thumb Code     0  __rtentry2.o(.ARM.Collect$$rtentry$$00000002)
    __rt_entry_sh                            0x000001ad   Thumb Code     0  __rtentry4.o(.ARM.Collect$$rtentry$$00000004)
    __rt_entry_li                            0x000001b3   Thumb Code     0  __rtentry2.o(.ARM.Collect$$rtentry$$0000000A)
    __rt_entry_postsh_1                      0x000001b3   Thumb Code     0  __rtentry2.o(.ARM.Collect$$rtentry$$00000009)
    __rt_entry_main                          0x000001b7   Thumb Code     0  __rtentry2.o(.ARM.Collect$$rtentry$$0000000D)
    __rt_entry_postli_1                      0x000001b7   Thumb Code     0  __rtentry2.o(.ARM.Collect$$rtentry$$0000000C)
    __rt_exit                                0x000001bf   Thumb Code     0  rtexit.o(.ARM.Collect$$rtexit$$00000000)
    __rt_exit_ls                             0x000001c1   Thumb Code     0  rtexit2.o(.ARM.Collect$$rtexit$$00000003)
    __rt_exit_prels_1                        0x000001c1   Thumb Code     0  rtexit2.o(.ARM.Collect$$rtexit$$00000002)
    __rt_exit_exit                           0x000001c5   Thumb Code     0  rtexit2.o(.ARM.Collect$$rtexit$$00000004)
    Reset_Handler                            0x000001cd   Thumb Code     8  startup_stm32f103xe.o(.text)
    ADC1_2_IRQHandler                        0x000001e7   Thumb Code     0  startup_stm32f103xe.o(.text)
    ADC3_IRQHandler                          0x000001e7   Thumb Code     0  startup_stm32f103xe.o(.text)
    CAN1_RX1_IRQHandler                      0x000001e7   Thumb Code     0  startup_stm32f103xe.o(.text)
    CAN1_SCE_IRQHandler                      0x000001e7   Thumb Code     0  startup_stm32f103xe.o(.text)
    DMA1_Channel1_IRQHandler                 0x000001e7   Thumb Code     0  startup_stm32f103xe.o(.text)
    DMA1_Channel2_IRQHandler                 0x000001e7   Thumb Code     0  startup_stm32f103xe.o(.text)
    DMA1_Channel3_IRQHandler                 0x000001e7   Thumb Code     0  startup_stm32f103xe.o(.text)
    DMA1_Channel4_IRQHandler                 0x000001e7   Thumb Code     0  startup_stm32f103xe.o(.text)
    DMA1_Channel5_IRQHandler                 0x000001e7   Thumb Code     0  startup_stm32f103xe.o(.text)
    DMA1_Channel6_IRQHandler                 0x000001e7   Thumb Code     0  startup_stm32f103xe.o(.text)
    DMA1_Channel7_IRQHandler                 0x000001e7   Thumb Code     0  startup_stm32f103xe.o(.text)
    DMA2_Channel1_IRQHandler                 0x000001e7   Thumb Code     0  startup_stm32f103xe.o(.text)
    DMA2_Channel2_IRQHandler                 0x000001e7   Thumb Code     0  startup_stm32f103xe.o(.text)
    DMA2_Channel3_IRQHandler                 0x000001e7   Thumb Code     0  startup_stm32f103xe.o(.text)
    DMA2_Channel4_5_IRQHandler               0x000001e7   Thumb Code     0  startup_stm32f103xe.o(.text)
    EXTI0_IRQHandler                         0x000001e7   Thumb Code     0  startup_stm32f103xe.o(.text)
    EXTI15_10_IRQHandler                     0x000001e7   Thumb Code     0  startup_stm32f103xe.o(.text)
    EXTI1_IRQHandler                         0x000001e7   Thumb Code     0  startup_stm32f103xe.o(.text)
    EXTI2_IRQHandler                         0x000001e7   Thumb Code     0  startup_stm32f103xe.o(.text)
    EXTI3_IRQHandler                         0x000001e7   Thumb Code     0  startup_stm32f103xe.o(.text)
    EXTI4_IRQHandler                         0x000001e7   Thumb Code     0  startup_stm32f103xe.o(.text)
    EXTI9_5_IRQHandler                       0x000001e7   Thumb Code     0  startup_stm32f103xe.o(.text)
    FLASH_IRQHandler                         0x000001e7   Thumb Code     0  startup_stm32f103xe.o(.text)
    FSMC_IRQHandler                          0x000001e7   Thumb Code     0  startup_stm32f103xe.o(.text)
    I2C1_ER_IRQHandler                       0x000001e7   Thumb Code     0  startup_stm32f103xe.o(.text)
    I2C1_EV_IRQHandler                       0x000001e7   Thumb Code     0  startup_stm32f103xe.o(.text)
    I2C2_ER_IRQHandler                       0x000001e7   Thumb Code     0  startup_stm32f103xe.o(.text)
    I2C2_EV_IRQHandler                       0x000001e7   Thumb Code     0  startup_stm32f103xe.o(.text)
    PVD_IRQHandler                           0x000001e7   Thumb Code     0  startup_stm32f103xe.o(.text)
    RCC_IRQHandler                           0x000001e7   Thumb Code     0  startup_stm32f103xe.o(.text)
    RTC_Alarm_IRQHandler                     0x000001e7   Thumb Code     0  startup_stm32f103xe.o(.text)
    RTC_IRQHandler                           0x000001e7   Thumb Code     0  startup_stm32f103xe.o(.text)
    SDIO_IRQHandler                          0x000001e7   Thumb Code     0  startup_stm32f103xe.o(.text)
    SPI1_IRQHandler                          0x000001e7   Thumb Code     0  startup_stm32f103xe.o(.text)
    SPI2_IRQHandler                          0x000001e7   Thumb Code     0  startup_stm32f103xe.o(.text)
    SPI3_IRQHandler                          0x000001e7   Thumb Code     0  startup_stm32f103xe.o(.text)
    TAMPER_IRQHandler                        0x000001e7   Thumb Code     0  startup_stm32f103xe.o(.text)
    TIM1_BRK_IRQHandler                      0x000001e7   Thumb Code     0  startup_stm32f103xe.o(.text)
    TIM1_CC_IRQHandler                       0x000001e7   Thumb Code     0  startup_stm32f103xe.o(.text)
    TIM1_TRG_COM_IRQHandler                  0x000001e7   Thumb Code     0  startup_stm32f103xe.o(.text)
    TIM1_UP_IRQHandler                       0x000001e7   Thumb Code     0  startup_stm32f103xe.o(.text)
    TIM2_IRQHandler                          0x000001e7   Thumb Code     0  startup_stm32f103xe.o(.text)
    TIM3_IRQHandler                          0x000001e7   Thumb Code     0  startup_stm32f103xe.o(.text)
    TIM4_IRQHandler                          0x000001e7   Thumb Code     0  startup_stm32f103xe.o(.text)
    TIM5_IRQHandler                          0x000001e7   Thumb Code     0  startup_stm32f103xe.o(.text)
    TIM6_IRQHandler                          0x000001e7   Thumb Code     0  startup_stm32f103xe.o(.text)
    TIM7_IRQHandler                          0x000001e7   Thumb Code     0  startup_stm32f103xe.o(.text)
    TIM8_BRK_IRQHandler                      0x000001e7   Thumb Code     0  startup_stm32f103xe.o(.text)
    TIM8_CC_IRQHandler                       0x000001e7   Thumb Code     0  startup_stm32f103xe.o(.text)
    TIM8_TRG_COM_IRQHandler                  0x000001e7   Thumb Code     0  startup_stm32f103xe.o(.text)
    TIM8_UP_IRQHandler                       0x000001e7   Thumb Code     0  startup_stm32f103xe.o(.text)
    UART4_IRQHandler                         0x000001e7   Thumb Code     0  startup_stm32f103xe.o(.text)
    UART5_IRQHandler                         0x000001e7   Thumb Code     0  startup_stm32f103xe.o(.text)
    USART2_IRQHandler                        0x000001e7   Thumb Code     0  startup_stm32f103xe.o(.text)
    USART3_IRQHandler                        0x000001e7   Thumb Code     0  startup_stm32f103xe.o(.text)
    USBWakeUp_IRQHandler                     0x000001e7   Thumb Code     0  startup_stm32f103xe.o(.text)
    USB_HP_CAN1_TX_IRQHandler                0x000001e7   Thumb Code     0  startup_stm32f103xe.o(.text)
    USB_LP_CAN1_RX0_IRQHandler               0x000001e7   Thumb Code     0  startup_stm32f103xe.o(.text)
    WWDG_IRQHandler                          0x000001e7   Thumb Code     0  startup_stm32f103xe.o(.text)
    __user_initial_stackheap                 0x000001e9   Thumb Code     0  startup_stm32f103xe.o(.text)
    rt_hw_context_switch_to                  0x0000020d   Thumb Code    48  context_rvds.o(.text)
    rt_hw_context_switch                     0x0000023d   Thumb Code    32  context_rvds.o(.text)
    PendSV_Handler                           0x0000025d   Thumb Code    60  context_rvds.o(.text)
    __use_no_semihosting                     0x000002ad   Thumb Code     2  use_no_semi_2.o(.text)
    __use_two_region_memory                  0x000002af   Thumb Code     2  heapauxi.o(.text)
    __rt_heap_escrow$2region                 0x000002b1   Thumb Code     2  heapauxi.o(.text)
    __rt_heap_expand$2region                 0x000002b3   Thumb Code     2  heapauxi.o(.text)
    __semihosting$guard                      0x000002b5   Thumb Code     0  use_no_semi.o(.text)
    __use_no_semihosting_swi                 0x000002b5   Thumb Code     2  use_no_semi.o(.text)
    __user_setup_stackheap                   0x000002b7   Thumb Code    74  sys_stackheap_outer.o(.text)
    exit                                     0x00000301   Thumb Code    18  exit.o(.text)
    __user_libspace                          0x00000315   Thumb Code     8  libspace.o(.text)
    __user_perproc_libspace                  0x00000315   Thumb Code     0  libspace.o(.text)
    __user_perthread_libspace                0x00000315   Thumb Code     0  libspace.o(.text)
    BusFault_Handler                         0x0000031d   Thumb Code     4  stm32f1xx_it.o(i.BusFault_Handler)
    DebugMon_Handler                         0x00000321   Thumb Code     2  stm32f1xx_it.o(i.DebugMon_Handler)
    HAL_DMA_Abort_IT                         0x00000325   Thumb Code   414  stm32f1xx_hal_dma.o(i.HAL_DMA_Abort_IT)
    HAL_IncTick                              0x000004cd   Thumb Code    16  stm32f1xx_hal.o(i.HAL_IncTick)
    HAL_UART_ErrorCallback                   0x000004e5   Thumb Code     2  stm32f1xx_hal_uart.o(i.HAL_UART_ErrorCallback)
    HAL_UART_IRQHandler                      0x000004e9   Thumb Code   334  stm32f1xx_hal_uart.o(i.HAL_UART_IRQHandler)
    HAL_UART_Receive_IT                      0x0000063d   Thumb Code   112  stm32f1xx_hal_uart.o(i.HAL_UART_Receive_IT)
    HAL_UART_RxCpltCallback                  0x000006ad   Thumb Code   134  usart.o(i.HAL_UART_RxCpltCallback)
    HAL_UART_TxCpltCallback                  0x00000749   Thumb Code     2  stm32f1xx_hal_uart.o(i.HAL_UART_TxCpltCallback)
    HardFault_Handler                        0x0000074b   Thumb Code     4  stm32f1xx_it.o(i.HardFault_Handler)
    MemManage_Handler                        0x0000074f   Thumb Code     4  stm32f1xx_it.o(i.MemManage_Handler)
    NMI_Handler                              0x00000753   Thumb Code     2  stm32f1xx_it.o(i.NMI_Handler)
    SVC_Handler                              0x00000755   Thumb Code     2  stm32f1xx_it.o(i.SVC_Handler)
    SysTick_Handler                          0x00000757   Thumb Code     8  stm32f1xx_it.o(i.SysTick_Handler)
    SystemInit                               0x0000075f   Thumb Code     2  system_stm32f1xx.o(i.SystemInit)
    USART1_IRQHandler                        0x000008b5   Thumb Code    10  usart.o(i.USART1_IRQHandler)
    UsageFault_Handler                       0x000008c5   Thumb Code     4  stm32f1xx_it.o(i.UsageFault_Handler)
    _sys_exit                                0x000008c9   Thumb Code     4  usart.o(i._sys_exit)
    flag1_thread_entry                       0x000008cd   Thumb Code    32  main.o(i.flag1_thread_entry)
    flag2_thread_entry                       0x000008f1   Thumb Code    32  main.o(i.flag2_thread_entry)
    main                                     0x00000915   Thumb Code    72  main.o(i.main)
    rt_delay                                 0x00000979   Thumb Code    10  main.o(i.rt_delay)
    rt_hw_stack_init                         0x00000985   Thumb Code    58  cpuport.o(i.rt_hw_stack_init)
    rt_schedule                              0x000009d5   Thumb Code    60  scheduler.o(i.rt_schedule)
    rt_system_scheduler_init                 0x00000a19   Thumb Code    34  scheduler.o(i.rt_system_scheduler_init)
    rt_system_scheduler_start                0x00000a45   Thumb Code    22  scheduler.o(i.rt_system_scheduler_start)
    rt_thread_init                           0x00000a65   Thumb Code    60  thread.o(i.rt_thread_init)
    Region$$Table$$Base                      0x00000aa0   Number         0  anon$$obj.o(Region$$Table)
    Region$$Table$$Limit                     0x00000ac0   Number         0  anon$$obj.o(Region$$Table)
    flag1                                    0x20000000   Data           4  main.o(.data)
    flag2                                    0x20000004   Data           4  main.o(.data)
    __stdout                                 0x20000008   Data           4  usart.o(.data)
    g_usart_rx_sta                           0x2000000c   Data           2  usart.o(.data)
    g_rx_buffer                              0x2000000e   Data           1  usart.o(.data)
    uwTick                                   0x20000010   Data           4  stm32f1xx_hal.o(.data)
    uwTickPrio                               0x20000014   Data           4  stm32f1xx_hal.o(.data)
    uwTickFreq                               0x20000018   Data           1  stm32f1xx_hal.o(.data)
    rt_interrupt_from_thread                 0x2000001c   Data           4  cpuport.o(.data)
    rt_interrupt_to_thread                   0x20000020   Data           4  cpuport.o(.data)
    rt_thread_switch_interrupt_flag          0x20000024   Data           4  cpuport.o(.data)
    rt_current_thread                        0x20000028   Data           4  scheduler.o(.data)
    rt_flag1_thread_stack                    0x2000002c   Data         512  main.o(.bss)
    rt_flag2_thread_stack                    0x2000022c   Data         512  main.o(.bss)
    rt_flag1_thread                          0x2000042c   Data          28  main.o(.bss)
    rt_flag2_thread                          0x20000448   Data          28  main.o(.bss)
    g_usart_rx_buf                           0x20000464   Data         200  usart.o(.bss)
    g_uart1_handle                           0x2000052c   Data          64  usart.o(.bss)
    rt_thread_priority_table                 0x2000056c   Data         256  scheduler.o(.bss)
    __libspace_start                         0x2000066c   Data          96  libspace.o(.bss)
    __temporary_stack_top$libspace           0x200006cc   Data           0  libspace.o(.bss)



==============================================================================

Memory Map of the image

  Image Entry point : 0x00000131

  Load Region LR_IROM1 (Base: 0x00000000, Size: 0x00000aec, Max: 0x00040000, ABSOLUTE)

    Execution Region ER_IROM1 (Exec base: 0x00000000, Load base: 0x00000000, Size: 0x00000ac0, Max: 0x00040000, ABSOLUTE)

    Exec Addr    Load Addr    Size         Type   Attr      Idx    E Section Name        Object

    0x00000000   0x00000000   0x00000130   Data   RO            3    RESET               startup_stm32f103xe.o
    0x00000130   0x00000130   0x00000008   Code   RO         2605  * !!!main             c_w.l(__main.o)
    0x00000138   0x00000138   0x00000034   Code   RO         2785    !!!scatter          c_w.l(__scatter.o)
    0x0000016c   0x0000016c   0x0000001a   Code   RO         2787    !!handler_copy      c_w.l(__scatter_copy.o)
    0x00000186   0x00000186   0x00000002   PAD
    0x00000188   0x00000188   0x0000001c   Code   RO         2789    !!handler_zi        c_w.l(__scatter_zi.o)
    0x000001a4   0x000001a4   0x00000002   Code   RO         2664    .ARM.Collect$$libinit$$00000000  c_w.l(libinit.o)
    0x000001a6   0x000001a6   0x00000000   Code   RO         2671    .ARM.Collect$$libinit$$00000002  c_w.l(libinit2.o)
    0x000001a6   0x000001a6   0x00000000   Code   RO         2673    .ARM.Collect$$libinit$$00000004  c_w.l(libinit2.o)
    0x000001a6   0x000001a6   0x00000000   Code   RO         2676    .ARM.Collect$$libinit$$0000000A  c_w.l(libinit2.o)
    0x000001a6   0x000001a6   0x00000000   Code   RO         2678    .ARM.Collect$$libinit$$0000000C  c_w.l(libinit2.o)
    0x000001a6   0x000001a6   0x00000000   Code   RO         2680    .ARM.Collect$$libinit$$0000000E  c_w.l(libinit2.o)
    0x000001a6   0x000001a6   0x00000000   Code   RO         2683    .ARM.Collect$$libinit$$00000011  c_w.l(libinit2.o)
    0x000001a6   0x000001a6   0x00000000   Code   RO         2685    .ARM.Collect$$libinit$$00000013  c_w.l(libinit2.o)
    0x000001a6   0x000001a6   0x00000000   Code   RO         2687    .ARM.Collect$$libinit$$00000015  c_w.l(libinit2.o)
    0x000001a6   0x000001a6   0x00000000   Code   RO         2689    .ARM.Collect$$libinit$$00000017  c_w.l(libinit2.o)
    0x000001a6   0x000001a6   0x00000000   Code   RO         2691    .ARM.Collect$$libinit$$00000019  c_w.l(libinit2.o)
    0x000001a6   0x000001a6   0x00000000   Code   RO         2693    .ARM.Collect$$libinit$$0000001B  c_w.l(libinit2.o)
    0x000001a6   0x000001a6   0x00000000   Code   RO         2695    .ARM.Collect$$libinit$$0000001D  c_w.l(libinit2.o)
    0x000001a6   0x000001a6   0x00000000   Code   RO         2697    .ARM.Collect$$libinit$$0000001F  c_w.l(libinit2.o)
    0x000001a6   0x000001a6   0x00000000   Code   RO         2699    .ARM.Collect$$libinit$$00000021  c_w.l(libinit2.o)
    0x000001a6   0x000001a6   0x00000000   Code   RO         2701    .ARM.Collect$$libinit$$00000023  c_w.l(libinit2.o)
    0x000001a6   0x000001a6   0x00000000   Code   RO         2703    .ARM.Collect$$libinit$$00000025  c_w.l(libinit2.o)
    0x000001a6   0x000001a6   0x00000000   Code   RO         2707    .ARM.Collect$$libinit$$0000002C  c_w.l(libinit2.o)
    0x000001a6   0x000001a6   0x00000000   Code   RO         2709    .ARM.Collect$$libinit$$0000002E  c_w.l(libinit2.o)
    0x000001a6   0x000001a6   0x00000000   Code   RO         2711    .ARM.Collect$$libinit$$00000030  c_w.l(libinit2.o)
    0x000001a6   0x000001a6   0x00000000   Code   RO         2713    .ARM.Collect$$libinit$$00000032  c_w.l(libinit2.o)
    0x000001a6   0x000001a6   0x00000002   Code   RO         2714    .ARM.Collect$$libinit$$00000033  c_w.l(libinit2.o)
    0x000001a8   0x000001a8   0x00000002   Code   RO         2732    .ARM.Collect$$libshutdown$$00000000  c_w.l(libshutdown.o)
    0x000001aa   0x000001aa   0x00000000   Code   RO         2740    .ARM.Collect$$libshutdown$$00000002  c_w.l(libshutdown2.o)
    0x000001aa   0x000001aa   0x00000000   Code   RO         2742    .ARM.Collect$$libshutdown$$00000004  c_w.l(libshutdown2.o)
    0x000001aa   0x000001aa   0x00000000   Code   RO         2745    .ARM.Collect$$libshutdown$$00000007  c_w.l(libshutdown2.o)
    0x000001aa   0x000001aa   0x00000000   Code   RO         2748    .ARM.Collect$$libshutdown$$0000000A  c_w.l(libshutdown2.o)
    0x000001aa   0x000001aa   0x00000000   Code   RO         2750    .ARM.Collect$$libshutdown$$0000000C  c_w.l(libshutdown2.o)
    0x000001aa   0x000001aa   0x00000000   Code   RO         2753    .ARM.Collect$$libshutdown$$0000000F  c_w.l(libshutdown2.o)
    0x000001aa   0x000001aa   0x00000002   Code   RO         2754    .ARM.Collect$$libshutdown$$00000010  c_w.l(libshutdown2.o)
    0x000001ac   0x000001ac   0x00000000   Code   RO         2621    .ARM.Collect$$rtentry$$00000000  c_w.l(__rtentry.o)
    0x000001ac   0x000001ac   0x00000000   Code   RO         2633    .ARM.Collect$$rtentry$$00000002  c_w.l(__rtentry2.o)
    0x000001ac   0x000001ac   0x00000006   Code   RO         2645    .ARM.Collect$$rtentry$$00000004  c_w.l(__rtentry4.o)
    0x000001b2   0x000001b2   0x00000000   Code   RO         2635    .ARM.Collect$$rtentry$$00000009  c_w.l(__rtentry2.o)
    0x000001b2   0x000001b2   0x00000004   Code   RO         2636    .ARM.Collect$$rtentry$$0000000A  c_w.l(__rtentry2.o)
    0x000001b6   0x000001b6   0x00000000   Code   RO         2638    .ARM.Collect$$rtentry$$0000000C  c_w.l(__rtentry2.o)
    0x000001b6   0x000001b6   0x00000008   Code   RO         2639    .ARM.Collect$$rtentry$$0000000D  c_w.l(__rtentry2.o)
    0x000001be   0x000001be   0x00000002   Code   RO         2668    .ARM.Collect$$rtexit$$00000000  c_w.l(rtexit.o)
    0x000001c0   0x000001c0   0x00000000   Code   RO         2716    .ARM.Collect$$rtexit$$00000002  c_w.l(rtexit2.o)
    0x000001c0   0x000001c0   0x00000004   Code   RO         2717    .ARM.Collect$$rtexit$$00000003  c_w.l(rtexit2.o)
    0x000001c4   0x000001c4   0x00000006   Code   RO         2718    .ARM.Collect$$rtexit$$00000004  c_w.l(rtexit2.o)
    0x000001ca   0x000001ca   0x00000002   PAD
    0x000001cc   0x000001cc   0x00000040   Code   RO            4    .text               startup_stm32f103xe.o
    0x0000020c   0x0000020c   0x000000a0   Code   RO         2544    .text               context_rvds.o
    0x000002ac   0x000002ac   0x00000002   Code   RO         2550    .text               c_w.l(use_no_semi_2.o)
    0x000002ae   0x000002ae   0x00000006   Code   RO         2603    .text               c_w.l(heapauxi.o)
    0x000002b4   0x000002b4   0x00000002   Code   RO         2619    .text               c_w.l(use_no_semi.o)
    0x000002b6   0x000002b6   0x0000004a   Code   RO         2653    .text               c_w.l(sys_stackheap_outer.o)
    0x00000300   0x00000300   0x00000012   Code   RO         2657    .text               c_w.l(exit.o)
    0x00000312   0x00000312   0x00000002   PAD
    0x00000314   0x00000314   0x00000008   Code   RO         2665    .text               c_w.l(libspace.o)
    0x0000031c   0x0000031c   0x00000004   Code   RO          316    i.BusFault_Handler  stm32f1xx_it.o
    0x00000320   0x00000320   0x00000002   Code   RO          317    i.DebugMon_Handler  stm32f1xx_it.o
    0x00000322   0x00000322   0x00000002   PAD
    0x00000324   0x00000324   0x000001a8   Code   RO         1005    i.HAL_DMA_Abort_IT  stm32f1xx_hal_dma.o
    0x000004cc   0x000004cc   0x00000018   Code   RO          724    i.HAL_IncTick       stm32f1xx_hal.o
    0x000004e4   0x000004e4   0x00000002   Code   RO         1364    i.HAL_UART_ErrorCallback  stm32f1xx_hal_uart.o
    0x000004e6   0x000004e6   0x00000002   PAD
    0x000004e8   0x000004e8   0x00000154   Code   RO         1367    i.HAL_UART_IRQHandler  stm32f1xx_hal_uart.o
    0x0000063c   0x0000063c   0x00000070   Code   RO         1373    i.HAL_UART_Receive_IT  stm32f1xx_hal_uart.o
    0x000006ac   0x000006ac   0x0000009c   Code   RO          631    i.HAL_UART_RxCpltCallback  usart.o
    0x00000748   0x00000748   0x00000002   Code   RO         1379    i.HAL_UART_TxCpltCallback  stm32f1xx_hal_uart.o
    0x0000074a   0x0000074a   0x00000004   Code   RO          318    i.HardFault_Handler  stm32f1xx_it.o
    0x0000074e   0x0000074e   0x00000004   Code   RO          319    i.MemManage_Handler  stm32f1xx_it.o
    0x00000752   0x00000752   0x00000002   Code   RO          320    i.NMI_Handler       stm32f1xx_it.o
    0x00000754   0x00000754   0x00000002   Code   RO          321    i.SVC_Handler       stm32f1xx_it.o
    0x00000756   0x00000756   0x00000008   Code   RO          322    i.SysTick_Handler   stm32f1xx_it.o
    0x0000075e   0x0000075e   0x00000002   Code   RO          280    i.SystemInit        system_stm32f1xx.o
    0x00000760   0x00000760   0x00000014   Code   RO         1381    i.UART_DMAAbortOnError  stm32f1xx_hal_uart.o
    0x00000774   0x00000774   0x00000020   Code   RO         1391    i.UART_EndRxTransfer  stm32f1xx_hal_uart.o
    0x00000794   0x00000794   0x00000020   Code   RO         1392    i.UART_EndTransmit_IT  stm32f1xx_hal_uart.o
    0x000007b4   0x000007b4   0x000000a0   Code   RO         1394    i.UART_Receive_IT   stm32f1xx_hal_uart.o
    0x00000854   0x00000854   0x00000060   Code   RO         1396    i.UART_Transmit_IT  stm32f1xx_hal_uart.o
    0x000008b4   0x000008b4   0x00000010   Code   RO          632    i.USART1_IRQHandler  usart.o
    0x000008c4   0x000008c4   0x00000004   Code   RO          323    i.UsageFault_Handler  stm32f1xx_it.o
    0x000008c8   0x000008c8   0x00000004   Code   RO          634    i._sys_exit         usart.o
    0x000008cc   0x000008cc   0x00000024   Code   RO           13    i.flag1_thread_entry  main.o
    0x000008f0   0x000008f0   0x00000024   Code   RO           14    i.flag2_thread_entry  main.o
    0x00000914   0x00000914   0x00000064   Code   RO           15    i.main              main.o
    0x00000978   0x00000978   0x0000000a   Code   RO           16    i.rt_delay          main.o
    0x00000982   0x00000982   0x00000002   PAD
    0x00000984   0x00000984   0x00000040   Code   RO         2498    i.rt_hw_stack_init  cpuport.o
    0x000009c4   0x000009c4   0x0000000e   Code   RO           17    i.rt_list_insert_before  main.o
    0x000009d2   0x000009d2   0x00000002   PAD
    0x000009d4   0x000009d4   0x00000044   Code   RO         2516    i.rt_schedule       scheduler.o
    0x00000a18   0x00000a18   0x0000002c   Code   RO         2517    i.rt_system_scheduler_init  scheduler.o
    0x00000a44   0x00000a44   0x00000020   Code   RO         2518    i.rt_system_scheduler_start  scheduler.o
    0x00000a64   0x00000a64   0x0000003c   Code   RO         2483    i.rt_thread_init    thread.o
    0x00000aa0   0x00000aa0   0x00000020   Data   RO         2783    Region$$Table       anon$$obj.o


    Execution Region RW_IRAM1 (Exec base: 0x20000000, Load base: 0x00000ac0, Size: 0x00000cd0, Max: 0x00020000, ABSOLUTE)

    Exec Addr    Load Addr    Size         Type   Attr      Idx    E Section Name        Object

    0x20000000   0x00000ac0   0x00000008   Data   RW           19    .data               main.o
    0x20000008   0x00000ac8   0x00000007   Data   RW          639    .data               usart.o
    0x2000000f   0x00000acf   0x00000001   PAD
    0x20000010   0x00000ad0   0x00000009   Data   RW          732    .data               stm32f1xx_hal.o
    0x20000019   0x00000ad9   0x00000003   PAD
    0x2000001c   0x00000adc   0x0000000c   Data   RW         2499    .data               cpuport.o
    0x20000028   0x00000ae8   0x00000004   Data   RW         2520    .data               scheduler.o
    0x2000002c        -       0x00000438   Zero   RW           18    .bss                main.o
    0x20000464        -       0x00000108   Zero   RW          638    .bss                usart.o
    0x2000056c        -       0x00000100   Zero   RW         2519    .bss                scheduler.o
    0x2000066c        -       0x00000060   Zero   RW         2666    .bss                c_w.l(libspace.o)
    0x200006cc   0x00000aec   0x00000004   PAD
    0x200006d0        -       0x00000200   Zero   RW            2    HEAP                startup_stm32f103xe.o
    0x200008d0        -       0x00000400   Zero   RW            1    STACK               startup_stm32f103xe.o


==============================================================================

Image component sizes


      Code (inc. data)   RO Data    RW Data    ZI Data      Debug   Object Name

       160         20          0          0          0        516   context_rvds.o
        64          6          0         12          0       1733   cpuport.o
       196         36          0          8       1080     413005   main.o
       144         28          0          4        256       2266   scheduler.o
        64         26        304          0       1536        920   startup_stm32f103xe.o
        24          8          0          9          0       4169   stm32f1xx_hal.o
       424         10          0          0          0       1215   stm32f1xx_hal_dma.o
       796          6          0          0          0       6307   stm32f1xx_hal_uart.o
        30          0          0          0          0       3357   stm32f1xx_it.o
         2          0          0          0          0        505   system_stm32f1xx.o
        60          0          0          0          0       1481   thread.o
       176         28          0          7        264       3545   usart.o

    ----------------------------------------------------------------------
      2148        168        336         44       3136     439019   Object Totals
         0          0         32          0          0          0   (incl. Generated)
         8          0          0          4          0          0   (incl. Padding)

    ----------------------------------------------------------------------

      Code (inc. data)   RO Data    RW Data    ZI Data      Debug   Library Member Name

         8          0          0          0          0         68   __main.o
         0          0          0          0          0          0   __rtentry.o
        12          0          0          0          0          0   __rtentry2.o
         6          0          0          0          0          0   __rtentry4.o
        52          8          0          0          0          0   __scatter.o
        26          0          0          0          0          0   __scatter_copy.o
        28          0          0          0          0          0   __scatter_zi.o
        18          0          0          0          0         80   exit.o
         6          0          0          0          0        152   heapauxi.o
         2          0          0          0          0          0   libinit.o
         2          0          0          0          0          0   libinit2.o
         2          0          0          0          0          0   libshutdown.o
         2          0          0          0          0          0   libshutdown2.o
         8          4          0          0         96         68   libspace.o
         2          0          0          0          0          0   rtexit.o
        10          0          0          0          0          0   rtexit2.o
        74          0          0          0          0         80   sys_stackheap_outer.o
         2          0          0          0          0         68   use_no_semi.o
         2          0          0          0          0         68   use_no_semi_2.o

    ----------------------------------------------------------------------
       268         12          0          0        100        584   Library Totals
         6          0          0          0          4          0   (incl. Padding)

    ----------------------------------------------------------------------

      Code (inc. data)   RO Data    RW Data    ZI Data      Debug   Library Name

       262         12          0          0         96        584   c_w.l

    ----------------------------------------------------------------------
       268         12          0          0        100        584   Library Totals

    ----------------------------------------------------------------------

==============================================================================


      Code (inc. data)   RO Data    RW Data    ZI Data      Debug   

      2416        180        336         44       3236     437935   Grand Totals
      2416        180        336         44       3236     437935   ELF Image Totals
      2416        180        336         44          0          0   ROM Totals

==============================================================================

    Total RO  Size (Code + RO Data)                 2752 (   2.69kB)
    Total RW  Size (RW Data + ZI Data)              3280 (   3.20kB)
    Total ROM Size (Code + RO Data + RW Data)       2796 (   2.73kB)

==============================================================================

