<html>
<body>
<pre>
<h1>µVision Build Log</h1>
<h2>Tool Versions:</h2>
IDE-Version: ¦ÌVision V5.28.0.0
Copyright (C) 2019 ARM Ltd and ARM Germany GmbH. All rights reserved.
License Information: 11 1, 1, LIC=Z3CX7-E1CXM-UKPB6-D7BS0-CPL1W-W9Z2A
 
Tool Versions:
Toolchain:       MDK-ARM Professional  Version: 5.28.0.0
Toolchain Path:  D:\Keil_v5\ARM\ARMCC\Bin
C Compiler:      Armcc.exe V5.06 update 6 (build 750)
Assembler:       Armasm.exe V5.06 update 6 (build 750)
Linker/Locator:  ArmLink.exe V5.06 update 6 (build 750)
Library Manager: ArmAr.exe V5.06 update 6 (build 750)
Hex Converter:   FromElf.exe V5.06 update 6 (build 750)
CPU DLL:         SARMCM3.DLL V5.28.0.0
Dialog DLL:      DCM.DLL V1.17.3.0
Target DLL:      Segger\JL2CM3.dll V2.99.36.0
Dialog DLL:      TCM.DLL V1.36.2.0
 
<h2>Project:</h2>
D:\diy\RT-Thread\git_rtthread\RT_Thread_Chapter9\Project\RVMDK£¨uv5£©\BH-F103.uvprojx
Project File Date:  12/21/2023

<h2>Output:</h2>
*** Using Compiler 'V5.06 update 6 (build 750)', folder: 'D:\Keil_v5\ARM\ARMCC\Bin'
Rebuild target 'Led'
assembling startup_stm32f10x_hd.s...
compiling stm32f10x_crc.c...
compiling system_stm32f10x.c...
compiling stm32f10x_dma.c...
compiling misc.c...
compiling stm32f10x_exti.c...
compiling stm32f10x_dbgmcu.c...
compiling stm32f10x_cec.c...
compiling stm32f10x_i2c.c...
compiling stm32f10x_bkp.c...
compiling stm32f10x_dac.c...
compiling stm32f10x_fsmc.c...
compiling stm32f10x_gpio.c...
compiling stm32f10x_flash.c...
compiling stm32f10x_adc.c...
compiling stm32f10x_can.c...
compiling stm32f10x_iwdg.c...
compiling stm32f10x_pwr.c...
compiling stm32f10x_rcc.c...
compiling stm32f10x_rtc.c...
compiling clock.c...
compiling stm32f10x_sdio.c...
compiling components.c...
compiling stm32f10x_spi.c...
compiling stm32f10x_wwdg.c...
compiling stm32f10x_usart.c...
compiling device.c...
compiling stm32f10x_it.c...
compiling main.c...
..\..\User\main.c(96): warning:  #177-D: variable "uwRet"  was declared but never referenced
  	rt_err_t uwRet = RT_EOK;
..\..\User\main.c(97): warning:  #177-D: variable "recv_ptr"  was declared but never referenced
  	char *recv_ptr;
..\..\User\main.c(43): warning:  #177-D: variable "send_mb_thread"  was declared but never referenced
  static rt_thread_t send_mb_thread = RT_NULL;
..\..\User\main.c(51): warning:  #177-D: variable "swtimer0"  was declared but never referenced
  static rt_timer_t swtimer0 = RT_NULL;
..\..\User\main.c(57): warning:  #177-D: function "send_mb_thread_entry"  was declared but never referenced
  static void send_mb_thread_entry(void* parameter)
..\..\User\main.c(134): warning:  #177-D: function "swtimer0_callback"  was declared but never referenced
  static void swtimer0_callback(void* parameter)
..\..\User\main.c: 6 warnings, 0 errors
compiling stm32f10x_tim.c...
compiling idle.c...
compiling bsp_led.c...
compiling bsp_key.c...
compiling bsp_exti.c...
compiling board.c...
compiling bsp_usart.c...
compiling irq.c...
compiling memheap.c...
compiling mempool.c...
compiling scheduler.c...
compiling object.c...
compiling mem.c...
compiling kservice.c...
compiling ipc.c...
assembling context_rvds.S...
compiling signal.c...
compiling cpuport.c...
compiling thread.c...
compiling timer.c...
linking...
Program Size: Code=20664 RO-data=1924 RW-data=328 ZI-data=10144  
FromELF: creating hex file...
"..\..\Output\RTT.axf" - 0 Error(s), 6 Warning(s).

<h2>Software Packages used:</h2>

Package Vendor: Keil
                https://www.keil.com/pack/Keil.STM32F1xx_DFP.2.4.1.pack
                Keil.STM32F1xx_DFP.2.4.1
                STMicroelectronics STM32F1 Series Device Support, Drivers and Examples

<h2>Collection of Component include folders:</h2>
  .\RTE\_Led
  D:\Users\HawkJ\AppData\Local\Arm\Packs\Keil\STM32F1xx_DFP\2.4.1\Device\Include

<h2>Collection of Component Files used:</h2>
Build Time Elapsed:  00:00:02
</pre>
</body>
</html>
