<html>
<body>
<pre>
<h1>µVision Build Log</h1>
<h2>Tool Versions:</h2>
IDE-Version: ¦ÌVision V5.28.0.0
Copyright (C) 2019 ARM Ltd and ARM Germany GmbH. All rights reserved.
License Information: 11 1, 1, LIC=Z3CX7-E1CXM-UKPB6-D7BS0-CPL1W-W9Z2A
 
Tool Versions:
Toolchain:       MDK-ARM Professional  Version: 5.28.0.0
Toolchain Path:  D:\Keil_v5\ARM\ARMCC\Bin
C Compiler:      Armcc.exe V5.06 update 6 (build 750)
Assembler:       Armasm.exe V5.06 update 6 (build 750)
Linker/Locator:  ArmLink.exe V5.06 update 6 (build 750)
Library Manager: ArmAr.exe V5.06 update 6 (build 750)
Hex Converter:   FromElf.exe V5.06 update 6 (build 750)
CPU DLL:         SARMCM3.DLL V5.28.0.0
Dialog DLL:      DCM.DLL V1.17.3.0
Target DLL:      STLink\ST-LINKIII-KEIL_SWO.dll V3.0.6.0
Dialog DLL:      TCM.DLL V1.36.2.0
 
<h2>Project:</h2>
D:\diy\RT-Thread\My_RTThread\Projects\MDK-ARM\atk_f103.uvprojx
Project File Date:  12/06/2023

<h2>Output:</h2>
*** Using Compiler 'V5.06 update 6 (build 750)', folder: 'D:\Keil_v5\ARM\ARMCC\Bin'
Rebuild target 'TFTLCD'
assembling startup_stm32f103xe.s...
compiling stm32f1xx_hal_gpio_ex.c...
compiling sys.c...
compiling stm32f1xx_hal_gpio.c...
compiling stm32f1xx_hal.c...
compiling stm32f1xx_hal_usart.c...
compiling stm32f1xx_hal_dma.c...
compiling thread.c...
..\..\Rt-Thread\Inc\rtdef.h(105): warning:  #1-D: last line of file ends without a newline
  #endif
..\..\Rt-Thread\Inc\rtconfig.h(10): warning:  #1-D: last line of file ends without a newline
  #endif
..\..\Rt-Thread\Inc\rtthread.h(22): warning:  #1-D: last line of file ends without a newline
  #endif
..\..\Rt-Thread\Inc\rtservice.h(58): warning:  #1-D: last line of file ends without a newline
  #endif
..\..\Rt-Thread\Inc\rthw.h(15): warning:  #1-D: last line of file ends without a newline
  #endif
..\..\Rt-Thread\Inc\rtthread.h(22): warning:  #1-D: last line of file ends without a newline
  #endif
..\..\Rt-Thread\Src\thread.c: 6 warnings, 0 errors
compiling cpuport.c...
..\..\Rt-Thread\Inc\rtdef.h(105): warning:  #1-D: last line of file ends without a newline
  #endif
..\..\Rt-Thread\Inc\rtconfig.h(10): warning:  #1-D: last line of file ends without a newline
  #endif
..\..\Rt-Thread\Inc\rtthread.h(22): warning:  #1-D: last line of file ends without a newline
  #endif
..\..\Rt-Thread\Inc\rtservice.h(58): warning:  #1-D: last line of file ends without a newline
  #endif
..\..\Rt-Thread\Inc\rthw.h(15): warning:  #1-D: last line of file ends without a newline
  #endif
..\..\Rt-Thread\Inc\rtthread.h(22): warning:  #1-D: last line of file ends without a newline
  #endif
..\..\Rt-Thread\Src\cpuport.c(83): warning:  #1-D: last line of file ends without a newline
  }							
..\..\Rt-Thread\Src\cpuport.c: 7 warnings, 0 errors
compiling system_stm32f1xx.c...
compiling scheduler.c...
..\..\Rt-Thread\Inc\rtdef.h(105): warning:  #1-D: last line of file ends without a newline
  #endif
..\..\Rt-Thread\Inc\rtconfig.h(10): warning:  #1-D: last line of file ends without a newline
  #endif
..\..\Rt-Thread\Inc\rtthread.h(22): warning:  #1-D: last line of file ends without a newline
  #endif
..\..\Rt-Thread\Inc\rtservice.h(58): warning:  #1-D: last line of file ends without a newline
  #endif
..\..\Rt-Thread\Inc\rthw.h(15): warning:  #1-D: last line of file ends without a newline
  #endif
..\..\Rt-Thread\Inc\rtthread.h(22): warning:  #1-D: last line of file ends without a newline
  #endif
..\..\Rt-Thread\Src\scheduler.c(66): warning:  #1-D: last line of file ends without a newline
  }
..\..\Rt-Thread\Src\scheduler.c: 7 warnings, 0 errors
compiling main.c...
..\..\Rt-Thread\Inc\rtconfig.h(10): warning:  #1-D: last line of file ends without a newline
  #endif
..\..\Rt-Thread\Inc\rtdef.h(105): warning:  #1-D: last line of file ends without a newline
  #endif
..\..\Rt-Thread\Inc\rtthread.h(22): warning:  #1-D: last line of file ends without a newline
  #endif
..\..\Rt-Thread\Inc\rtservice.h(58): warning:  #1-D: last line of file ends without a newline
  #endif
..\..\Rt-Thread\Inc\rthw.h(15): warning:  #1-D: last line of file ends without a newline
  #endif
..\..\Rt-Thread\Inc\rtthread.h(22): warning:  #1-D: last line of file ends without a newline
  #endif
..\..\User\main.c: 6 warnings, 0 errors
compiling usart.c...
compiling stm32f1xx_it.c...
assembling context_rvds.s...
compiling stm32f1xx_hal_uart.c...
compiling stm32f1xx_hal_cortex.c...
compiling delay.c...
compiling stm32f1xx_hal_sram.c...
compiling stm32f1xx_hal_rcc.c...
compiling stm32f1xx_hal_rcc_ex.c...
compiling stm32f1xx_ll_fsmc.c...
compiling led.c...
compiling lcd.c...
linking...
Program Size: Code=2416 RO-data=336 RW-data=44 ZI-data=3236  
FromELF: creating hex file...
"..\..\Output\atk_f103.axf" - 0 Error(s), 26 Warning(s).

<h2>Software Packages used:</h2>

Package Vendor: Keil
                https://www.keil.com/pack/Keil.STM32F1xx_DFP.2.4.1.pack
                Keil.STM32F1xx_DFP.2.4.1
                STMicroelectronics STM32F1 Series Device Support, Drivers and Examples

<h2>Collection of Component include folders:</h2>
  .\RTE\_TFTLCD
  D:\Users\HawkJ\AppData\Local\Arm\Packs\Keil\STM32F1xx_DFP\2.4.1\Device\Include

<h2>Collection of Component Files used:</h2>
Build Time Elapsed:  00:00:05
</pre>
</body>
</html>
