Component: ARM Compiler 5.06 update 6 (build 750) Tool: armlink [4d35ed]

==============================================================================

Section Cross References

    startup_stm32f10x_hd.o(RESET) refers to startup_stm32f10x_hd.o(STACK) for __initial_sp
    startup_stm32f10x_hd.o(RESET) refers to startup_stm32f10x_hd.o(.text) for Reset_Handler
    startup_stm32f10x_hd.o(RESET) refers to stm32f10x_it.o(.text) for NMI_Handler
    startup_stm32f10x_hd.o(RESET) refers to context_rvds.o(.text) for HardFault_Handler
    startup_stm32f10x_hd.o(RESET) refers to board.o(.text) for SysTick_Handler
    startup_stm32f10x_hd.o(.text) refers to system_stm32f10x.o(.text) for SystemInit
    startup_stm32f10x_hd.o(.text) refers to entry.o(.ARM.Collect$$$$00000000) for __main
    system_stm32f10x.o(.text) refers to system_stm32f10x.o(.data) for SystemCoreClock
    stm32f10x_adc.o(.text) refers to stm32f10x_rcc.o(.text) for RCC_APB2PeriphResetCmd
    stm32f10x_bkp.o(.text) refers to stm32f10x_rcc.o(.text) for RCC_BackupResetCmd
    stm32f10x_can.o(.text) refers to stm32f10x_rcc.o(.text) for RCC_APB1PeriphResetCmd
    stm32f10x_cec.o(.text) refers to stm32f10x_rcc.o(.text) for RCC_APB1PeriphResetCmd
    stm32f10x_dac.o(.text) refers to stm32f10x_rcc.o(.text) for RCC_APB1PeriphResetCmd
    stm32f10x_gpio.o(.text) refers to stm32f10x_rcc.o(.text) for RCC_APB2PeriphResetCmd
    stm32f10x_i2c.o(.text) refers to stm32f10x_rcc.o(.text) for RCC_APB1PeriphResetCmd
    stm32f10x_pwr.o(.text) refers to stm32f10x_rcc.o(.text) for RCC_APB1PeriphResetCmd
    stm32f10x_rcc.o(.text) refers to stm32f10x_rcc.o(.data) for APBAHBPrescTable
    stm32f10x_spi.o(.text) refers to stm32f10x_rcc.o(.text) for RCC_APB2PeriphResetCmd
    stm32f10x_tim.o(.text) refers to stm32f10x_rcc.o(.text) for RCC_APB2PeriphResetCmd
    stm32f10x_usart.o(.text) refers to stm32f10x_rcc.o(.text) for RCC_APB2PeriphResetCmd
    stm32f10x_wwdg.o(.text) refers to stm32f10x_rcc.o(.text) for RCC_APB1PeriphResetCmd
    main.o(.text) refers to ipc.o(.text) for rt_mutex_take
    main.o(.text) refers to kservice.o(.text) for rt_kprintf
    main.o(.text) refers to thread.o(.text) for rt_thread_delay
    main.o(.text) refers to bsp_key.o(.text) for key_scan
    main.o(.text) refers to main.o(.data) for drill_mux
    board.o(.text) refers to bsp_led.o(.text) for LED_GPIO_Config
    board.o(.text) refers to bsp_key.o(.text) for Key_GPIO_Config
    board.o(.text) refers to bsp_usart.o(.text) for USART_Config
    board.o(.text) refers to components.o(.text) for rt_components_board_init
    board.o(.text) refers to mem.o(.text) for rt_system_heap_init
    board.o(.text) refers to scheduler.o(.text) for rt_enter_critical
    board.o(.text) refers to stm32f10x_usart.o(.text) for USART_SendData
    board.o(.text) refers to irq.o(.text) for rt_interrupt_enter
    board.o(.text) refers to clock.o(.text) for rt_tick_increase
    board.o(.text) refers to board.o(.bss) for rt_heap
    board.o(.text) refers to system_stm32f10x.o(.data) for SystemCoreClock
    bsp_led.o(.text) refers to stm32f10x_rcc.o(.text) for RCC_APB2PeriphClockCmd
    bsp_led.o(.text) refers to stm32f10x_gpio.o(.text) for GPIO_Init
    bsp_key.o(.text) refers to stm32f10x_rcc.o(.text) for RCC_APB2PeriphClockCmd
    bsp_key.o(.text) refers to stm32f10x_gpio.o(.text) for GPIO_Init
    bsp_key.o(.text) refers to bsp_key.o(.data) for key_up
    bsp_exti.o(.text) refers to misc.o(.text) for NVIC_PriorityGroupConfig
    bsp_exti.o(.text) refers to stm32f10x_rcc.o(.text) for RCC_APB2PeriphClockCmd
    bsp_exti.o(.text) refers to stm32f10x_gpio.o(.text) for GPIO_Init
    bsp_exti.o(.text) refers to stm32f10x_exti.o(.text) for EXTI_Init
    bsp_usart.o(.text) refers to stm32f10x_rcc.o(.text) for RCC_APB2PeriphClockCmd
    bsp_usart.o(.text) refers to stm32f10x_gpio.o(.text) for GPIO_Init
    bsp_usart.o(.text) refers to stm32f10x_usart.o(.text) for USART_Init
    clock.o(.text) refers to context_rvds.o(.text) for rt_hw_interrupt_disable
    clock.o(.text) refers to thread.o(.text) for rt_thread_self
    clock.o(.text) refers to timer.o(.text) for rt_timer_check
    clock.o(.text) refers to clock.o(.data) for rt_tick
    components.o(.text) refers to main.o(.text) for $Super$$main
    components.o(.text) refers to thread.o(.text) for rt_thread_create
    components.o(.text) refers to kservice.o(.text) for rt_assert_handler
    components.o(.text) refers to context_rvds.o(.text) for rt_hw_interrupt_disable
    components.o(.text) refers to board.o(.text) for rt_hw_board_init
    components.o(.text) refers to timer.o(.text) for rt_system_timer_init
    components.o(.text) refers to scheduler.o(.text) for rt_system_scheduler_init
    components.o(.text) refers to idle.o(.text) for rt_thread_idle_init
    components.o(.text) refers to components.o(.rti_fn.0.end) for __rt_init_rti_board_start
    components.o(.text) refers to components.o(.rti_fn.1.end) for __rt_init_rti_board_end
    components.o(.text) refers to components.o(.rti_fn.6.end) for __rt_init_rti_end
    components.o(.text) refers to components.o(.constdata) for __FUNCTION__
    components.o(.rti_fn.0) refers to components.o(.text) for rti_start
    components.o(.rti_fn.0.end) refers to components.o(.text) for rti_board_start
    components.o(.rti_fn.1.end) refers to components.o(.text) for rti_board_end
    components.o(.rti_fn.6.end) refers to components.o(.text) for rti_end
    idle.o(.text) refers to context_rvds.o(.text) for rt_hw_interrupt_disable
    idle.o(.text) refers to irq.o(.text) for rt_interrupt_get_nest
    idle.o(.text) refers to kservice.o(.text) for rt_kprintf
    idle.o(.text) refers to scheduler.o(.text) for rt_enter_critical
    idle.o(.text) refers to object.o(.text) for rt_object_is_systemobject
    idle.o(.text) refers to mem.o(.text) for rt_free
    idle.o(.text) refers to thread.o(.text) for rt_thread_init
    idle.o(.text) refers to idle.o(.constdata) for __FUNCTION__
    idle.o(.text) refers to scheduler.o(.data) for rt_thread_defunct
    idle.o(.text) refers to idle.o(.bss) for rt_thread_stack
    ipc.o(.text) refers to thread.o(.text) for rt_thread_suspend
    ipc.o(.text) refers to context_rvds.o(.text) for rt_hw_interrupt_disable
    ipc.o(.text) refers to kservice.o(.text) for rt_assert_handler
    ipc.o(.text) refers to object.o(.text) for rt_object_init
    ipc.o(.text) refers to irq.o(.text) for rt_interrupt_get_nest
    ipc.o(.text) refers to timer.o(.text) for rt_timer_control
    ipc.o(.text) refers to scheduler.o(.text) for rt_schedule
    ipc.o(.text) refers to ipc.o(.constdata) for __FUNCTION__
    ipc.o(.text) refers to mem.o(.text) for rt_malloc
    ipc.o(.text) refers to clock.o(.text) for rt_tick_get
    irq.o(.text) refers to context_rvds.o(.text) for rt_hw_interrupt_disable
    irq.o(.text) refers to irq.o(.data) for rt_interrupt_nest
    kservice.o(.text) refers to irq.o(.text) for rt_interrupt_get_nest
    kservice.o(.text) refers to thread.o(.text) for rt_thread_self
    kservice.o(.text) refers to mem.o(.text) for rt_malloc
    kservice.o(.text) refers to kservice.o(.data) for __rt_errno
    kservice.o(.text) refers to kservice.o(.constdata) for large_digits
    kservice.o(.text) refers to board.o(.text) for rt_hw_console_output
    kservice.o(.text) refers to kservice.o(.bss) for rt_log_buf
    mem.o(.text) refers to kservice.o(.text) for rt_assert_handler
    mem.o(.text) refers to context_rvds.o(.text) for rt_hw_interrupt_disable
    mem.o(.text) refers to irq.o(.text) for rt_interrupt_get_nest
    mem.o(.text) refers to ipc.o(.text) for rt_sem_init
    mem.o(.text) refers to mem.o(.data) for heap_ptr
    mem.o(.text) refers to mem.o(.constdata) for __FUNCTION__
    mem.o(.text) refers to mem.o(.bss) for heap_sem
    mem.o(.text) refers to mem.o(.conststring) for .conststring
    object.o(.text) refers to kservice.o(.text) for rt_assert_handler
    object.o(.text) refers to context_rvds.o(.text) for rt_hw_interrupt_disable
    object.o(.text) refers to irq.o(.text) for rt_interrupt_get_nest
    object.o(.text) refers to mem.o(.text) for rt_malloc
    object.o(.text) refers to scheduler.o(.text) for rt_enter_critical
    object.o(.text) refers to object.o(.data) for rt_object_container
    object.o(.text) refers to object.o(.constdata) for __FUNCTION__
    scheduler.o(.text) refers to kservice.o(.text) for rt_assert_handler
    scheduler.o(.text) refers to context_rvds.o(.text) for rt_hw_interrupt_disable
    scheduler.o(.text) refers to scheduler.o(.constdata) for __FUNCTION__
    scheduler.o(.text) refers to scheduler.o(.data) for rt_scheduler_lock_nest
    scheduler.o(.text) refers to scheduler.o(.bss) for rt_thread_priority_table
    scheduler.o(.text) refers to irq.o(.data) for rt_interrupt_nest
    thread.o(.text) refers to context_rvds.o(.text) for rt_hw_interrupt_disable
    thread.o(.text) refers to scheduler.o(.text) for rt_schedule_remove_thread
    thread.o(.text) refers to timer.o(.text) for rt_timer_detach
    thread.o(.text) refers to object.o(.text) for rt_object_is_systemobject
    thread.o(.text) refers to kservice.o(.text) for rt_assert_handler
    thread.o(.text) refers to cpuport.o(.text) for rt_hw_stack_init
    thread.o(.text) refers to mem.o(.text) for rt_malloc
    thread.o(.text) refers to scheduler.o(.data) for rt_current_thread
    thread.o(.text) refers to thread.o(.constdata) for __FUNCTION__
    thread.o(.text) refers to scheduler.o(.bss) for rt_thread_priority_table
    timer.o(.text) refers to kservice.o(.text) for rt_assert_handler
    timer.o(.text) refers to object.o(.text) for rt_object_init
    timer.o(.text) refers to context_rvds.o(.text) for rt_hw_interrupt_disable
    timer.o(.text) refers to clock.o(.text) for rt_tick_get
    timer.o(.text) refers to timer.o(.constdata) for __FUNCTION__
    timer.o(.text) refers to timer.o(.data) for rt_timer_list
    context_rvds.o(.text) refers to cpuport.o(.text) for rt_hw_hard_fault_exception
    context_rvds.o(.text) refers to cpuport.o(.data) for rt_thread_switch_interrupt_flag
    cpuport.o(.text) refers to kservice.o(.text) for rt_kprintf
    cpuport.o(.text) refers to thread.o(.text) for rt_thread_self
    cpuport.o(.text) refers to cpuport.o(.data) for rt_exception_hook
    cpuport.o(.text) refers to cpuport.o(.constdata) for __FUNCTION__
    entry.o(.ARM.Collect$$$$00000000) refers (Special) to entry10a.o(.ARM.Collect$$$$0000000D) for __rt_final_cpp
    entry.o(.ARM.Collect$$$$00000000) refers (Special) to entry11a.o(.ARM.Collect$$$$0000000F) for __rt_final_exit
    entry.o(.ARM.Collect$$$$00000000) refers (Special) to entry7b.o(.ARM.Collect$$$$00000008) for _main_clock
    entry.o(.ARM.Collect$$$$00000000) refers (Special) to entry8b.o(.ARM.Collect$$$$0000000A) for _main_cpp_init
    entry.o(.ARM.Collect$$$$00000000) refers (Special) to entry9a.o(.ARM.Collect$$$$0000000B) for _main_init
    entry.o(.ARM.Collect$$$$00000000) refers (Special) to entry5.o(.ARM.Collect$$$$00000004) for _main_scatterload
    entry.o(.ARM.Collect$$$$00000000) refers (Special) to entry2.o(.ARM.Collect$$$$00000001) for _main_stk
    entry2.o(.ARM.Collect$$$$00000001) refers to entry2.o(.ARM.Collect$$$$00002712) for __lit__00000000
    entry2.o(.ARM.Collect$$$$00002712) refers to startup_stm32f10x_hd.o(STACK) for __initial_sp
    entry2.o(__vectab_stack_and_reset_area) refers to startup_stm32f10x_hd.o(STACK) for __initial_sp
    entry2.o(__vectab_stack_and_reset_area) refers to entry.o(.ARM.Collect$$$$00000000) for __main
    entry5.o(.ARM.Collect$$$$00000004) refers to init.o(.text) for __scatterload
    entry9a.o(.ARM.Collect$$$$0000000B) refers to components.o(.text) for main
    entry9b.o(.ARM.Collect$$$$0000000C) refers to components.o(.text) for main
    init.o(.text) refers to entry5.o(.ARM.Collect$$$$00000004) for __main_after_scatterload


==============================================================================

Removing Unused input sections from the image.

    Removing startup_stm32f10x_hd.o(HEAP), (8192 bytes).
    Removing misc.o(.text), (220 bytes).
    Removing stm32f10x_adc.o(.text), (1102 bytes).
    Removing stm32f10x_bkp.o(.text), (196 bytes).
    Removing stm32f10x_can.o(.text), (2544 bytes).
    Removing stm32f10x_cec.o(.text), (288 bytes).
    Removing stm32f10x_crc.o(.text), (72 bytes).
    Removing stm32f10x_dac.o(.text), (396 bytes).
    Removing stm32f10x_dbgmcu.o(.text), (48 bytes).
    Removing stm32f10x_dma.o(.text), (596 bytes).
    Removing stm32f10x_exti.o(.text), (284 bytes).
    Removing stm32f10x_flash.o(.text), (1468 bytes).
    Removing stm32f10x_fsmc.o(.text), (1548 bytes).
    Removing stm32f10x_i2c.o(.text), (1028 bytes).
    Removing stm32f10x_iwdg.o(.text), (64 bytes).
    Removing stm32f10x_pwr.o(.text), (204 bytes).
    Removing stm32f10x_rtc.o(.text), (328 bytes).
    Removing stm32f10x_sdio.o(.text), (468 bytes).
    Removing stm32f10x_spi.o(.text), (780 bytes).
    Removing stm32f10x_tim.o(.text), (3610 bytes).
    Removing stm32f10x_wwdg.o(.text), (136 bytes).
    Removing bsp_exti.o(.text), (192 bytes).

22 unused section(s) (total 23764 bytes) removed from the image.

==============================================================================

Image Symbol Table

    Local Symbols

    Symbol Name                              Value     Ov Type        Size  Object(Section)

    ../clib/microlib/init/entry.s            0x00000000   Number         0  entry10b.o ABSOLUTE
    ../clib/microlib/init/entry.s            0x00000000   Number         0  entry11b.o ABSOLUTE
    ../clib/microlib/init/entry.s            0x00000000   Number         0  entry8b.o ABSOLUTE
    ../clib/microlib/init/entry.s            0x00000000   Number         0  entry11a.o ABSOLUTE
    ../clib/microlib/init/entry.s            0x00000000   Number         0  entry.o ABSOLUTE
    ../clib/microlib/init/entry.s            0x00000000   Number         0  entry10a.o ABSOLUTE
    ../clib/microlib/init/entry.s            0x00000000   Number         0  entry9b.o ABSOLUTE
    ../clib/microlib/init/entry.s            0x00000000   Number         0  entry2.o ABSOLUTE
    ../clib/microlib/init/entry.s            0x00000000   Number         0  entry9a.o ABSOLUTE
    ../clib/microlib/init/entry.s            0x00000000   Number         0  entry7a.o ABSOLUTE
    ../clib/microlib/init/entry.s            0x00000000   Number         0  entry8a.o ABSOLUTE
    ../clib/microlib/init/entry.s            0x00000000   Number         0  entry7b.o ABSOLUTE
    ../clib/microlib/init/entry.s            0x00000000   Number         0  entry5.o ABSOLUTE
    ..\..\Libraries\CMSIS\startup\startup_stm32f10x_hd.s 0x00000000   Number         0  startup_stm32f10x_hd.o ABSOLUTE
    ..\..\Libraries\CMSIS\system_stm32f10x.c 0x00000000   Number         0  system_stm32f10x.o ABSOLUTE
    ..\..\Libraries\FWlib\src\misc.c         0x00000000   Number         0  misc.o ABSOLUTE
    ..\..\Libraries\FWlib\src\stm32f10x_adc.c 0x00000000   Number         0  stm32f10x_adc.o ABSOLUTE
    ..\..\Libraries\FWlib\src\stm32f10x_bkp.c 0x00000000   Number         0  stm32f10x_bkp.o ABSOLUTE
    ..\..\Libraries\FWlib\src\stm32f10x_can.c 0x00000000   Number         0  stm32f10x_can.o ABSOLUTE
    ..\..\Libraries\FWlib\src\stm32f10x_cec.c 0x00000000   Number         0  stm32f10x_cec.o ABSOLUTE
    ..\..\Libraries\FWlib\src\stm32f10x_crc.c 0x00000000   Number         0  stm32f10x_crc.o ABSOLUTE
    ..\..\Libraries\FWlib\src\stm32f10x_dac.c 0x00000000   Number         0  stm32f10x_dac.o ABSOLUTE
    ..\..\Libraries\FWlib\src\stm32f10x_dbgmcu.c 0x00000000   Number         0  stm32f10x_dbgmcu.o ABSOLUTE
    ..\..\Libraries\FWlib\src\stm32f10x_dma.c 0x00000000   Number         0  stm32f10x_dma.o ABSOLUTE
    ..\..\Libraries\FWlib\src\stm32f10x_exti.c 0x00000000   Number         0  stm32f10x_exti.o ABSOLUTE
    ..\..\Libraries\FWlib\src\stm32f10x_flash.c 0x00000000   Number         0  stm32f10x_flash.o ABSOLUTE
    ..\..\Libraries\FWlib\src\stm32f10x_fsmc.c 0x00000000   Number         0  stm32f10x_fsmc.o ABSOLUTE
    ..\..\Libraries\FWlib\src\stm32f10x_gpio.c 0x00000000   Number         0  stm32f10x_gpio.o ABSOLUTE
    ..\..\Libraries\FWlib\src\stm32f10x_i2c.c 0x00000000   Number         0  stm32f10x_i2c.o ABSOLUTE
    ..\..\Libraries\FWlib\src\stm32f10x_iwdg.c 0x00000000   Number         0  stm32f10x_iwdg.o ABSOLUTE
    ..\..\Libraries\FWlib\src\stm32f10x_pwr.c 0x00000000   Number         0  stm32f10x_pwr.o ABSOLUTE
    ..\..\Libraries\FWlib\src\stm32f10x_rcc.c 0x00000000   Number         0  stm32f10x_rcc.o ABSOLUTE
    ..\..\Libraries\FWlib\src\stm32f10x_rtc.c 0x00000000   Number         0  stm32f10x_rtc.o ABSOLUTE
    ..\..\Libraries\FWlib\src\stm32f10x_sdio.c 0x00000000   Number         0  stm32f10x_sdio.o ABSOLUTE
    ..\..\Libraries\FWlib\src\stm32f10x_spi.c 0x00000000   Number         0  stm32f10x_spi.o ABSOLUTE
    ..\..\Libraries\FWlib\src\stm32f10x_tim.c 0x00000000   Number         0  stm32f10x_tim.o ABSOLUTE
    ..\..\Libraries\FWlib\src\stm32f10x_usart.c 0x00000000   Number         0  stm32f10x_usart.o ABSOLUTE
    ..\..\Libraries\FWlib\src\stm32f10x_wwdg.c 0x00000000   Number         0  stm32f10x_wwdg.o ABSOLUTE
    ..\..\User\board.c                       0x00000000   Number         0  board.o ABSOLUTE
    ..\..\User\bsp_exti.c                    0x00000000   Number         0  bsp_exti.o ABSOLUTE
    ..\..\User\bsp_key.c                     0x00000000   Number         0  bsp_key.o ABSOLUTE
    ..\..\User\bsp_led.c                     0x00000000   Number         0  bsp_led.o ABSOLUTE
    ..\..\User\bsp_usart.c                   0x00000000   Number         0  bsp_usart.o ABSOLUTE
    ..\..\User\main.c                        0x00000000   Number         0  main.o ABSOLUTE
    ..\..\User\stm32f10x_it.c                0x00000000   Number         0  stm32f10x_it.o ABSOLUTE
    ..\..\rt-thread\3.0.3\libcpu\arm\cortex-m3\context_rvds.S 0x00000000   Number         0  context_rvds.o ABSOLUTE
    ..\..\rt-thread\3.0.3\libcpu\arm\cortex-m3\cpuport.c 0x00000000   Number         0  cpuport.o ABSOLUTE
    ..\..\rt-thread\3.0.3\src\clock.c        0x00000000   Number         0  clock.o ABSOLUTE
    ..\..\rt-thread\3.0.3\src\components.c   0x00000000   Number         0  components.o ABSOLUTE
    ..\..\rt-thread\3.0.3\src\device.c       0x00000000   Number         0  device.o ABSOLUTE
    ..\..\rt-thread\3.0.3\src\idle.c         0x00000000   Number         0  idle.o ABSOLUTE
    ..\..\rt-thread\3.0.3\src\ipc.c          0x00000000   Number         0  ipc.o ABSOLUTE
    ..\..\rt-thread\3.0.3\src\irq.c          0x00000000   Number         0  irq.o ABSOLUTE
    ..\..\rt-thread\3.0.3\src\kservice.c     0x00000000   Number         0  kservice.o ABSOLUTE
    ..\..\rt-thread\3.0.3\src\mem.c          0x00000000   Number         0  mem.o ABSOLUTE
    ..\..\rt-thread\3.0.3\src\memheap.c      0x00000000   Number         0  memheap.o ABSOLUTE
    ..\..\rt-thread\3.0.3\src\mempool.c      0x00000000   Number         0  mempool.o ABSOLUTE
    ..\..\rt-thread\3.0.3\src\object.c       0x00000000   Number         0  object.o ABSOLUTE
    ..\..\rt-thread\3.0.3\src\scheduler.c    0x00000000   Number         0  scheduler.o ABSOLUTE
    ..\..\rt-thread\3.0.3\src\signal.c       0x00000000   Number         0  signal.o ABSOLUTE
    ..\..\rt-thread\3.0.3\src\thread.c       0x00000000   Number         0  thread.o ABSOLUTE
    ..\..\rt-thread\3.0.3\src\timer.c        0x00000000   Number         0  timer.o ABSOLUTE
    dc.s                                     0x00000000   Number         0  dc.o ABSOLUTE
    handlers.s                               0x00000000   Number         0  handlers.o ABSOLUTE
    init.s                                   0x00000000   Number         0  init.o ABSOLUTE
    RESET                                    0x08000000   Section      304  startup_stm32f10x_hd.o(RESET)
    .ARM.Collect$$$$00000000                 0x08000130   Section        0  entry.o(.ARM.Collect$$$$00000000)
    .ARM.Collect$$$$00000001                 0x08000130   Section        4  entry2.o(.ARM.Collect$$$$00000001)
    .ARM.Collect$$$$00000004                 0x08000134   Section        4  entry5.o(.ARM.Collect$$$$00000004)
    .ARM.Collect$$$$00000008                 0x08000138   Section        0  entry7b.o(.ARM.Collect$$$$00000008)
    .ARM.Collect$$$$0000000A                 0x08000138   Section        0  entry8b.o(.ARM.Collect$$$$0000000A)
    .ARM.Collect$$$$0000000B                 0x08000138   Section        8  entry9a.o(.ARM.Collect$$$$0000000B)
    .ARM.Collect$$$$0000000D                 0x08000140   Section        0  entry10a.o(.ARM.Collect$$$$0000000D)
    .ARM.Collect$$$$0000000F                 0x08000140   Section        0  entry11a.o(.ARM.Collect$$$$0000000F)
    .ARM.Collect$$$$00002712                 0x08000140   Section        4  entry2.o(.ARM.Collect$$$$00002712)
    __lit__00000000                          0x08000140   Data           4  entry2.o(.ARM.Collect$$$$00002712)
    .text                                    0x08000144   Section       36  startup_stm32f10x_hd.o(.text)
    .text                                    0x08000168   Section        0  system_stm32f10x.o(.text)
    SetSysClockTo72                          0x08000169   Thumb Code   214  system_stm32f10x.o(.text)
    SetSysClock                              0x0800023f   Thumb Code     8  system_stm32f10x.o(.text)
    .text                                    0x08000348   Section        0  stm32f10x_gpio.o(.text)
    .text                                    0x080006a4   Section        0  stm32f10x_rcc.o(.text)
    .text                                    0x08000a48   Section        0  stm32f10x_usart.o(.text)
    .text                                    0x08000e50   Section        0  main.o(.text)
    stu_a_thread_entry                       0x08000e51   Thumb Code    92  main.o(.text)
    tch_b_thread_entry                       0x08000ead   Thumb Code    58  main.o(.text)
    send_evt_thread_entry                    0x08000ee7   Thumb Code    66  main.o(.text)
    recv_evt_thread_entry                    0x08000f29   Thumb Code    80  main.o(.text)
    .text                                    0x08001214   Section        0  stm32f10x_it.o(.text)
    .text                                    0x08001228   Section        0  board.o(.text)
    .text                                    0x08001318   Section        0  bsp_led.o(.text)
    .text                                    0x0800137c   Section        0  bsp_key.o(.text)
    .text                                    0x08001430   Section        0  bsp_usart.o(.text)
    .text                                    0x080015a0   Section        0  clock.o(.text)
    .text                                    0x0800160c   Section        0  components.o(.text)
    rti_start                                0x0800160d   Thumb Code     4  components.o(.text)
    rti_board_start                          0x08001611   Thumb Code     4  components.o(.text)
    rti_board_end                            0x08001615   Thumb Code     4  components.o(.text)
    rti_end                                  0x08001619   Thumb Code     4  components.o(.text)
    .text                                    0x080016e0   Section        0  idle.o(.text)
    rt_thread_idle_entry                     0x08001789   Thumb Code     8  idle.o(.text)
    _has_defunct_thread                      0x080017bb   Thumb Code    16  idle.o(.text)
    .text                                    0x08001814   Section        0  ipc.o(.text)
    rt_list_insert_before                    0x08001815   Thumb Code    14  ipc.o(.text)
    rt_ipc_list_suspend                      0x08001823   Thumb Code   108  ipc.o(.text)
    rt_ipc_list_resume_all                   0x0800188f   Thumb Code    50  ipc.o(.text)
    rt_list_init                             0x08002ca7   Thumb Code     6  ipc.o(.text)
    rt_list_isempty                          0x08002cad   Thumb Code    16  ipc.o(.text)
    rt_ipc_object_init                       0x08002cbd   Thumb Code    16  ipc.o(.text)
    rt_ipc_list_resume                       0x08002ccd   Thumb Code    24  ipc.o(.text)
    .text                                    0x08002ce8   Section        0  irq.o(.text)
    .text                                    0x08002d30   Section        0  kservice.o(.text)
    print_number                             0x08002ff5   Thumb Code   400  kservice.o(.text)
    skip_atoi                                0x08003185   Thumb Code    38  kservice.o(.text)
    .text                                    0x08003738   Section        0  mem.o(.text)
    plug_holes                               0x08003739   Thumb Code   160  mem.o(.text)
    .text                                    0x08003f80   Section        0  object.o(.text)
    rt_list_insert_after                     0x08003f81   Thumb Code    14  object.o(.text)
    rt_list_remove                           0x08003f8f   Thumb Code    18  object.o(.text)
    .text                                    0x0800424c   Section        0  scheduler.o(.text)
    _rt_scheduler_stack_check                0x0800424d   Thumb Code    86  scheduler.o(.text)
    rt_list_init                             0x08004497   Thumb Code     6  scheduler.o(.text)
    .text                                    0x0800452c   Section        0  thread.o(.text)
    rt_list_insert_after                     0x0800452d   Thumb Code    14  thread.o(.text)
    rt_list_remove                           0x0800453b   Thumb Code    18  thread.o(.text)
    _rt_thread_init                          0x080045df   Thumb Code   142  thread.o(.text)
    .text                                    0x08004b60   Section        0  timer.o(.text)
    rt_list_insert_after                     0x08004b61   Thumb Code    14  timer.o(.text)
    _rt_timer_init                           0x08004b6f   Thumb Code    66  timer.o(.text)
    rt_timer_list_next_timeout               0x08004bb1   Thumb Code    28  timer.o(.text)
    _rt_timer_remove                         0x08004bcd   Thumb Code    46  timer.o(.text)
    rt_list_init                             0x08004f07   Thumb Code     6  timer.o(.text)
    rt_list_isempty                          0x08004f0d   Thumb Code    16  timer.o(.text)
    .text                                    0x08004f74   Section      240  context_rvds.o(.text)
    .text                                    0x08005064   Section        0  cpuport.o(.text)
    .text                                    0x080052e0   Section       36  init.o(.text)
    i.__scatterload_copy                     0x08005304   Section       14  handlers.o(i.__scatterload_copy)
    i.__scatterload_null                     0x08005312   Section        2  handlers.o(i.__scatterload_null)
    i.__scatterload_zeroinit                 0x08005314   Section       14  handlers.o(i.__scatterload_zeroinit)
    .constdata                               0x08005322   Section       20  components.o(.constdata)
    __FUNCTION__                             0x08005322   Data          20  components.o(.constdata)
    .constdata                               0x08005336   Section       22  idle.o(.constdata)
    __FUNCTION__                             0x08005336   Data          22  idle.o(.constdata)
    .constdata                               0x0800534c   Section      471  ipc.o(.constdata)
    __FUNCTION__                             0x0800534c   Data          12  ipc.o(.constdata)
    __FUNCTION__                             0x08005358   Data          14  ipc.o(.constdata)
    __FUNCTION__                             0x08005366   Data          14  ipc.o(.constdata)
    __FUNCTION__                             0x08005374   Data          14  ipc.o(.constdata)
    __FUNCTION__                             0x08005382   Data          12  ipc.o(.constdata)
    __FUNCTION__                             0x0800538e   Data          15  ipc.o(.constdata)
    __FUNCTION__                             0x0800539d   Data          14  ipc.o(.constdata)
    __FUNCTION__                             0x080053ab   Data          16  ipc.o(.constdata)
    __FUNCTION__                             0x080053bb   Data          16  ipc.o(.constdata)
    __FUNCTION__                             0x080053cb   Data          16  ipc.o(.constdata)
    __FUNCTION__                             0x080053db   Data          14  ipc.o(.constdata)
    __FUNCTION__                             0x080053e9   Data          17  ipc.o(.constdata)
    __FUNCTION__                             0x080053fa   Data          14  ipc.o(.constdata)
    __FUNCTION__                             0x08005408   Data          16  ipc.o(.constdata)
    __FUNCTION__                             0x08005418   Data          16  ipc.o(.constdata)
    __FUNCTION__                             0x08005428   Data          16  ipc.o(.constdata)
    __FUNCTION__                             0x08005438   Data          14  ipc.o(.constdata)
    __FUNCTION__                             0x08005446   Data          14  ipc.o(.constdata)
    __FUNCTION__                             0x08005454   Data          17  ipc.o(.constdata)
    __FUNCTION__                             0x08005465   Data          11  ipc.o(.constdata)
    __FUNCTION__                             0x08005470   Data          13  ipc.o(.constdata)
    __FUNCTION__                             0x0800547d   Data          13  ipc.o(.constdata)
    __FUNCTION__                             0x0800548a   Data          13  ipc.o(.constdata)
    __FUNCTION__                             0x08005497   Data          16  ipc.o(.constdata)
    __FUNCTION__                             0x080054a7   Data          11  ipc.o(.constdata)
    __FUNCTION__                             0x080054b2   Data          14  ipc.o(.constdata)
    __FUNCTION__                             0x080054c0   Data          11  ipc.o(.constdata)
    __FUNCTION__                             0x080054cb   Data          13  ipc.o(.constdata)
    __FUNCTION__                             0x080054d8   Data          13  ipc.o(.constdata)
    __FUNCTION__                             0x080054e5   Data          13  ipc.o(.constdata)
    __FUNCTION__                             0x080054f2   Data          11  ipc.o(.constdata)
    __FUNCTION__                             0x080054fd   Data          13  ipc.o(.constdata)
    __FUNCTION__                             0x0800550a   Data          11  ipc.o(.constdata)
    __FUNCTION__                             0x08005515   Data          14  ipc.o(.constdata)
    .constdata                               0x08005523   Section      290  kservice.o(.constdata)
    small_digits                             0x08005623   Data          17  kservice.o(.constdata)
    large_digits                             0x08005634   Data          17  kservice.o(.constdata)
    .constdata                               0x08005645   Section       70  mem.o(.constdata)
    __FUNCTION__                             0x08005645   Data          11  mem.o(.constdata)
    __FUNCTION__                             0x08005650   Data          20  mem.o(.constdata)
    __FUNCTION__                             0x08005664   Data          10  mem.o(.constdata)
    __FUNCTION__                             0x0800566e   Data          11  mem.o(.constdata)
    __FUNCTION__                             0x08005679   Data          10  mem.o(.constdata)
    __FUNCTION__                             0x08005683   Data           8  mem.o(.constdata)
    .constdata                               0x0800568b   Section      109  object.o(.constdata)
    __FUNCTION__                             0x0800568b   Data          15  object.o(.constdata)
    __FUNCTION__                             0x0800569a   Data          17  object.o(.constdata)
    __FUNCTION__                             0x080056ab   Data          19  object.o(.constdata)
    __FUNCTION__                             0x080056be   Data          17  object.o(.constdata)
    __FUNCTION__                             0x080056cf   Data          26  object.o(.constdata)
    __FUNCTION__                             0x080056e9   Data          15  object.o(.constdata)
    .constdata                               0x080056f8   Section       78  scheduler.o(.constdata)
    __FUNCTION__                             0x080056f8   Data          26  scheduler.o(.constdata)
    __FUNCTION__                             0x08005712   Data          26  scheduler.o(.constdata)
    __FUNCTION__                             0x0800572c   Data          26  scheduler.o(.constdata)
    .constdata                               0x08005746   Section      185  thread.o(.constdata)
    __FUNCTION__                             0x08005746   Data          16  thread.o(.constdata)
    __FUNCTION__                             0x08005756   Data          15  thread.o(.constdata)
    __FUNCTION__                             0x08005765   Data          18  thread.o(.constdata)
    __FUNCTION__                             0x08005777   Data          17  thread.o(.constdata)
    __FUNCTION__                             0x08005788   Data          17  thread.o(.constdata)
    __FUNCTION__                             0x08005799   Data          16  thread.o(.constdata)
    __FUNCTION__                             0x080057a9   Data          18  thread.o(.constdata)
    __FUNCTION__                             0x080057bb   Data          18  thread.o(.constdata)
    __FUNCTION__                             0x080057cd   Data          17  thread.o(.constdata)
    __FUNCTION__                             0x080057de   Data          18  thread.o(.constdata)
    __FUNCTION__                             0x080057f0   Data          15  thread.o(.constdata)
    .constdata                               0x080057ff   Section       92  timer.o(.constdata)
    __FUNCTION__                             0x080057ff   Data          14  timer.o(.constdata)
    __FUNCTION__                             0x0800580d   Data          16  timer.o(.constdata)
    __FUNCTION__                             0x0800581d   Data          16  timer.o(.constdata)
    __FUNCTION__                             0x0800582d   Data          15  timer.o(.constdata)
    __FUNCTION__                             0x0800583c   Data          14  timer.o(.constdata)
    __FUNCTION__                             0x0800584a   Data          17  timer.o(.constdata)
    .constdata                               0x0800585b   Section       19  cpuport.o(.constdata)
    __FUNCTION__                             0x0800585b   Data          19  cpuport.o(.constdata)
    .conststring                             0x08005870   Section      237  mem.o(.conststring)
    .rti_fn.0                                0x08005960   Section        4  components.o(.rti_fn.0)
    __tagsym$$used                           0x08005960   Number         0  components.o(.rti_fn.0)
    .rti_fn.0.end                            0x08005964   Section        4  components.o(.rti_fn.0.end)
    __tagsym$$used                           0x08005964   Number         0  components.o(.rti_fn.0.end)
    .rti_fn.1.end                            0x08005968   Section        4  components.o(.rti_fn.1.end)
    __tagsym$$used                           0x08005968   Number         0  components.o(.rti_fn.1.end)
    .rti_fn.6.end                            0x0800596c   Section        4  components.o(.rti_fn.6.end)
    __tagsym$$used                           0x0800596c   Number         0  components.o(.rti_fn.6.end)
    .data                                    0x20000000   Section       20  system_stm32f10x.o(.data)
    .data                                    0x20000014   Section       20  stm32f10x_rcc.o(.data)
    APBAHBPrescTable                         0x20000014   Data          16  stm32f10x_rcc.o(.data)
    ADCPrescTable                            0x20000024   Data           4  stm32f10x_rcc.o(.data)
    .data                                    0x20000028   Section       28  main.o(.data)
    stu_a_thread                             0x2000002c   Data           4  main.o(.data)
    tch_b_thread                             0x20000030   Data           4  main.o(.data)
    send_evt_thread                          0x20000034   Data           4  main.o(.data)
    recv_evt_thread                          0x20000038   Data           4  main.o(.data)
    drill_mux                                0x2000003c   Data           4  main.o(.data)
    apple_evt                                0x20000040   Data           4  main.o(.data)
    .data                                    0x20000044   Section        1  bsp_key.o(.data)
    key_up                                   0x20000044   Data           1  bsp_key.o(.data)
    .data                                    0x20000048   Section        4  clock.o(.data)
    rt_tick                                  0x20000048   Data           4  clock.o(.data)
    .data                                    0x2000004c   Section        1  irq.o(.data)
    .data                                    0x20000050   Section        8  kservice.o(.data)
    __rt_errno                               0x20000050   Data           4  kservice.o(.data)
    .data                                    0x20000058   Section       24  mem.o(.data)
    heap_ptr                                 0x20000058   Data           4  mem.o(.data)
    heap_end                                 0x2000005c   Data           4  mem.o(.data)
    lfree                                    0x20000060   Data           4  mem.o(.data)
    mem_size_aligned                         0x20000064   Data           4  mem.o(.data)
    used_mem                                 0x20000068   Data           4  mem.o(.data)
    max_mem                                  0x2000006c   Data           4  mem.o(.data)
    .data                                    0x20000070   Section      112  object.o(.data)
    rt_object_container                      0x20000070   Data         112  object.o(.data)
    .data                                    0x200000e0   Section       24  scheduler.o(.data)
    rt_scheduler_lock_nest                   0x200000e0   Data           2  scheduler.o(.data)
    .data                                    0x200000f8   Section       12  timer.o(.data)
    rt_timer_list                            0x200000f8   Data           8  timer.o(.data)
    random_nr                                0x20000100   Data           4  timer.o(.data)
    .data                                    0x20000104   Section       16  cpuport.o(.data)
    rt_exception_hook                        0x20000110   Data           4  cpuport.o(.data)
    .bss                                     0x20000114   Section    32768  board.o(.bss)
    rt_heap                                  0x20000114   Data       32768  board.o(.bss)
    .bss                                     0x20008114   Section      384  idle.o(.bss)
    idle                                     0x20008114   Data         128  idle.o(.bss)
    rt_thread_stack                          0x20008194   Data         256  idle.o(.bss)
    .bss                                     0x20008294   Section      128  kservice.o(.bss)
    rt_log_buf                               0x20008294   Data         128  kservice.o(.bss)
    .bss                                     0x20008314   Section       32  mem.o(.bss)
    heap_sem                                 0x20008314   Data          32  mem.o(.bss)
    .bss                                     0x20008334   Section      256  scheduler.o(.bss)
    STACK                                    0x20008438   Section     1024  startup_stm32f10x_hd.o(STACK)

    Global Symbols

    Symbol Name                              Value     Ov Type        Size  Object(Section)

    BuildAttributes$$THM_ISAv4$P$D$K$B$S$PE$A:L22UL41UL21$X:L11$S22US41US21$IEEE1$IW$USESV6$~STKCKD$USESV7$~SHL$OSPACE$EBA8$MICROLIB$REQ8$PRES8$EABIv2 0x00000000   Number         0  anon$$obj.o ABSOLUTE
    __ARM_use_no_argv                        0x00000000   Number         0  main.o ABSOLUTE
    __cpp_initialize__aeabi_                  - Undefined Weak Reference
    __cxa_finalize                            - Undefined Weak Reference
    __decompress                              - Undefined Weak Reference
    _clock_init                               - Undefined Weak Reference
    _microlib_exit                            - Undefined Weak Reference
    __Vectors_Size                           0x00000130   Number         0  startup_stm32f10x_hd.o ABSOLUTE
    __Vectors                                0x08000000   Data           4  startup_stm32f10x_hd.o(RESET)
    __Vectors_End                            0x08000130   Data           0  startup_stm32f10x_hd.o(RESET)
    __main                                   0x08000131   Thumb Code     0  entry.o(.ARM.Collect$$$$00000000)
    _main_stk                                0x08000131   Thumb Code     0  entry2.o(.ARM.Collect$$$$00000001)
    _main_scatterload                        0x08000135   Thumb Code     0  entry5.o(.ARM.Collect$$$$00000004)
    __main_after_scatterload                 0x08000139   Thumb Code     0  entry5.o(.ARM.Collect$$$$00000004)
    _main_clock                              0x08000139   Thumb Code     0  entry7b.o(.ARM.Collect$$$$00000008)
    _main_cpp_init                           0x08000139   Thumb Code     0  entry8b.o(.ARM.Collect$$$$0000000A)
    _main_init                               0x08000139   Thumb Code     0  entry9a.o(.ARM.Collect$$$$0000000B)
    __rt_final_cpp                           0x08000141   Thumb Code     0  entry10a.o(.ARM.Collect$$$$0000000D)
    __rt_final_exit                          0x08000141   Thumb Code     0  entry11a.o(.ARM.Collect$$$$0000000F)
    Reset_Handler                            0x08000145   Thumb Code     8  startup_stm32f10x_hd.o(.text)
    ADC1_2_IRQHandler                        0x0800015f   Thumb Code     0  startup_stm32f10x_hd.o(.text)
    ADC3_IRQHandler                          0x0800015f   Thumb Code     0  startup_stm32f10x_hd.o(.text)
    CAN1_RX1_IRQHandler                      0x0800015f   Thumb Code     0  startup_stm32f10x_hd.o(.text)
    CAN1_SCE_IRQHandler                      0x0800015f   Thumb Code     0  startup_stm32f10x_hd.o(.text)
    DMA1_Channel1_IRQHandler                 0x0800015f   Thumb Code     0  startup_stm32f10x_hd.o(.text)
    DMA1_Channel2_IRQHandler                 0x0800015f   Thumb Code     0  startup_stm32f10x_hd.o(.text)
    DMA1_Channel3_IRQHandler                 0x0800015f   Thumb Code     0  startup_stm32f10x_hd.o(.text)
    DMA1_Channel4_IRQHandler                 0x0800015f   Thumb Code     0  startup_stm32f10x_hd.o(.text)
    DMA1_Channel5_IRQHandler                 0x0800015f   Thumb Code     0  startup_stm32f10x_hd.o(.text)
    DMA1_Channel6_IRQHandler                 0x0800015f   Thumb Code     0  startup_stm32f10x_hd.o(.text)
    DMA1_Channel7_IRQHandler                 0x0800015f   Thumb Code     0  startup_stm32f10x_hd.o(.text)
    DMA2_Channel1_IRQHandler                 0x0800015f   Thumb Code     0  startup_stm32f10x_hd.o(.text)
    DMA2_Channel2_IRQHandler                 0x0800015f   Thumb Code     0  startup_stm32f10x_hd.o(.text)
    DMA2_Channel3_IRQHandler                 0x0800015f   Thumb Code     0  startup_stm32f10x_hd.o(.text)
    DMA2_Channel4_5_IRQHandler               0x0800015f   Thumb Code     0  startup_stm32f10x_hd.o(.text)
    EXTI0_IRQHandler                         0x0800015f   Thumb Code     0  startup_stm32f10x_hd.o(.text)
    EXTI15_10_IRQHandler                     0x0800015f   Thumb Code     0  startup_stm32f10x_hd.o(.text)
    EXTI1_IRQHandler                         0x0800015f   Thumb Code     0  startup_stm32f10x_hd.o(.text)
    EXTI2_IRQHandler                         0x0800015f   Thumb Code     0  startup_stm32f10x_hd.o(.text)
    EXTI3_IRQHandler                         0x0800015f   Thumb Code     0  startup_stm32f10x_hd.o(.text)
    EXTI4_IRQHandler                         0x0800015f   Thumb Code     0  startup_stm32f10x_hd.o(.text)
    EXTI9_5_IRQHandler                       0x0800015f   Thumb Code     0  startup_stm32f10x_hd.o(.text)
    FLASH_IRQHandler                         0x0800015f   Thumb Code     0  startup_stm32f10x_hd.o(.text)
    FSMC_IRQHandler                          0x0800015f   Thumb Code     0  startup_stm32f10x_hd.o(.text)
    I2C1_ER_IRQHandler                       0x0800015f   Thumb Code     0  startup_stm32f10x_hd.o(.text)
    I2C1_EV_IRQHandler                       0x0800015f   Thumb Code     0  startup_stm32f10x_hd.o(.text)
    I2C2_ER_IRQHandler                       0x0800015f   Thumb Code     0  startup_stm32f10x_hd.o(.text)
    I2C2_EV_IRQHandler                       0x0800015f   Thumb Code     0  startup_stm32f10x_hd.o(.text)
    PVD_IRQHandler                           0x0800015f   Thumb Code     0  startup_stm32f10x_hd.o(.text)
    RCC_IRQHandler                           0x0800015f   Thumb Code     0  startup_stm32f10x_hd.o(.text)
    RTCAlarm_IRQHandler                      0x0800015f   Thumb Code     0  startup_stm32f10x_hd.o(.text)
    RTC_IRQHandler                           0x0800015f   Thumb Code     0  startup_stm32f10x_hd.o(.text)
    SDIO_IRQHandler                          0x0800015f   Thumb Code     0  startup_stm32f10x_hd.o(.text)
    SPI1_IRQHandler                          0x0800015f   Thumb Code     0  startup_stm32f10x_hd.o(.text)
    SPI2_IRQHandler                          0x0800015f   Thumb Code     0  startup_stm32f10x_hd.o(.text)
    SPI3_IRQHandler                          0x0800015f   Thumb Code     0  startup_stm32f10x_hd.o(.text)
    TAMPER_IRQHandler                        0x0800015f   Thumb Code     0  startup_stm32f10x_hd.o(.text)
    TIM1_BRK_IRQHandler                      0x0800015f   Thumb Code     0  startup_stm32f10x_hd.o(.text)
    TIM1_CC_IRQHandler                       0x0800015f   Thumb Code     0  startup_stm32f10x_hd.o(.text)
    TIM1_TRG_COM_IRQHandler                  0x0800015f   Thumb Code     0  startup_stm32f10x_hd.o(.text)
    TIM1_UP_IRQHandler                       0x0800015f   Thumb Code     0  startup_stm32f10x_hd.o(.text)
    TIM2_IRQHandler                          0x0800015f   Thumb Code     0  startup_stm32f10x_hd.o(.text)
    TIM3_IRQHandler                          0x0800015f   Thumb Code     0  startup_stm32f10x_hd.o(.text)
    TIM4_IRQHandler                          0x0800015f   Thumb Code     0  startup_stm32f10x_hd.o(.text)
    TIM5_IRQHandler                          0x0800015f   Thumb Code     0  startup_stm32f10x_hd.o(.text)
    TIM6_IRQHandler                          0x0800015f   Thumb Code     0  startup_stm32f10x_hd.o(.text)
    TIM7_IRQHandler                          0x0800015f   Thumb Code     0  startup_stm32f10x_hd.o(.text)
    TIM8_BRK_IRQHandler                      0x0800015f   Thumb Code     0  startup_stm32f10x_hd.o(.text)
    TIM8_CC_IRQHandler                       0x0800015f   Thumb Code     0  startup_stm32f10x_hd.o(.text)
    TIM8_TRG_COM_IRQHandler                  0x0800015f   Thumb Code     0  startup_stm32f10x_hd.o(.text)
    TIM8_UP_IRQHandler                       0x0800015f   Thumb Code     0  startup_stm32f10x_hd.o(.text)
    UART4_IRQHandler                         0x0800015f   Thumb Code     0  startup_stm32f10x_hd.o(.text)
    UART5_IRQHandler                         0x0800015f   Thumb Code     0  startup_stm32f10x_hd.o(.text)
    USART1_IRQHandler                        0x0800015f   Thumb Code     0  startup_stm32f10x_hd.o(.text)
    USART2_IRQHandler                        0x0800015f   Thumb Code     0  startup_stm32f10x_hd.o(.text)
    USART3_IRQHandler                        0x0800015f   Thumb Code     0  startup_stm32f10x_hd.o(.text)
    USBWakeUp_IRQHandler                     0x0800015f   Thumb Code     0  startup_stm32f10x_hd.o(.text)
    USB_HP_CAN1_TX_IRQHandler                0x0800015f   Thumb Code     0  startup_stm32f10x_hd.o(.text)
    USB_LP_CAN1_RX0_IRQHandler               0x0800015f   Thumb Code     0  startup_stm32f10x_hd.o(.text)
    WWDG_IRQHandler                          0x0800015f   Thumb Code     0  startup_stm32f10x_hd.o(.text)
    SystemInit                               0x08000247   Thumb Code    78  system_stm32f10x.o(.text)
    SystemCoreClockUpdate                    0x08000295   Thumb Code   142  system_stm32f10x.o(.text)
    GPIO_DeInit                              0x08000349   Thumb Code   172  stm32f10x_gpio.o(.text)
    GPIO_AFIODeInit                          0x080003f5   Thumb Code    20  stm32f10x_gpio.o(.text)
    GPIO_Init                                0x08000409   Thumb Code   278  stm32f10x_gpio.o(.text)
    GPIO_StructInit                          0x0800051f   Thumb Code    16  stm32f10x_gpio.o(.text)
    GPIO_ReadInputDataBit                    0x0800052f   Thumb Code    18  stm32f10x_gpio.o(.text)
    GPIO_ReadInputData                       0x08000541   Thumb Code     8  stm32f10x_gpio.o(.text)
    GPIO_ReadOutputDataBit                   0x08000549   Thumb Code    18  stm32f10x_gpio.o(.text)
    GPIO_ReadOutputData                      0x0800055b   Thumb Code     8  stm32f10x_gpio.o(.text)
    GPIO_SetBits                             0x08000563   Thumb Code     4  stm32f10x_gpio.o(.text)
    GPIO_ResetBits                           0x08000567   Thumb Code     4  stm32f10x_gpio.o(.text)
    GPIO_WriteBit                            0x0800056b   Thumb Code    10  stm32f10x_gpio.o(.text)
    GPIO_Write                               0x08000575   Thumb Code     4  stm32f10x_gpio.o(.text)
    GPIO_PinLockConfig                       0x08000579   Thumb Code    18  stm32f10x_gpio.o(.text)
    GPIO_EventOutputConfig                   0x0800058b   Thumb Code    26  stm32f10x_gpio.o(.text)
    GPIO_EventOutputCmd                      0x080005a5   Thumb Code     6  stm32f10x_gpio.o(.text)
    GPIO_PinRemapConfig                      0x080005ab   Thumb Code   138  stm32f10x_gpio.o(.text)
    GPIO_EXTILineConfig                      0x08000635   Thumb Code    66  stm32f10x_gpio.o(.text)
    GPIO_ETH_MediaInterfaceConfig            0x08000677   Thumb Code     8  stm32f10x_gpio.o(.text)
    RCC_DeInit                               0x080006a5   Thumb Code    64  stm32f10x_rcc.o(.text)
    RCC_HSEConfig                            0x080006e5   Thumb Code    70  stm32f10x_rcc.o(.text)
    RCC_GetFlagStatus                        0x0800072b   Thumb Code    56  stm32f10x_rcc.o(.text)
    RCC_WaitForHSEStartUp                    0x08000763   Thumb Code    56  stm32f10x_rcc.o(.text)
    RCC_AdjustHSICalibrationValue            0x0800079b   Thumb Code    20  stm32f10x_rcc.o(.text)
    RCC_HSICmd                               0x080007af   Thumb Code     6  stm32f10x_rcc.o(.text)
    RCC_PLLConfig                            0x080007b5   Thumb Code    24  stm32f10x_rcc.o(.text)
    RCC_PLLCmd                               0x080007cd   Thumb Code     6  stm32f10x_rcc.o(.text)
    RCC_SYSCLKConfig                         0x080007d3   Thumb Code    18  stm32f10x_rcc.o(.text)
    RCC_GetSYSCLKSource                      0x080007e5   Thumb Code    10  stm32f10x_rcc.o(.text)
    RCC_HCLKConfig                           0x080007ef   Thumb Code    18  stm32f10x_rcc.o(.text)
    RCC_PCLK1Config                          0x08000801   Thumb Code    18  stm32f10x_rcc.o(.text)
    RCC_PCLK2Config                          0x08000813   Thumb Code    20  stm32f10x_rcc.o(.text)
    RCC_ITConfig                             0x08000827   Thumb Code    26  stm32f10x_rcc.o(.text)
    RCC_USBCLKConfig                         0x08000841   Thumb Code     8  stm32f10x_rcc.o(.text)
    RCC_ADCCLKConfig                         0x08000849   Thumb Code    18  stm32f10x_rcc.o(.text)
    RCC_LSEConfig                            0x0800085b   Thumb Code    50  stm32f10x_rcc.o(.text)
    RCC_LSICmd                               0x0800088d   Thumb Code     6  stm32f10x_rcc.o(.text)
    RCC_RTCCLKConfig                         0x08000893   Thumb Code    12  stm32f10x_rcc.o(.text)
    RCC_RTCCLKCmd                            0x0800089f   Thumb Code     8  stm32f10x_rcc.o(.text)
    RCC_GetClocksFreq                        0x080008a7   Thumb Code   192  stm32f10x_rcc.o(.text)
    RCC_AHBPeriphClockCmd                    0x08000967   Thumb Code    26  stm32f10x_rcc.o(.text)
    RCC_APB2PeriphClockCmd                   0x08000981   Thumb Code    26  stm32f10x_rcc.o(.text)
    RCC_APB1PeriphClockCmd                   0x0800099b   Thumb Code    26  stm32f10x_rcc.o(.text)
    RCC_APB2PeriphResetCmd                   0x080009b5   Thumb Code    26  stm32f10x_rcc.o(.text)
    RCC_APB1PeriphResetCmd                   0x080009cf   Thumb Code    26  stm32f10x_rcc.o(.text)
    RCC_BackupResetCmd                       0x080009e9   Thumb Code     8  stm32f10x_rcc.o(.text)
    RCC_ClockSecuritySystemCmd               0x080009f1   Thumb Code     6  stm32f10x_rcc.o(.text)
    RCC_MCOConfig                            0x080009f7   Thumb Code     6  stm32f10x_rcc.o(.text)
    RCC_ClearFlag                            0x080009fd   Thumb Code    14  stm32f10x_rcc.o(.text)
    RCC_GetITStatus                          0x08000a0b   Thumb Code    20  stm32f10x_rcc.o(.text)
    RCC_ClearITPendingBit                    0x08000a1f   Thumb Code     6  stm32f10x_rcc.o(.text)
    USART_DeInit                             0x08000a49   Thumb Code   134  stm32f10x_usart.o(.text)
    USART_Init                               0x08000acf   Thumb Code   210  stm32f10x_usart.o(.text)
    USART_StructInit                         0x08000ba1   Thumb Code    24  stm32f10x_usart.o(.text)
    USART_ClockInit                          0x08000bb9   Thumb Code    34  stm32f10x_usart.o(.text)
    USART_ClockStructInit                    0x08000bdb   Thumb Code    12  stm32f10x_usart.o(.text)
    USART_Cmd                                0x08000be7   Thumb Code    24  stm32f10x_usart.o(.text)
    USART_ITConfig                           0x08000bff   Thumb Code    74  stm32f10x_usart.o(.text)
    USART_DMACmd                             0x08000c49   Thumb Code    18  stm32f10x_usart.o(.text)
    USART_SetAddress                         0x08000c5b   Thumb Code    18  stm32f10x_usart.o(.text)
    USART_WakeUpConfig                       0x08000c6d   Thumb Code    18  stm32f10x_usart.o(.text)
    USART_ReceiverWakeUpCmd                  0x08000c7f   Thumb Code    24  stm32f10x_usart.o(.text)
    USART_LINBreakDetectLengthConfig         0x08000c97   Thumb Code    18  stm32f10x_usart.o(.text)
    USART_LINCmd                             0x08000ca9   Thumb Code    24  stm32f10x_usart.o(.text)
    USART_SendData                           0x08000cc1   Thumb Code     8  stm32f10x_usart.o(.text)
    USART_ReceiveData                        0x08000cc9   Thumb Code    10  stm32f10x_usart.o(.text)
    USART_SendBreak                          0x08000cd3   Thumb Code    10  stm32f10x_usart.o(.text)
    USART_SetGuardTime                       0x08000cdd   Thumb Code    16  stm32f10x_usart.o(.text)
    USART_SetPrescaler                       0x08000ced   Thumb Code    16  stm32f10x_usart.o(.text)
    USART_SmartCardCmd                       0x08000cfd   Thumb Code    24  stm32f10x_usart.o(.text)
    USART_SmartCardNACKCmd                   0x08000d15   Thumb Code    24  stm32f10x_usart.o(.text)
    USART_HalfDuplexCmd                      0x08000d2d   Thumb Code    24  stm32f10x_usart.o(.text)
    USART_OverSampling8Cmd                   0x08000d45   Thumb Code    22  stm32f10x_usart.o(.text)
    USART_OneBitMethodCmd                    0x08000d5b   Thumb Code    24  stm32f10x_usart.o(.text)
    USART_IrDAConfig                         0x08000d73   Thumb Code    18  stm32f10x_usart.o(.text)
    USART_IrDACmd                            0x08000d85   Thumb Code    24  stm32f10x_usart.o(.text)
    USART_GetFlagStatus                      0x08000d9d   Thumb Code    26  stm32f10x_usart.o(.text)
    USART_ClearFlag                          0x08000db7   Thumb Code    18  stm32f10x_usart.o(.text)
    USART_GetITStatus                        0x08000dc9   Thumb Code    84  stm32f10x_usart.o(.text)
    USART_ClearITPendingBit                  0x08000e1d   Thumb Code    52  stm32f10x_usart.o(.text)
    $Super$$main                             0x08000f79   Thumb Code   190  main.o(.text)
    Delay                                    0x08001037   Thumb Code    18  main.o(.text)
    NMI_Handler                              0x08001215   Thumb Code     2  stm32f10x_it.o(.text)
    MemManage_Handler                        0x08001217   Thumb Code     4  stm32f10x_it.o(.text)
    BusFault_Handler                         0x0800121b   Thumb Code     4  stm32f10x_it.o(.text)
    UsageFault_Handler                       0x0800121f   Thumb Code     4  stm32f10x_it.o(.text)
    SVC_Handler                              0x08001223   Thumb Code     2  stm32f10x_it.o(.text)
    DebugMon_Handler                         0x08001225   Thumb Code     2  stm32f10x_it.o(.text)
    rt_heap_begin_get                        0x08001229   Thumb Code     4  board.o(.text)
    rt_heap_end_get                          0x0800122d   Thumb Code     4  board.o(.text)
    rt_hw_board_init                         0x08001231   Thumb Code   118  board.o(.text)
    rt_hw_console_output                     0x080012a7   Thumb Code    74  board.o(.text)
    SysTick_Handler                          0x080012f1   Thumb Code    16  board.o(.text)
    LED_GPIO_Config                          0x08001319   Thumb Code    90  bsp_led.o(.text)
    Key_GPIO_Config                          0x0800137d   Thumb Code    68  bsp_key.o(.text)
    key_scan                                 0x080013c1   Thumb Code   104  bsp_key.o(.text)
    USART_Config                             0x08001431   Thumb Code   120  bsp_usart.o(.text)
    Usart_SendByte                           0x080014a9   Thumb Code    30  bsp_usart.o(.text)
    Usart_SendArray                          0x080014c7   Thumb Code    48  bsp_usart.o(.text)
    Usart_SendString                         0x080014f7   Thumb Code    42  bsp_usart.o(.text)
    Usart_SendHalfWord                       0x08001521   Thumb Code    60  bsp_usart.o(.text)
    fputc                                    0x0800155d   Thumb Code    32  bsp_usart.o(.text)
    fgetc                                    0x0800157d   Thumb Code    26  bsp_usart.o(.text)
    rt_system_tick_init                      0x080015a1   Thumb Code     2  clock.o(.text)
    rt_tick_get                              0x080015a3   Thumb Code     6  clock.o(.text)
    rt_tick_set                              0x080015a9   Thumb Code    22  clock.o(.text)
    rt_tick_increase                         0x080015bf   Thumb Code    42  clock.o(.text)
    rt_tick_from_millisecond                 0x080015e9   Thumb Code    32  clock.o(.text)
    rt_components_board_init                 0x0800161d   Thumb Code    20  components.o(.text)
    rt_components_init                       0x08001631   Thumb Code    20  components.o(.text)
    main_thread_entry                        0x08001645   Thumb Code    14  components.o(.text)
    rt_application_init                      0x08001653   Thumb Code    48  components.o(.text)
    rtthread_startup                         0x08001683   Thumb Code    38  components.o(.text)
    main                                     0x080016a9   Thumb Code    14  components.o(.text)
    rt_thread_idle_excute                    0x080016e1   Thumb Code   168  idle.o(.text)
    rt_thread_idle_init                      0x08001791   Thumb Code    38  idle.o(.text)
    rt_thread_idle_gethandler                0x080017b7   Thumb Code     4  idle.o(.text)
    rt_sem_init                              0x080018c1   Thumb Code    50  ipc.o(.text)
    rt_sem_detach                            0x080018f3   Thumb Code    34  ipc.o(.text)
    rt_sem_create                            0x08001915   Thumb Code    84  ipc.o(.text)
    rt_sem_delete                            0x08001969   Thumb Code    78  ipc.o(.text)
    rt_sem_take                              0x080019b7   Thumb Code   230  ipc.o(.text)
    rt_sem_trytake                           0x08001a9d   Thumb Code    14  ipc.o(.text)
    rt_sem_release                           0x08001aab   Thumb Code    62  ipc.o(.text)
    rt_sem_control                           0x08001ae9   Thumb Code    68  ipc.o(.text)
    rt_mutex_init                            0x08001b2d   Thumb Code    58  ipc.o(.text)
    rt_mutex_detach                          0x08001b67   Thumb Code    36  ipc.o(.text)
    rt_mutex_create                          0x08001b8b   Thumb Code    96  ipc.o(.text)
    rt_mutex_delete                          0x08001beb   Thumb Code    78  ipc.o(.text)
    rt_mutex_take                            0x08001c39   Thumb Code   488  ipc.o(.text)
    rt_mutex_release                         0x08001e21   Thumb Code   254  ipc.o(.text)
    rt_mutex_control                         0x08001f1f   Thumb Code     8  ipc.o(.text)
    rt_event_init                            0x08001f27   Thumb Code    46  ipc.o(.text)
    rt_event_detach                          0x08001f55   Thumb Code    36  ipc.o(.text)
    rt_event_create                          0x08001f79   Thumb Code    88  ipc.o(.text)
    rt_event_delete                          0x08001fd1   Thumb Code    82  ipc.o(.text)
    rt_event_send                            0x08002023   Thumb Code   192  ipc.o(.text)
    rt_event_recv                            0x080020e3   Thumb Code   394  ipc.o(.text)
    rt_event_control                         0x0800226d   Thumb Code    70  ipc.o(.text)
    rt_mb_init                               0x080022b3   Thumb Code    76  ipc.o(.text)
    rt_mb_detach                             0x080022ff   Thumb Code    44  ipc.o(.text)
    rt_mb_create                             0x0800232b   Thumb Code   128  ipc.o(.text)
    rt_mb_delete                             0x080023ab   Thumb Code    96  ipc.o(.text)
    rt_mb_send_wait                          0x0800240b   Thumb Code   356  ipc.o(.text)
    rt_mb_send                               0x0800256f   Thumb Code    18  ipc.o(.text)
    rt_mb_recv                               0x08002581   Thumb Code   402  ipc.o(.text)
    rt_mb_control                            0x08002713   Thumb Code    82  ipc.o(.text)
    rt_mq_init                               0x08002765   Thumb Code   118  ipc.o(.text)
    rt_mq_detach                             0x080027db   Thumb Code    36  ipc.o(.text)
    rt_mq_delete                             0x080027ff   Thumb Code    88  ipc.o(.text)
    rt_mq_create                             0x08002857   Thumb Code   174  ipc.o(.text)
    rt_mq_send                               0x08002905   Thumb Code   182  ipc.o(.text)
    rt_mq_urgent                             0x080029bb   Thumb Code   174  ipc.o(.text)
    rt_mq_recv                               0x08002a69   Thumb Code   476  ipc.o(.text)
    rt_mq_control                            0x08002c45   Thumb Code    98  ipc.o(.text)
    rt_interrupt_enter                       0x08002ce9   Thumb Code    30  irq.o(.text)
    rt_interrupt_leave                       0x08002d07   Thumb Code    30  irq.o(.text)
    rt_interrupt_get_nest                    0x08002d25   Thumb Code     6  irq.o(.text)
    rt_get_errno                             0x08002d31   Thumb Code    32  kservice.o(.text)
    rt_set_errno                             0x08002d51   Thumb Code    36  kservice.o(.text)
    _rt_errno                                0x08002d75   Thumb Code    30  kservice.o(.text)
    rt_memset                                0x08002d93   Thumb Code    72  kservice.o(.text)
    rt_memcpy                                0x08002ddb   Thumb Code   124  kservice.o(.text)
    rt_memmove                               0x08002e57   Thumb Code    66  kservice.o(.text)
    rt_memcmp                                0x08002e99   Thumb Code    38  kservice.o(.text)
    rt_strlen                                0x08002ebf   Thumb Code    18  kservice.o(.text)
    rt_strstr                                0x08002ed1   Thumb Code    58  kservice.o(.text)
    rt_strcasecmp                            0x08002f0b   Thumb Code    48  kservice.o(.text)
    rt_strncpy                               0x08002f3b   Thumb Code    52  kservice.o(.text)
    rt_strncmp                               0x08002f6f   Thumb Code    40  kservice.o(.text)
    rt_strcmp                                0x08002f97   Thumb Code    28  kservice.o(.text)
    rt_strnlen                               0x08002fb3   Thumb Code    24  kservice.o(.text)
    rt_strdup                                0x08002fcb   Thumb Code    40  kservice.o(.text)
    rt_vsnprintf                             0x080031ab   Thumb Code   800  kservice.o(.text)
    rt_kprintf                               0x080034cb   Thumb Code    44  kservice.o(.text)
    rt_show_version                          0x080034f7   Thumb Code    38  kservice.o(.text)
    rt_snprintf                              0x0800351d   Thumb Code    38  kservice.o(.text)
    rt_vsprintf                              0x08003543   Thumb Code    22  kservice.o(.text)
    rt_sprintf                               0x08003559   Thumb Code    34  kservice.o(.text)
    rt_kputs                                 0x0800357b   Thumb Code    18  kservice.o(.text)
    rt_malloc_align                          0x0800358d   Thumb Code    66  kservice.o(.text)
    rt_free_align                            0x080035cf   Thumb Code    16  kservice.o(.text)
    __rt_ffs                                 0x080035df   Thumb Code    70  kservice.o(.text)
    rt_assert_set_hook                       0x08003625   Thumb Code     6  kservice.o(.text)
    rt_assert_handler                        0x0800362b   Thumb Code    56  kservice.o(.text)
    rt_system_heap_init                      0x080037d9   Thumb Code   204  mem.o(.text)
    rt_malloc                                0x080038a5   Thumb Code   500  mem.o(.text)
    rt_free                                  0x08003a99   Thumb Code   666  mem.o(.text)
    rt_realloc                               0x08003d33   Thumb Code   324  mem.o(.text)
    rt_calloc                                0x08003e77   Thumb Code    84  mem.o(.text)
    rt_memory_info                           0x08003ecb   Thumb Code    26  mem.o(.text)
    rt_system_object_init                    0x08003fa1   Thumb Code     2  object.o(.text)
    rt_object_get_information                0x08003fa3   Thumb Code    36  object.o(.text)
    rt_object_init                           0x08003fc7   Thumb Code    74  object.o(.text)
    rt_object_detach                         0x08004011   Thumb Code    40  object.o(.text)
    rt_object_allocate                       0x08004039   Thumb Code   130  object.o(.text)
    rt_object_delete                         0x080040bb   Thumb Code    66  object.o(.text)
    rt_object_is_systemobject                0x080040fd   Thumb Code    34  object.o(.text)
    rt_object_find                           0x0800411f   Thumb Code   142  object.o(.text)
    rt_system_scheduler_init                 0x080042a3   Thumb Code    56  scheduler.o(.text)
    rt_system_scheduler_start                0x080042db   Thumb Code    36  scheduler.o(.text)
    rt_schedule                              0x080042ff   Thumb Code   134  scheduler.o(.text)
    rt_schedule_insert_thread                0x08004385   Thumb Code    90  scheduler.o(.text)
    rt_schedule_remove_thread                0x080043df   Thumb Code    94  scheduler.o(.text)
    rt_enter_critical                        0x0800443d   Thumb Code    28  scheduler.o(.text)
    rt_exit_critical                         0x08004459   Thumb Code    54  scheduler.o(.text)
    rt_critical_level                        0x0800448f   Thumb Code     8  scheduler.o(.text)
    rt_thread_exit                           0x0800454d   Thumb Code    76  thread.o(.text)
    rt_thread_timeout                        0x08004599   Thumb Code    70  thread.o(.text)
    rt_thread_init                           0x0800466d   Thumb Code    74  thread.o(.text)
    rt_thread_self                           0x080046b7   Thumb Code     6  thread.o(.text)
    rt_thread_resume                         0x080046bd   Thumb Code    82  thread.o(.text)
    rt_thread_startup                        0x0800470f   Thumb Code    88  thread.o(.text)
    rt_thread_detach                         0x08004767   Thumb Code    84  thread.o(.text)
    rt_thread_create                         0x080047bb   Thumb Code    80  thread.o(.text)
    rt_thread_delete                         0x0800480b   Thumb Code    74  thread.o(.text)
    rt_thread_yield                          0x08004855   Thumb Code    92  thread.o(.text)
    rt_thread_suspend                        0x080048b1   Thumb Code    90  thread.o(.text)
    rt_thread_sleep                          0x0800490b   Thumb Code   324  thread.o(.text)
    rt_thread_delay                          0x08004a4f   Thumb Code    12  thread.o(.text)
    rt_thread_control                        0x08004a5b   Thumb Code   134  thread.o(.text)
    rt_thread_find                           0x08004ae1   Thumb Code    96  thread.o(.text)
    rt_timer_init                            0x08004bfb   Thumb Code    58  timer.o(.text)
    rt_timer_detach                          0x08004c35   Thumb Code    44  timer.o(.text)
    rt_timer_create                          0x08004c61   Thumb Code    54  timer.o(.text)
    rt_timer_delete                          0x08004c97   Thumb Code    46  timer.o(.text)
    rt_timer_start                           0x08004cc5   Thumb Code   274  timer.o(.text)
    rt_timer_stop                            0x08004dd7   Thumb Code    62  timer.o(.text)
    rt_timer_control                         0x08004e15   Thumb Code    76  timer.o(.text)
    rt_timer_check                           0x08004e61   Thumb Code   130  timer.o(.text)
    rt_timer_next_timeout_tick               0x08004ee3   Thumb Code    10  timer.o(.text)
    rt_system_timer_init                     0x08004eed   Thumb Code    24  timer.o(.text)
    rt_system_timer_thread_init              0x08004f05   Thumb Code     2  timer.o(.text)
    rt_hw_interrupt_disable                  0x08004f75   Thumb Code     8  context_rvds.o(.text)
    rt_hw_interrupt_enable                   0x08004f7d   Thumb Code     6  context_rvds.o(.text)
    rt_hw_context_switch                     0x08004f83   Thumb Code    32  context_rvds.o(.text)
    rt_hw_context_switch_interrupt           0x08004f83   Thumb Code     0  context_rvds.o(.text)
    PendSV_Handler                           0x08004fa3   Thumb Code    60  context_rvds.o(.text)
    rt_hw_context_switch_to                  0x08004fdf   Thumb Code    58  context_rvds.o(.text)
    rt_hw_interrupt_thread_switch            0x08005019   Thumb Code     2  context_rvds.o(.text)
    HardFault_Handler                        0x0800501b   Thumb Code    48  context_rvds.o(.text)
    rt_hw_stack_init                         0x08005065   Thumb Code    70  cpuport.o(.text)
    rt_hw_exception_install                  0x080050ab   Thumb Code     6  cpuport.o(.text)
    rt_hw_hard_fault_exception               0x080050b1   Thumb Code   190  cpuport.o(.text)
    rt_hw_cpu_shutdown                       0x0800516f   Thumb Code    22  cpuport.o(.text)
    __scatterload                            0x080052e1   Thumb Code    28  init.o(.text)
    __scatterload_rt2                        0x080052e1   Thumb Code     0  init.o(.text)
    __scatterload_copy                       0x08005305   Thumb Code    14  handlers.o(i.__scatterload_copy)
    __scatterload_null                       0x08005313   Thumb Code     2  handlers.o(i.__scatterload_null)
    __scatterload_zeroinit                   0x08005315   Thumb Code    14  handlers.o(i.__scatterload_zeroinit)
    __lowest_bit_bitmap                      0x08005523   Data         256  kservice.o(.constdata)
    __rt_init_rti_start                      0x08005960   Data           4  components.o(.rti_fn.0)
    __rt_init_rti_board_start                0x08005964   Data           4  components.o(.rti_fn.0.end)
    __rt_init_rti_board_end                  0x08005968   Data           4  components.o(.rti_fn.1.end)
    __rt_init_rti_end                        0x0800596c   Data           4  components.o(.rti_fn.6.end)
    Region$$Table$$Base                      0x08005970   Number         0  anon$$obj.o(Region$$Table)
    Region$$Table$$Limit                     0x08005990   Number         0  anon$$obj.o(Region$$Table)
    SystemCoreClock                          0x20000000   Data           4  system_stm32f10x.o(.data)
    AHBPrescTable                            0x20000004   Data          16  system_stm32f10x.o(.data)
    ucValue                                  0x20000028   Data           2  main.o(.data)
    rt_interrupt_nest                        0x2000004c   Data           1  irq.o(.data)
    rt_assert_hook                           0x20000054   Data           4  kservice.o(.data)
    rt_current_thread                        0x200000e4   Data           4  scheduler.o(.data)
    rt_current_priority                      0x200000e8   Data           1  scheduler.o(.data)
    rt_thread_ready_priority_group           0x200000ec   Data           4  scheduler.o(.data)
    rt_thread_defunct                        0x200000f0   Data           8  scheduler.o(.data)
    rt_interrupt_from_thread                 0x20000104   Data           4  cpuport.o(.data)
    rt_interrupt_to_thread                   0x20000108   Data           4  cpuport.o(.data)
    rt_thread_switch_interrupt_flag          0x2000010c   Data           4  cpuport.o(.data)
    rt_thread_priority_table                 0x20008334   Data         256  scheduler.o(.bss)
    __initial_sp                             0x20008838   Data           0  startup_stm32f10x_hd.o(STACK)



==============================================================================

Memory Map of the image

  Image Entry point : 0x08000131

  Load Region LR_IROM1 (Base: 0x08000000, Size: 0x00005aa4, Max: 0x00080000, ABSOLUTE)

    Execution Region ER_IROM1 (Exec base: 0x08000000, Load base: 0x08000000, Size: 0x00005990, Max: 0x00080000, ABSOLUTE)

    Exec Addr    Load Addr    Size         Type   Attr      Idx    E Section Name        Object

    0x08000000   0x08000000   0x00000130   Data   RO            3    RESET               startup_stm32f10x_hd.o
    0x08000130   0x08000130   0x00000000   Code   RO          824  * .ARM.Collect$$$$00000000  mc_w.l(entry.o)
    0x08000130   0x08000130   0x00000004   Code   RO          827    .ARM.Collect$$$$00000001  mc_w.l(entry2.o)
    0x08000134   0x08000134   0x00000004   Code   RO          830    .ARM.Collect$$$$00000004  mc_w.l(entry5.o)
    0x08000138   0x08000138   0x00000000   Code   RO          832    .ARM.Collect$$$$00000008  mc_w.l(entry7b.o)
    0x08000138   0x08000138   0x00000000   Code   RO          834    .ARM.Collect$$$$0000000A  mc_w.l(entry8b.o)
    0x08000138   0x08000138   0x00000008   Code   RO          835    .ARM.Collect$$$$0000000B  mc_w.l(entry9a.o)
    0x08000140   0x08000140   0x00000000   Code   RO          837    .ARM.Collect$$$$0000000D  mc_w.l(entry10a.o)
    0x08000140   0x08000140   0x00000000   Code   RO          839    .ARM.Collect$$$$0000000F  mc_w.l(entry11a.o)
    0x08000140   0x08000140   0x00000004   Code   RO          828    .ARM.Collect$$$$00002712  mc_w.l(entry2.o)
    0x08000144   0x08000144   0x00000024   Code   RO            4    .text               startup_stm32f10x_hd.o
    0x08000168   0x08000168   0x000001e0   Code   RO           10    .text               system_stm32f10x.o
    0x08000348   0x08000348   0x0000035c   Code   RO          259    .text               stm32f10x_gpio.o
    0x080006a4   0x080006a4   0x000003a4   Code   RO          307    .text               stm32f10x_rcc.o
    0x08000a48   0x08000a48   0x00000408   Code   RO          369    .text               stm32f10x_usart.o
    0x08000e50   0x08000e50   0x000003c4   Code   RO          393    .text               main.o
    0x08001214   0x08001214   0x00000012   Code   RO          476    .text               stm32f10x_it.o
    0x08001226   0x08001226   0x00000002   PAD
    0x08001228   0x08001228   0x000000f0   Code   RO          491    .text               board.o
    0x08001318   0x08001318   0x00000064   Code   RO          512    .text               bsp_led.o
    0x0800137c   0x0800137c   0x000000b4   Code   RO          524    .text               bsp_key.o
    0x08001430   0x08001430   0x00000170   Code   RO          552    .text               bsp_usart.o
    0x080015a0   0x080015a0   0x0000006c   Code   RO          568    .text               clock.o
    0x0800160c   0x0800160c   0x000000d4   Code   RO          588    .text               components.o
    0x080016e0   0x080016e0   0x00000134   Code   RO          613    .text               idle.o
    0x08001814   0x08001814   0x000014d4   Code   RO          632    .text               ipc.o
    0x08002ce8   0x08002ce8   0x00000048   Code   RO          648    .text               irq.o
    0x08002d30   0x08002d30   0x00000a08   Code   RO          663    .text               kservice.o
    0x08003738   0x08003738   0x00000848   Code   RO          683    .text               mem.o
    0x08003f80   0x08003f80   0x000002cc   Code   RO          712    .text               object.o
    0x0800424c   0x0800424c   0x000002e0   Code   RO          730    .text               scheduler.o
    0x0800452c   0x0800452c   0x00000634   Code   RO          769    .text               thread.o
    0x08004b60   0x08004b60   0x00000414   Code   RO          786    .text               timer.o
    0x08004f74   0x08004f74   0x000000f0   Code   RO          804    .text               context_rvds.o
    0x08005064   0x08005064   0x0000027c   Code   RO          808    .text               cpuport.o
    0x080052e0   0x080052e0   0x00000024   Code   RO          841    .text               mc_w.l(init.o)
    0x08005304   0x08005304   0x0000000e   Code   RO          845    i.__scatterload_copy  mc_w.l(handlers.o)
    0x08005312   0x08005312   0x00000002   Code   RO          846    i.__scatterload_null  mc_w.l(handlers.o)
    0x08005314   0x08005314   0x0000000e   Code   RO          847    i.__scatterload_zeroinit  mc_w.l(handlers.o)
    0x08005322   0x08005322   0x00000014   Data   RO          589    .constdata          components.o
    0x08005336   0x08005336   0x00000016   Data   RO          615    .constdata          idle.o
    0x0800534c   0x0800534c   0x000001d7   Data   RO          633    .constdata          ipc.o
    0x08005523   0x08005523   0x00000122   Data   RO          665    .constdata          kservice.o
    0x08005645   0x08005645   0x00000046   Data   RO          685    .constdata          mem.o
    0x0800568b   0x0800568b   0x0000006d   Data   RO          713    .constdata          object.o
    0x080056f8   0x080056f8   0x0000004e   Data   RO          732    .constdata          scheduler.o
    0x08005746   0x08005746   0x000000b9   Data   RO          770    .constdata          thread.o
    0x080057ff   0x080057ff   0x0000005c   Data   RO          787    .constdata          timer.o
    0x0800585b   0x0800585b   0x00000013   Data   RO          809    .constdata          cpuport.o
    0x0800586e   0x0800586e   0x00000002   PAD
    0x08005870   0x08005870   0x000000ed   Data   RO          686    .conststring        mem.o
    0x0800595d   0x0800595d   0x00000003   PAD
    0x08005960   0x08005960   0x00000004   Data   RO          590    .rti_fn.0           components.o
    0x08005964   0x08005964   0x00000004   Data   RO          591    .rti_fn.0.end       components.o
    0x08005968   0x08005968   0x00000004   Data   RO          592    .rti_fn.1.end       components.o
    0x0800596c   0x0800596c   0x00000004   Data   RO          593    .rti_fn.6.end       components.o
    0x08005970   0x08005970   0x00000020   Data   RO          843    Region$$Table       anon$$obj.o


    Execution Region RW_IRAM1 (Exec base: 0x20000000, Load base: 0x08005990, Size: 0x00008838, Max: 0x00010000, ABSOLUTE)

    Exec Addr    Load Addr    Size         Type   Attr      Idx    E Section Name        Object

    0x20000000   0x08005990   0x00000014   Data   RW           11    .data               system_stm32f10x.o
    0x20000014   0x080059a4   0x00000014   Data   RW          308    .data               stm32f10x_rcc.o
    0x20000028   0x080059b8   0x0000001c   Data   RW          394    .data               main.o
    0x20000044   0x080059d4   0x00000001   Data   RW          525    .data               bsp_key.o
    0x20000045   0x080059d5   0x00000003   PAD
    0x20000048   0x080059d8   0x00000004   Data   RW          569    .data               clock.o
    0x2000004c   0x080059dc   0x00000001   Data   RW          649    .data               irq.o
    0x2000004d   0x080059dd   0x00000003   PAD
    0x20000050   0x080059e0   0x00000008   Data   RW          666    .data               kservice.o
    0x20000058   0x080059e8   0x00000018   Data   RW          687    .data               mem.o
    0x20000070   0x08005a00   0x00000070   Data   RW          714    .data               object.o
    0x200000e0   0x08005a70   0x00000018   Data   RW          733    .data               scheduler.o
    0x200000f8   0x08005a88   0x0000000c   Data   RW          788    .data               timer.o
    0x20000104   0x08005a94   0x00000010   Data   RW          810    .data               cpuport.o
    0x20000114        -       0x00008000   Zero   RW          492    .bss                board.o
    0x20008114        -       0x00000180   Zero   RW          614    .bss                idle.o
    0x20008294        -       0x00000080   Zero   RW          664    .bss                kservice.o
    0x20008314        -       0x00000020   Zero   RW          684    .bss                mem.o
    0x20008334        -       0x00000100   Zero   RW          731    .bss                scheduler.o
    0x20008434   0x08005aa4   0x00000004   PAD
    0x20008438        -       0x00000400   Zero   RW            1    STACK               startup_stm32f10x_hd.o


==============================================================================

Image component sizes


      Code (inc. data)   RO Data    RW Data    ZI Data      Debug   Object Name

       240         24          0          0      32768      17029   board.o
       180          8          0          1          0        815   bsp_key.o
       100         10          0          0          0        530   bsp_led.o
       368         10          0          0          0       3686   bsp_usart.o
       108          4          0          4          0       1476   clock.o
       212         42         36          0          0       2666   components.o
       240         26          0          0          0        804   context_rvds.o
       636        348         19         16          0       3307   cpuport.o
       308         74         22          0        384       4394   idle.o
      5332        362        471          0          0      21215   ipc.o
        72          6          0          1          0       1470   irq.o
      2568        226        290          8        128      11696   kservice.o
       964        460          0         28          0       8407   main.o
      2120        558        307         24         32       4736   mem.o
       716        160        109        112          0       6399   object.o
       736        144         78         24        256       6068   scheduler.o
        36          8        304          0       1024        876   startup_stm32f10x_hd.o
       860         38          0          0          0       5765   stm32f10x_gpio.o
        18          0          0          0          0        929   stm32f10x_it.o
       932         36          0         20          0       8956   stm32f10x_rcc.o
      1032         22          0          0          0       8496   stm32f10x_usart.o
       480         38          0         20          0     232787   system_stm32f10x.o
      1588        278        185          0          0       9073   thread.o
      1044         88         92         12          0       7897   timer.o

    ----------------------------------------------------------------------
     20892       2970       1950        276      34596     369477   Object Totals
         0          0         32          0          0          0   (incl. Generated)
         2          0          5          6          4          0   (incl. Padding)

    ----------------------------------------------------------------------

      Code (inc. data)   RO Data    RW Data    ZI Data      Debug   Library Member Name

         0          0          0          0          0          0   entry.o
         0          0          0          0          0          0   entry10a.o
         0          0          0          0          0          0   entry11a.o
         8          4          0          0          0          0   entry2.o
         4          0          0          0          0          0   entry5.o
         0          0          0          0          0          0   entry7b.o
         0          0          0          0          0          0   entry8b.o
         8          4          0          0          0          0   entry9a.o
        30          0          0          0          0          0   handlers.o
        36          8          0          0          0         68   init.o

    ----------------------------------------------------------------------
        86         16          0          0          0         68   Library Totals
         0          0          0          0          0          0   (incl. Padding)

    ----------------------------------------------------------------------

      Code (inc. data)   RO Data    RW Data    ZI Data      Debug   Library Name

        86         16          0          0          0         68   mc_w.l

    ----------------------------------------------------------------------
        86         16          0          0          0         68   Library Totals

    ----------------------------------------------------------------------

==============================================================================


      Code (inc. data)   RO Data    RW Data    ZI Data      Debug   

     20978       2986       1950        276      34596     367773   Grand Totals
     20978       2986       1950        276      34596     367773   ELF Image Totals
     20978       2986       1950        276          0          0   ROM Totals

==============================================================================

    Total RO  Size (Code + RO Data)                22928 (  22.39kB)
    Total RW  Size (RW Data + ZI Data)             34872 (  34.05kB)
    Total ROM Size (Code + RO Data + RW Data)      23204 (  22.66kB)

==============================================================================

